Archive member included to satisfy reference by file (symbol)

/home/kbisland/Ac6/SystemWorkbench/plugins/fr.ac6.mcu.externaltools.arm-none.linux64_1.16.0.201807130628/tools/compiler/bin/../lib/gcc/arm-none-eabi/7.2.1/thumb/v7e-m/fpv5/hard/libgcc.a(_aeabi_uldivmod.o)
                              Drivers/STM32H7xx_HAL_Driver/Src/stm32h7xx_hal_uart.o (__aeabi_uldivmod)
/home/kbisland/Ac6/SystemWorkbench/plugins/fr.ac6.mcu.externaltools.arm-none.linux64_1.16.0.201807130628/tools/compiler/bin/../lib/gcc/arm-none-eabi/7.2.1/thumb/v7e-m/fpv5/hard/libgcc.a(_udivmoddi4.o)
                              /home/kbisland/Ac6/SystemWorkbench/plugins/fr.ac6.mcu.externaltools.arm-none.linux64_1.16.0.201807130628/tools/compiler/bin/../lib/gcc/arm-none-eabi/7.2.1/thumb/v7e-m/fpv5/hard/libgcc.a(_aeabi_uldivmod.o) (__udivmoddi4)
/home/kbisland/Ac6/SystemWorkbench/plugins/fr.ac6.mcu.externaltools.arm-none.linux64_1.16.0.201807130628/tools/compiler/bin/../lib/gcc/arm-none-eabi/7.2.1/thumb/v7e-m/fpv5/hard/libgcc.a(_dvmd_tls.o)
                              /home/kbisland/Ac6/SystemWorkbench/plugins/fr.ac6.mcu.externaltools.arm-none.linux64_1.16.0.201807130628/tools/compiler/bin/../lib/gcc/arm-none-eabi/7.2.1/thumb/v7e-m/fpv5/hard/libgcc.a(_aeabi_uldivmod.o) (__aeabi_ldiv0)
/home/kbisland/Ac6/SystemWorkbench/plugins/fr.ac6.mcu.externaltools.arm-none.linux64_1.16.0.201807130628/tools/compiler/bin/../lib/gcc/arm-none-eabi/7.2.1/../../../../arm-none-eabi/lib/thumb/v7e-m/fpv5/hard/libc_nano.a(lib_a-exit.o)
                              /home/kbisland/Ac6/SystemWorkbench/plugins/fr.ac6.mcu.externaltools.arm-none.linux64_1.16.0.201807130628/tools/compiler/bin/../lib/gcc/arm-none-eabi/7.2.1/../../../../arm-none-eabi/lib/thumb/v7e-m/fpv5/hard/crt0.o (exit)
/home/kbisland/Ac6/SystemWorkbench/plugins/fr.ac6.mcu.externaltools.arm-none.linux64_1.16.0.201807130628/tools/compiler/bin/../lib/gcc/arm-none-eabi/7.2.1/../../../../arm-none-eabi/lib/thumb/v7e-m/fpv5/hard/libc_nano.a(lib_a-impure.o)
                              /home/kbisland/Ac6/SystemWorkbench/plugins/fr.ac6.mcu.externaltools.arm-none.linux64_1.16.0.201807130628/tools/compiler/bin/../lib/gcc/arm-none-eabi/7.2.1/../../../../arm-none-eabi/lib/thumb/v7e-m/fpv5/hard/libc_nano.a(lib_a-exit.o) (_global_impure_ptr)
/home/kbisland/Ac6/SystemWorkbench/plugins/fr.ac6.mcu.externaltools.arm-none.linux64_1.16.0.201807130628/tools/compiler/bin/../lib/gcc/arm-none-eabi/7.2.1/../../../../arm-none-eabi/lib/thumb/v7e-m/fpv5/hard/libc_nano.a(lib_a-init.o)
                              /home/kbisland/Ac6/SystemWorkbench/plugins/fr.ac6.mcu.externaltools.arm-none.linux64_1.16.0.201807130628/tools/compiler/bin/../lib/gcc/arm-none-eabi/7.2.1/../../../../arm-none-eabi/lib/thumb/v7e-m/fpv5/hard/crt0.o (__libc_init_array)
/home/kbisland/Ac6/SystemWorkbench/plugins/fr.ac6.mcu.externaltools.arm-none.linux64_1.16.0.201807130628/tools/compiler/bin/../lib/gcc/arm-none-eabi/7.2.1/../../../../arm-none-eabi/lib/thumb/v7e-m/fpv5/hard/libc_nano.a(lib_a-malloc.o)
                              Middlewares/ST/STM32_USB_Device_Library/Class/CustomHID/Src/usbd_customhid.o (malloc)
/home/kbisland/Ac6/SystemWorkbench/plugins/fr.ac6.mcu.externaltools.arm-none.linux64_1.16.0.201807130628/tools/compiler/bin/../lib/gcc/arm-none-eabi/7.2.1/../../../../arm-none-eabi/lib/thumb/v7e-m/fpv5/hard/libc_nano.a(lib_a-memset.o)
                              /home/kbisland/Ac6/SystemWorkbench/plugins/fr.ac6.mcu.externaltools.arm-none.linux64_1.16.0.201807130628/tools/compiler/bin/../lib/gcc/arm-none-eabi/7.2.1/../../../../arm-none-eabi/lib/thumb/v7e-m/fpv5/hard/crt0.o (memset)
/home/kbisland/Ac6/SystemWorkbench/plugins/fr.ac6.mcu.externaltools.arm-none.linux64_1.16.0.201807130628/tools/compiler/bin/../lib/gcc/arm-none-eabi/7.2.1/../../../../arm-none-eabi/lib/thumb/v7e-m/fpv5/hard/libc_nano.a(lib_a-nano-freer.o)
                              /home/kbisland/Ac6/SystemWorkbench/plugins/fr.ac6.mcu.externaltools.arm-none.linux64_1.16.0.201807130628/tools/compiler/bin/../lib/gcc/arm-none-eabi/7.2.1/../../../../arm-none-eabi/lib/thumb/v7e-m/fpv5/hard/libc_nano.a(lib_a-malloc.o) (_free_r)
/home/kbisland/Ac6/SystemWorkbench/plugins/fr.ac6.mcu.externaltools.arm-none.linux64_1.16.0.201807130628/tools/compiler/bin/../lib/gcc/arm-none-eabi/7.2.1/../../../../arm-none-eabi/lib/thumb/v7e-m/fpv5/hard/libc_nano.a(lib_a-nano-mallocr.o)
                              /home/kbisland/Ac6/SystemWorkbench/plugins/fr.ac6.mcu.externaltools.arm-none.linux64_1.16.0.201807130628/tools/compiler/bin/../lib/gcc/arm-none-eabi/7.2.1/../../../../arm-none-eabi/lib/thumb/v7e-m/fpv5/hard/libc_nano.a(lib_a-malloc.o) (_malloc_r)
/home/kbisland/Ac6/SystemWorkbench/plugins/fr.ac6.mcu.externaltools.arm-none.linux64_1.16.0.201807130628/tools/compiler/bin/../lib/gcc/arm-none-eabi/7.2.1/../../../../arm-none-eabi/lib/thumb/v7e-m/fpv5/hard/libc_nano.a(lib_a-sbrkr.o)
[...]
Memory Configuration

Name             Origin             Length             Attributes
DTCMRAM          0x0000000020000000 0x0000000000020000 xrw
RAM_D1           0x0000000024000000 0x0000000000080000 xrw
RAM_D2           0x0000000030000000 0x0000000000048000 xrw
RAM_D3           0x0000000038000000 0x0000000000010000 xrw
ITCMRAM          0x0000000000000000 0x0000000000010000 xrw
FLASH            0x0000000008000000 0x0000000000200000 xr
*default*        0x0000000000000000 0xffffffffffffffff

Linker script and memory map

LOAD /home/kbisland/Ac6/SystemWorkbench/plugins/fr.ac6.mcu.externaltools.arm-none.linux64_1.16.0.201807130628/tools/compiler/bin/../lib/gcc/arm-none-eabi/7.2.1/thumb/v7e-m/fpv5/hard/crti.o
LOAD /home/kbisland/Ac6/SystemWorkbench/plugins/fr.ac6.mcu.externaltools.arm-none.linux64_1.16.0.201807130628/tools/compiler/bin/../lib/gcc/arm-none-eabi/7.2.1/thumb/v7e-m/fpv5/hard/crtbegin.o
LOAD /home/kbisland/Ac6/SystemWorkbench/plugins/fr.ac6.mcu.externaltools.arm-none.linux64_1.16.0.201807130628/tools/compiler/bin/../lib/gcc/arm-none-eabi/7.2.1/../../../../arm-none-eabi/lib/thumb/v7e-m/fpv5/hard/crt0.o
LOAD Drivers/STM32H7xx_HAL_Driver/Src/stm32h7xx_hal.o
LOAD Drivers/STM32H7xx_HAL_Driver/Src/stm32h7xx_hal_cortex.o
LOAD Drivers/STM32H7xx_HAL_Driver/Src/stm32h7xx_hal_dma.o
LOAD Drivers/STM32H7xx_HAL_Driver/Src/stm32h7xx_hal_dma_ex.o
LOAD Drivers/STM32H7xx_HAL_Driver/Src/stm32h7xx_hal_flash.o
LOAD Drivers/STM32H7xx_HAL_Driver/Src/stm32h7xx_hal_flash_ex.o
LOAD Drivers/STM32H7xx_HAL_Driver/Src/stm32h7xx_hal_gpio.o
LOAD Drivers/STM32H7xx_HAL_Driver/Src/stm32h7xx_hal_hsem.o
LOAD Drivers/STM32H7xx_HAL_Driver/Src/stm32h7xx_hal_i2c.o
LOAD Drivers/STM32H7xx_HAL_Driver/Src/stm32h7xx_hal_i2c_ex.o
LOAD Drivers/STM32H7xx_HAL_Driver/Src/stm32h7xx_hal_mdma.o
LOAD Drivers/STM32H7xx_HAL_Driver/Src/stm32h7xx_hal_pcd.o
LOAD Drivers/STM32H7xx_HAL_Driver/Src/stm32h7xx_hal_pcd_ex.o
LOAD Drivers/STM32H7xx_HAL_Driver/Src/stm32h7xx_hal_pwr.o
LOAD Drivers/STM32H7xx_HAL_Driver/Src/stm32h7xx_hal_pwr_ex.o
LOAD Drivers/STM32H7xx_HAL_Driver/Src/stm32h7xx_hal_rcc.o
LOAD Drivers/STM32H7xx_HAL_Driver/Src/stm32h7xx_hal_rcc_ex.o
LOAD Drivers/STM32H7xx_HAL_Driver/Src/stm32h7xx_hal_spi.o
LOAD Drivers/STM32H7xx_HAL_Driver/Src/stm32h7xx_hal_spi_ex.o
LOAD Drivers/STM32H7xx_HAL_Driver/Src/stm32h7xx_hal_tim.o
LOAD Drivers/STM32H7xx_HAL_Driver/Src/stm32h7xx_hal_tim_ex.o
LOAD Drivers/STM32H7xx_HAL_Driver/Src/stm32h7xx_hal_uart.o
LOAD Drivers/STM32H7xx_HAL_Driver/Src/stm32h7xx_hal_uart_ex.o
LOAD Drivers/STM32H7xx_HAL_Driver/Src/stm32h7xx_ll_usb.o
LOAD Middlewares/ST/STM32_USB_Device_Library/Class/CustomHID/Src/usbd_customhid.o
LOAD Middlewares/ST/STM32_USB_Device_Library/Core/Src/usbd_core.o
LOAD Middlewares/ST/STM32_USB_Device_Library/Core/Src/usbd_ctlreq.o
LOAD Middlewares/ST/STM32_USB_Device_Library/Core/Src/usbd_ioreq.o
LOAD Src/main.o
LOAD Src/stm32h7xx_hal_msp.o
LOAD Src/stm32h7xx_it.o
LOAD Src/system_stm32h7xx.o
LOAD Src/usb_device.o
LOAD Src/usbd_conf.o
LOAD Src/usbd_custom_hid_if.o
LOAD Src/usbd_desc.o
LOAD startup/startup_stm32h753xx.o
LOAD /home/kbisland/Ac6/SystemWorkbench/plugins/fr.ac6.mcu.externaltools.arm-none.linux64_1.16.0.201807130628/tools/compiler/bin/../lib/gcc/arm-none-eabi/7.2.1/../../../../arm-none-eabi/lib/thumb/v7e-m/fpv5/hard/libstdc++_nano.a
LOAD /home/kbisland/Ac6/SystemWorkbench/plugins/fr.ac6.mcu.externaltools.arm-none.linux64_1.16.0.201807130628/tools/compiler/bin/../lib/gcc/arm-none-eabi/7.2.1/../../../../arm-none-eabi/lib/thumb/v7e-m/fpv5/hard/libm.a
START GROUP
LOAD /home/kbisland/Ac6/SystemWorkbench/plugins/fr.ac6.mcu.externaltools.arm-none.linux64_1.16.0.201807130628/tools/compiler/bin/../lib/gcc/arm-none-eabi/7.2.1/thumb/v7e-m/fpv5/hard/libgcc.a
LOAD /home/kbisland/Ac6/SystemWorkbench/plugins/fr.ac6.mcu.externaltools.arm-none.linux64_1.16.0.201807130628/tools/compiler/bin/../lib/gcc/arm-none-eabi/7.2.1/../../../../arm-none-eabi/lib/thumb/v7e-m/fpv5/hard/libc_nano.a
END GROUP
START GROUP
LOAD /home/kbisland/Ac6/SystemWorkbench/plugins/fr.ac6.mcu.externaltools.arm-none.linux64_1.16.0.201807130628/tools/compiler/bin/../lib/gcc/arm-none-eabi/7.2.1/thumb/v7e-m/fpv5/hard/libgcc.a
LOAD /home/kbisland/Ac6/SystemWorkbench/plugins/fr.ac6.mcu.externaltools.arm-none.linux64_1.16.0.201807130628/tools/compiler/bin/../lib/gcc/arm-none-eabi/7.2.1/../../../../arm-none-eabi/lib/thumb/v7e-m/fpv5/hard/libc_nano.a
LOAD /home/kbisland/Ac6/SystemWorkbench/plugins/fr.ac6.mcu.externaltools.arm-none.linux64_1.16.0.201807130628/tools/compiler/bin/../lib/gcc/arm-none-eabi/7.2.1/../../../../arm-none-eabi/lib/thumb/v7e-m/fpv5/hard/libnosys.a
END GROUP
START GROUP
LOAD /home/kbisland/Ac6/SystemWorkbench/plugins/fr.ac6.mcu.externaltools.arm-none.linux64_1.16.0.201807130628/tools/compiler/bin/../lib/gcc/arm-none-eabi/7.2.1/thumb/v7e-m/fpv5/hard/libgcc.a
LOAD /home/kbisland/Ac6/SystemWorkbench/plugins/fr.ac6.mcu.externaltools.arm-none.linux64_1.16.0.201807130628/tools/compiler/bin/../lib/gcc/arm-none-eabi/7.2.1/../../../../arm-none-eabi/lib/thumb/v7e-m/fpv5/hard/libc_nano.a
LOAD /home/kbisland/Ac6/SystemWorkbench/plugins/fr.ac6.mcu.externaltools.arm-none.linux64_1.16.0.201807130628/tools/compiler/bin/../lib/gcc/arm-none-eabi/7.2.1/../../../../arm-none-eabi/lib/thumb/v7e-m/fpv5/hard/libnosys.a
END GROUP
LOAD /home/kbisland/Ac6/SystemWorkbench/plugins/fr.ac6.mcu.externaltools.arm-none.linux64_1.16.0.201807130628/tools/compiler/bin/../lib/gcc/arm-none-eabi/7.2.1/thumb/v7e-m/fpv5/hard/crtend.o
LOAD /home/kbisland/Ac6/SystemWorkbench/plugins/fr.ac6.mcu.externaltools.arm-none.linux64_1.16.0.201807130628/tools/compiler/bin/../lib/gcc/arm-none-eabi/7.2.1/thumb/v7e-m/fpv5/hard/crtn.o
                0x0000000020020000                _estack = 0x20020000
                0x0000000000000200                _Min_Heap_Size = 0x200
                0x0000000000000400                _Min_Stack_Size = 0x400

.isr_vector     0x0000000008000000      0x298
                0x0000000008000000                . = ALIGN (0x4)
 *(.isr_vector)
 .isr_vector    0x0000000008000000      0x298 startup/startup_stm32h753xx.o
                0x0000000008000000                g_pfnVectors
                0x0000000008000298                . = ALIGN (0x4)

.text           0x0000000008000298     0x73d0
                0x0000000008000298                . = ALIGN (0x4)
 *(.text)
 .text          0x0000000008000298       0x40 /home/kbisland/Ac6/SystemWorkbench/plugins/fr.ac6.mcu.externaltools.arm-none.linux64_1.16.0.201807130628/tools/compiler/bin/../lib/gcc/arm-none-eabi/7.2.1/thumb/v7e-m/fpv5/hard/crtbegin.o
 .text          0x00000000080002d8       0x30 /home/kbisland/Ac6/SystemWorkbench/plugins/fr.ac6.mcu.externaltools.arm-none.linux64_1.16.0.201807130628/tools/compiler/bin/../lib/gcc/arm-none-eabi/7.2.1/thumb/v7e-m/fpv5/hard/libgcc.a(_aeabi_uldivmod.o)
                0x00000000080002d8                __aeabi_uldivmod
 .text          0x0000000008000308      0x2cc /home/kbisland/Ac6/SystemWorkbench/plugins/fr.ac6.mcu.externaltools.arm-none.linux64_1.16.0.201807130628/tools/compiler/bin/../lib/gcc/arm-none-eabi/7.2.1/thumb/v7e-m/fpv5/hard/libgcc.a(_udivmoddi4.o)
                0x0000000008000308                __udivmoddi4
 .text          0x00000000080005d4        0x4 /home/kbisland/Ac6/SystemWorkbench/plugins/fr.ac6.mcu.externaltools.arm-none.linux64_1.16.0.201807130628/tools/compiler/bin/../lib/gcc/arm-none-eabi/7.2.1/thumb/v7e-m/fpv5/hard/libgcc.a(_dvmd_tls.o)
                0x00000000080005d4                __aeabi_ldiv0
                0x00000000080005d4                __aeabi_idiv0
 *(.text*)
 .text.HAL_InitTick
                0x00000000080005d8       0x48 Drivers/STM32H7xx_HAL_Driver/Src/stm32h7xx_hal.o
                0x00000000080005d8                HAL_InitTick
 .text.HAL_Init
                0x0000000008000620       0x1e Drivers/STM32H7xx_HAL_Driver/Src/stm32h7xx_hal.o
                0x0000000008000620                HAL_Init
 *fill*         0x000000000800063e        0x2 
 .text.HAL_IncTick
                0x0000000008000640       0x18 Drivers/STM32H7xx_HAL_Driver/Src/stm32h7xx_hal.o
                0x0000000008000640                HAL_IncTick
 .text.HAL_GetTick
                0x0000000008000658        0xc Drivers/STM32H7xx_HAL_Driver/Src/stm32h7xx_hal.o
                0x0000000008000658                HAL_GetTick
 .text.HAL_Delay
                0x0000000008000664       0x28 Drivers/STM32H7xx_HAL_Driver/Src/stm32h7xx_hal.o
                0x0000000008000664                HAL_Delay
 .text.HAL_NVIC_SetPriorityGrouping
                0x000000000800068c       0x24 Drivers/STM32H7xx_HAL_Driver/Src/stm32h7xx_hal_cortex.o
                0x000000000800068c                HAL_NVIC_SetPriorityGrouping
 .text.HAL_NVIC_SetPriority
                0x00000000080006b0       0x64 Drivers/STM32H7xx_HAL_Driver/Src/stm32h7xx_hal_cortex.o
                0x00000000080006b0                HAL_NVIC_SetPriority
 .text.HAL_NVIC_EnableIRQ
                0x0000000008000714       0x1c Drivers/STM32H7xx_HAL_Driver/Src/stm32h7xx_hal_cortex.o
                0x0000000008000714                HAL_NVIC_EnableIRQ
 .text.HAL_SYSTICK_Config
                0x0000000008000730       0x2c Drivers/STM32H7xx_HAL_Driver/Src/stm32h7xx_hal_cortex.o
                0x0000000008000730                HAL_SYSTICK_Config
 .text.HAL_SYSTICK_CLKSourceConfig
                0x000000000800075c       0x20 Drivers/STM32H7xx_HAL_Driver/Src/stm32h7xx_hal_cortex.o
                0x000000000800075c                HAL_SYSTICK_CLKSourceConfig
 .text.HAL_SYSTICK_Callback
                0x000000000800077c        0x2 Drivers/STM32H7xx_HAL_Driver/Src/stm32h7xx_hal_cortex.o
                0x000000000800077c                HAL_SYSTICK_Callback
 .text.HAL_SYSTICK_IRQHandler
                0x000000000800077e        0x8 Drivers/STM32H7xx_HAL_Driver/Src/stm32h7xx_hal_cortex.o
                0x000000000800077e                HAL_SYSTICK_IRQHandler
 *fill*         0x0000000008000786        0x2 
 .text.DMA_CalcBaseAndBitshift
                0x0000000008000788       0x38 Drivers/STM32H7xx_HAL_Driver/Src/stm32h7xx_hal_dma.o
 .text.DMA_CheckFifoParam
                0x00000000080007c0       0x92 Drivers/STM32H7xx_HAL_Driver/Src/stm32h7xx_hal_dma.o
 *fill*         0x0000000008000852        0x2 
 .text.DMA_CalcDMAMUXChannelBaseAndMask
                0x0000000008000854       0x78 Drivers/STM32H7xx_HAL_Driver/Src/stm32h7xx_hal_dma.o
 .text.DMA_CalcDMAMUXRequestGenBaseAndMask
                0x00000000080008cc       0x50 Drivers/STM32H7xx_HAL_Driver/Src/stm32h7xx_hal_dma.o
 .text.HAL_DMA_Init
                0x000000000800091c      0x1a8 Drivers/STM32H7xx_HAL_Driver/Src/stm32h7xx_hal_dma.o
                0x000000000800091c                HAL_DMA_Init
 .text.HAL_DMA_Abort_IT
                0x0000000008000ac4       0xb4 Drivers/STM32H7xx_HAL_Driver/Src/stm32h7xx_hal_dma.o
                0x0000000008000ac4                HAL_DMA_Abort_IT
 .text.HAL_DMA_IRQHandler
                0x0000000008000b78      0x33c Drivers/STM32H7xx_HAL_Driver/Src/stm32h7xx_hal_dma.o
                0x0000000008000b78                HAL_DMA_IRQHandler
 .text.HAL_GPIO_Init
                0x0000000008000eb4      0x1ec Drivers/STM32H7xx_HAL_Driver/Src/stm32h7xx_hal_gpio.o
                0x0000000008000eb4                HAL_GPIO_Init
 .text.HAL_GPIO_WritePin
                0x00000000080010a0        0xa Drivers/STM32H7xx_HAL_Driver/Src/stm32h7xx_hal_gpio.o
                0x00000000080010a0                HAL_GPIO_WritePin
 .text.PCD_WriteEmptyTxFifo
                0x00000000080010aa       0xc0 Drivers/STM32H7xx_HAL_Driver/Src/stm32h7xx_hal_pcd.o
 .text.HAL_PCD_Init
                0x000000000800116a       0xfc Drivers/STM32H7xx_HAL_Driver/Src/stm32h7xx_hal_pcd.o
                0x000000000800116a                HAL_PCD_Init
 .text.HAL_PCD_Start
                0x0000000008001266       0x14 Drivers/STM32H7xx_HAL_Driver/Src/stm32h7xx_hal_pcd.o
                0x0000000008001266                HAL_PCD_Start
 *fill*         0x000000000800127a        0x2 
 .text.HAL_PCD_IRQHandler
                0x000000000800127c      0x658 Drivers/STM32H7xx_HAL_Driver/Src/stm32h7xx_hal_pcd.o
                0x000000000800127c                HAL_PCD_IRQHandler
 .text.HAL_PCD_SetAddress
                0x00000000080018d4       0x24 Drivers/STM32H7xx_HAL_Driver/Src/stm32h7xx_hal_pcd.o
                0x00000000080018d4                HAL_PCD_SetAddress
 .text.HAL_PCD_EP_Open
                0x00000000080018f8       0x68 Drivers/STM32H7xx_HAL_Driver/Src/stm32h7xx_hal_pcd.o
                0x00000000080018f8                HAL_PCD_EP_Open
 .text.HAL_PCD_EP_Close
                0x0000000008001960       0x56 Drivers/STM32H7xx_HAL_Driver/Src/stm32h7xx_hal_pcd.o
                0x0000000008001960                HAL_PCD_EP_Close
 .text.HAL_PCD_EP_Receive
                0x00000000080019b6       0x5a Drivers/STM32H7xx_HAL_Driver/Src/stm32h7xx_hal_pcd.o
                0x00000000080019b6                HAL_PCD_EP_Receive
 .text.HAL_PCD_EP_Transmit
                0x0000000008001a10       0x52 Drivers/STM32H7xx_HAL_Driver/Src/stm32h7xx_hal_pcd.o
                0x0000000008001a10                HAL_PCD_EP_Transmit
 .text.HAL_PCD_EP_SetStall
                0x0000000008001a62       0x66 Drivers/STM32H7xx_HAL_Driver/Src/stm32h7xx_hal_pcd.o
                0x0000000008001a62                HAL_PCD_EP_SetStall
 .text.HAL_PCD_EP_ClrStall
                0x0000000008001ac8       0x56 Drivers/STM32H7xx_HAL_Driver/Src/stm32h7xx_hal_pcd.o
                0x0000000008001ac8                HAL_PCD_EP_ClrStall
 .text.HAL_PCDEx_SetTxFiFo
                0x0000000008001b1e       0x48 Drivers/STM32H7xx_HAL_Driver/Src/stm32h7xx_hal_pcd_ex.o
                0x0000000008001b1e                HAL_PCDEx_SetTxFiFo
 .text.HAL_PCDEx_SetRxFiFo
                0x0000000008001b66        0x8 Drivers/STM32H7xx_HAL_Driver/Src/stm32h7xx_hal_pcd_ex.o
                0x0000000008001b66                HAL_PCDEx_SetRxFiFo
 *fill*         0x0000000008001b6e        0x2 
 .text.HAL_PCDEx_ActivateLPM
                0x0000000008001b70       0x28 Drivers/STM32H7xx_HAL_Driver/Src/stm32h7xx_hal_pcd_ex.o
                0x0000000008001b70                HAL_PCDEx_ActivateLPM
 .text.HAL_PCDEx_ActivateBCD
                0x0000000008001b98       0x1c Drivers/STM32H7xx_HAL_Driver/Src/stm32h7xx_hal_pcd_ex.o
                0x0000000008001b98                HAL_PCDEx_ActivateBCD
 .text.HAL_PCDEx_LPM_Callback
                0x0000000008001bb4        0x2 Drivers/STM32H7xx_HAL_Driver/Src/stm32h7xx_hal_pcd_ex.o
                0x0000000008001bb4                HAL_PCDEx_LPM_Callback
 *fill*         0x0000000008001bb6        0x2 
 .text.HAL_PWREx_EnableUSBVoltageDetector
                0x0000000008001bb8       0x10 Drivers/STM32H7xx_HAL_Driver/Src/stm32h7xx_hal_pwr_ex.o
                0x0000000008001bb8                HAL_PWREx_EnableUSBVoltageDetector
 .text.HAL_RCC_OscConfig
                0x0000000008001bc8      0x588 Drivers/STM32H7xx_HAL_Driver/Src/stm32h7xx_hal_rcc.o
                0x0000000008001bc8                HAL_RCC_OscConfig
 .text.HAL_RCC_GetSysClockFreq
                0x0000000008002150      0x1cc Drivers/STM32H7xx_HAL_Driver/Src/stm32h7xx_hal_rcc.o
                0x0000000008002150                HAL_RCC_GetSysClockFreq
 .text.HAL_RCC_ClockConfig
                0x000000000800231c      0x1f0 Drivers/STM32H7xx_HAL_Driver/Src/stm32h7xx_hal_rcc.o
                0x000000000800231c                HAL_RCC_ClockConfig
 .text.HAL_RCC_GetHCLKFreq
                0x000000000800250c       0x34 Drivers/STM32H7xx_HAL_Driver/Src/stm32h7xx_hal_rcc.o
                0x000000000800250c                HAL_RCC_GetHCLKFreq
 .text.HAL_RCC_GetPCLK1Freq
                0x0000000008002540       0x2c Drivers/STM32H7xx_HAL_Driver/Src/stm32h7xx_hal_rcc.o
                0x0000000008002540                HAL_RCC_GetPCLK1Freq
 .text.HAL_RCC_GetPCLK2Freq
                0x000000000800256c       0x2c Drivers/STM32H7xx_HAL_Driver/Src/stm32h7xx_hal_rcc.o
                0x000000000800256c                HAL_RCC_GetPCLK2Freq
 .text.RCCEx_PLL2_Config
                0x0000000008002598       0xe8 Drivers/STM32H7xx_HAL_Driver/Src/stm32h7xx_hal_rcc_ex.o
 .text.RCCEx_PLL3_Config
                0x0000000008002680       0xe8 Drivers/STM32H7xx_HAL_Driver/Src/stm32h7xx_hal_rcc_ex.o
 .text.HAL_RCCEx_PeriphCLKConfig
                0x0000000008002768      0x928 Drivers/STM32H7xx_HAL_Driver/Src/stm32h7xx_hal_rcc_ex.o
                0x0000000008002768                HAL_RCCEx_PeriphCLKConfig
 .text.HAL_RCCEx_GetD3PCLK1Freq
                0x0000000008003090       0x2c Drivers/STM32H7xx_HAL_Driver/Src/stm32h7xx_hal_rcc_ex.o
                0x0000000008003090                HAL_RCCEx_GetD3PCLK1Freq
 .text.HAL_RCCEx_GetPLL2ClockFreq
                0x00000000080030bc      0x1cc Drivers/STM32H7xx_HAL_Driver/Src/stm32h7xx_hal_rcc_ex.o
                0x00000000080030bc                HAL_RCCEx_GetPLL2ClockFreq
 .text.HAL_RCCEx_GetPLL3ClockFreq
                0x0000000008003288      0x1cc Drivers/STM32H7xx_HAL_Driver/Src/stm32h7xx_hal_rcc_ex.o
                0x0000000008003288                HAL_RCCEx_GetPLL3ClockFreq
 .text.HAL_RCCEx_GetD1SysClockFreq
                0x0000000008003454       0x34 Drivers/STM32H7xx_HAL_Driver/Src/stm32h7xx_hal_rcc_ex.o
                0x0000000008003454                HAL_RCCEx_GetD1SysClockFreq
 .text.SPI_CloseTransfer
                0x0000000008003488       0xd0 Drivers/STM32H7xx_HAL_Driver/Src/stm32h7xx_hal_spi.o
 .text.SPI_GetPacketSize
                0x0000000008003558       0x10 Drivers/STM32H7xx_HAL_Driver/Src/stm32h7xx_hal_spi.o
 .text.SPI_WaitOnFlagUntilTimeout
                0x0000000008003568       0x42 Drivers/STM32H7xx_HAL_Driver/Src/stm32h7xx_hal_spi.o
 *fill*         0x00000000080035aa        0x2 
 .text.HAL_SPI_Init
                0x00000000080035ac      0x150 Drivers/STM32H7xx_HAL_Driver/Src/stm32h7xx_hal_spi.o
                0x00000000080035ac                HAL_SPI_Init
 .text.HAL_SPI_TransmitReceive
                0x00000000080036fc      0x3bc Drivers/STM32H7xx_HAL_Driver/Src/stm32h7xx_hal_spi.o
                0x00000000080036fc                HAL_SPI_TransmitReceive
 .text.HAL_SPI_TxCpltCallback
                0x0000000008003ab8        0x2 Drivers/STM32H7xx_HAL_Driver/Src/stm32h7xx_hal_spi.o
                0x0000000008003ab8                HAL_SPI_TxCpltCallback
 .text.HAL_SPI_RxCpltCallback
                0x0000000008003aba        0x2 Drivers/STM32H7xx_HAL_Driver/Src/stm32h7xx_hal_spi.o
                0x0000000008003aba                HAL_SPI_RxCpltCallback
 .text.HAL_SPI_TxRxCpltCallback
                0x0000000008003abc        0x2 Drivers/STM32H7xx_HAL_Driver/Src/stm32h7xx_hal_spi.o
                0x0000000008003abc                HAL_SPI_TxRxCpltCallback
 .text.HAL_SPI_ErrorCallback
                0x0000000008003abe        0x2 Drivers/STM32H7xx_HAL_Driver/Src/stm32h7xx_hal_spi.o
                0x0000000008003abe                HAL_SPI_ErrorCallback
 .text.HAL_SPI_IRQHandler
                0x0000000008003ac0      0x228 Drivers/STM32H7xx_HAL_Driver/Src/stm32h7xx_hal_spi.o
                0x0000000008003ac0                HAL_SPI_IRQHandler
 .text.SPI_DMAAbortOnError
                0x0000000008003ce8       0x1a Drivers/STM32H7xx_HAL_Driver/Src/stm32h7xx_hal_spi.o
 .text.TIM_TI1_ConfigInputStage
                0x0000000008003d02       0x26 Drivers/STM32H7xx_HAL_Driver/Src/stm32h7xx_hal_tim.o
 .text.TIM_TI2_ConfigInputStage
                0x0000000008003d28       0x28 Drivers/STM32H7xx_HAL_Driver/Src/stm32h7xx_hal_tim.o
 .text.TIM_ITRx_SetConfig
                0x0000000008003d50       0x14 Drivers/STM32H7xx_HAL_Driver/Src/stm32h7xx_hal_tim.o
 .text.TIM_Base_SetConfig
                0x0000000008003d64      0x104 Drivers/STM32H7xx_HAL_Driver/Src/stm32h7xx_hal_tim.o
                0x0000000008003d64                TIM_Base_SetConfig
 .text.HAL_TIM_Base_Init
                0x0000000008003e68       0x32 Drivers/STM32H7xx_HAL_Driver/Src/stm32h7xx_hal_tim.o
                0x0000000008003e68                HAL_TIM_Base_Init
 .text.TIM_ETR_SetConfig
                0x0000000008003e9a       0x18 Drivers/STM32H7xx_HAL_Driver/Src/stm32h7xx_hal_tim.o
                0x0000000008003e9a                TIM_ETR_SetConfig
 *fill*         0x0000000008003eb2        0x2 
 .text.HAL_TIM_ConfigClockSource
                0x0000000008003eb4      0x114 Drivers/STM32H7xx_HAL_Driver/Src/stm32h7xx_hal_tim.o
                0x0000000008003eb4                HAL_TIM_ConfigClockSource
 .text.HAL_TIMEx_MasterConfigSynchronization
                0x0000000008003fc8       0x58 Drivers/STM32H7xx_HAL_Driver/Src/stm32h7xx_hal_tim_ex.o
                0x0000000008003fc8                HAL_TIMEx_MasterConfigSynchronization
 .text.UART_SetConfig
                0x0000000008004020      0x930 Drivers/STM32H7xx_HAL_Driver/Src/stm32h7xx_hal_uart.o
                0x0000000008004020                UART_SetConfig
 .text.UART_AdvFeatureConfig
                0x0000000008004950       0xca Drivers/STM32H7xx_HAL_Driver/Src/stm32h7xx_hal_uart.o
                0x0000000008004950                UART_AdvFeatureConfig
 .text.UART_WaitOnFlagUntilTimeout
                0x0000000008004a1a       0x62 Drivers/STM32H7xx_HAL_Driver/Src/stm32h7xx_hal_uart.o
                0x0000000008004a1a                UART_WaitOnFlagUntilTimeout
 .text.UART_CheckIdleState
                0x0000000008004a7c       0x70 Drivers/STM32H7xx_HAL_Driver/Src/stm32h7xx_hal_uart.o
                0x0000000008004a7c                UART_CheckIdleState
 .text.HAL_UART_Init
                0x0000000008004aec       0x66 Drivers/STM32H7xx_HAL_Driver/Src/stm32h7xx_hal_uart.o
                0x0000000008004aec                HAL_UART_Init
 *fill*         0x0000000008004b52        0x2 
 .text.USB_CoreInit
                0x0000000008004b54       0x7c Drivers/STM32H7xx_HAL_Driver/Src/stm32h7xx_ll_usb.o
                0x0000000008004b54                USB_CoreInit
 .text.USB_EnableGlobalInt
                0x0000000008004bd0        0xc Drivers/STM32H7xx_HAL_Driver/Src/stm32h7xx_ll_usb.o
                0x0000000008004bd0                USB_EnableGlobalInt
 .text.USB_DisableGlobalInt
                0x0000000008004bdc        0xc Drivers/STM32H7xx_HAL_Driver/Src/stm32h7xx_ll_usb.o
                0x0000000008004bdc                USB_DisableGlobalInt
 .text.USB_SetCurrentMode
                0x0000000008004be8       0x2c Drivers/STM32H7xx_HAL_Driver/Src/stm32h7xx_ll_usb.o
                0x0000000008004be8                USB_SetCurrentMode
 .text.USB_DevInit
                0x0000000008004c14      0x15c Drivers/STM32H7xx_HAL_Driver/Src/stm32h7xx_ll_usb.o
                0x0000000008004c14                USB_DevInit
 .text.USB_FlushTxFifo
                0x0000000008004d70       0x28 Drivers/STM32H7xx_HAL_Driver/Src/stm32h7xx_ll_usb.o
                0x0000000008004d70                USB_FlushTxFifo
 .text.USB_FlushRxFifo
                0x0000000008004d98       0x24 Drivers/STM32H7xx_HAL_Driver/Src/stm32h7xx_ll_usb.o
                0x0000000008004d98                USB_FlushRxFifo
 .text.USB_SetDevSpeed
                0x0000000008004dbc        0xe Drivers/STM32H7xx_HAL_Driver/Src/stm32h7xx_ll_usb.o
                0x0000000008004dbc                USB_SetDevSpeed
 .text.USB_GetDevSpeed
                0x0000000008004dca       0x40 Drivers/STM32H7xx_HAL_Driver/Src/stm32h7xx_ll_usb.o
                0x0000000008004dca                USB_GetDevSpeed
 *fill*         0x0000000008004e0a        0x2 
 .text.USB_ActivateEndpoint
                0x0000000008004e0c       0x90 Drivers/STM32H7xx_HAL_Driver/Src/stm32h7xx_ll_usb.o
                0x0000000008004e0c                USB_ActivateEndpoint
 .text.USB_DeactivateEndpoint
                0x0000000008004e9c       0x7e Drivers/STM32H7xx_HAL_Driver/Src/stm32h7xx_ll_usb.o
                0x0000000008004e9c                USB_DeactivateEndpoint
 *fill*         0x0000000008004f1a        0x2 
 .text.USB_EPStartXfer
                0x0000000008004f1c      0x260 Drivers/STM32H7xx_HAL_Driver/Src/stm32h7xx_ll_usb.o
                0x0000000008004f1c                USB_EPStartXfer
 .text.USB_EP0StartXfer
                0x000000000800517c      0x15c Drivers/STM32H7xx_HAL_Driver/Src/stm32h7xx_ll_usb.o
                0x000000000800517c                USB_EP0StartXfer
 .text.USB_WritePacket
                0x00000000080052d8       0x28 Drivers/STM32H7xx_HAL_Driver/Src/stm32h7xx_ll_usb.o
                0x00000000080052d8                USB_WritePacket
 .text.USB_ReadPacket
                0x0000000008005300       0x28 Drivers/STM32H7xx_HAL_Driver/Src/stm32h7xx_ll_usb.o
                0x0000000008005300                USB_ReadPacket
 .text.USB_EPSetStall
                0x0000000008005328       0x64 Drivers/STM32H7xx_HAL_Driver/Src/stm32h7xx_ll_usb.o
                0x0000000008005328                USB_EPSetStall
 .text.USB_EPClearStall
                0x000000000800538c       0x6a Drivers/STM32H7xx_HAL_Driver/Src/stm32h7xx_ll_usb.o
                0x000000000800538c                USB_EPClearStall
 .text.USB_SetDevAddress
                0x00000000080053f6       0x20 Drivers/STM32H7xx_HAL_Driver/Src/stm32h7xx_ll_usb.o
                0x00000000080053f6                USB_SetDevAddress
 .text.USB_DevConnect
                0x0000000008005416       0x18 Drivers/STM32H7xx_HAL_Driver/Src/stm32h7xx_ll_usb.o
                0x0000000008005416                USB_DevConnect
 .text.USB_DevDisconnect
                0x000000000800542e       0x18 Drivers/STM32H7xx_HAL_Driver/Src/stm32h7xx_ll_usb.o
                0x000000000800542e                USB_DevDisconnect
 .text.USB_ReadInterrupts
                0x0000000008005446        0x8 Drivers/STM32H7xx_HAL_Driver/Src/stm32h7xx_ll_usb.o
                0x0000000008005446                USB_ReadInterrupts
 .text.USB_ReadDevAllOutEpInterrupt
                0x000000000800544e       0x10 Drivers/STM32H7xx_HAL_Driver/Src/stm32h7xx_ll_usb.o
                0x000000000800544e                USB_ReadDevAllOutEpInterrupt
 .text.USB_ReadDevAllInEpInterrupt
                0x000000000800545e       0x10 Drivers/STM32H7xx_HAL_Driver/Src/stm32h7xx_ll_usb.o
                0x000000000800545e                USB_ReadDevAllInEpInterrupt
 .text.USB_ReadDevOutEPInterrupt
                0x000000000800546e       0x12 Drivers/STM32H7xx_HAL_Driver/Src/stm32h7xx_ll_usb.o
                0x000000000800546e                USB_ReadDevOutEPInterrupt
 .text.USB_ReadDevInEPInterrupt
                0x0000000008005480       0x24 Drivers/STM32H7xx_HAL_Driver/Src/stm32h7xx_ll_usb.o
                0x0000000008005480                USB_ReadDevInEPInterrupt
 .text.USB_GetMode
                0x00000000080054a4        0x8 Drivers/STM32H7xx_HAL_Driver/Src/stm32h7xx_ll_usb.o
                0x00000000080054a4                USB_GetMode
 .text.USB_ActivateSetup
                0x00000000080054ac       0x38 Drivers/STM32H7xx_HAL_Driver/Src/stm32h7xx_ll_usb.o
                0x00000000080054ac                USB_ActivateSetup
 .text.USB_EP0_OutStart
                0x00000000080054e4       0x46 Drivers/STM32H7xx_HAL_Driver/Src/stm32h7xx_ll_usb.o
                0x00000000080054e4                USB_EP0_OutStart
 *fill*         0x000000000800552a        0x2 
 .text.USB_CoreReset
                0x000000000800552c       0x3c Drivers/STM32H7xx_HAL_Driver/Src/stm32h7xx_ll_usb.o
 .text.USBD_CUSTOM_HID_GetCfgDesc
                0x0000000008005568        0xc Middlewares/ST/STM32_USB_Device_Library/Class/CustomHID/Src/usbd_customhid.o
 .text.USBD_CUSTOM_HID_DataIn
                0x0000000008005574        0xc Middlewares/ST/STM32_USB_Device_Library/Class/CustomHID/Src/usbd_customhid.o
 .text.USBD_CUSTOM_HID_EP0_RxReady
                0x0000000008005580       0x20 Middlewares/ST/STM32_USB_Device_Library/Class/CustomHID/Src/usbd_customhid.o
 .text.USBD_CUSTOM_HID_GetDeviceQualifierDesc
                0x00000000080055a0        0xc Middlewares/ST/STM32_USB_Device_Library/Class/CustomHID/Src/usbd_customhid.o
 .text.USBD_CUSTOM_HID_DataOut
                0x00000000080055ac       0x24 Middlewares/ST/STM32_USB_Device_Library/Class/CustomHID/Src/usbd_customhid.o
 .text.USBD_CUSTOM_HID_Setup
                0x00000000080055d0       0xd4 Middlewares/ST/STM32_USB_Device_Library/Class/CustomHID/Src/usbd_customhid.o
 .text.USBD_CUSTOM_HID_DeInit
                0x00000000080056a4       0x32 Middlewares/ST/STM32_USB_Device_Library/Class/CustomHID/Src/usbd_customhid.o
 .text.USBD_CUSTOM_HID_Init
                0x00000000080056d6       0x4a Middlewares/ST/STM32_USB_Device_Library/Class/CustomHID/Src/usbd_customhid.o
 .text.USBD_CUSTOM_HID_SendReport
                0x0000000008005720       0x2c Middlewares/ST/STM32_USB_Device_Library/Class/CustomHID/Src/usbd_customhid.o
                0x0000000008005720                USBD_CUSTOM_HID_SendReport
 .text.USBD_CUSTOM_HID_RegisterInterface
                0x000000000800574c        0xe Middlewares/ST/STM32_USB_Device_Library/Class/CustomHID/Src/usbd_customhid.o
                0x000000000800574c                USBD_CUSTOM_HID_RegisterInterface
 .text.USBD_Init
                0x000000000800575a       0x2e Middlewares/ST/STM32_USB_Device_Library/Core/Src/usbd_core.o
                0x000000000800575a                USBD_Init
 .text.USBD_RegisterClass
                0x0000000008005788        0xe Middlewares/ST/STM32_USB_Device_Library/Core/Src/usbd_core.o
                0x0000000008005788                USBD_RegisterClass
 .text.USBD_Start
                0x0000000008005796        0xa Middlewares/ST/STM32_USB_Device_Library/Core/Src/usbd_core.o
                0x0000000008005796                USBD_Start
 .text.USBD_SetClassConfig
                0x00000000080057a0       0x1a Middlewares/ST/STM32_USB_Device_Library/Core/Src/usbd_core.o
                0x00000000080057a0                USBD_SetClassConfig
 .text.USBD_ClrClassConfig
                0x00000000080057ba        0xe Middlewares/ST/STM32_USB_Device_Library/Core/Src/usbd_core.o
                0x00000000080057ba                USBD_ClrClassConfig
 .text.USBD_LL_SetupStage
                0x00000000080057c8       0x5a Middlewares/ST/STM32_USB_Device_Library/Core/Src/usbd_core.o
                0x00000000080057c8                USBD_LL_SetupStage
 .text.USBD_LL_DataOutStage
                0x0000000008005822       0x6a Middlewares/ST/STM32_USB_Device_Library/Core/Src/usbd_core.o
                0x0000000008005822                USBD_LL_DataOutStage
 .text.USBD_LL_DataInStage
                0x000000000800588c       0xb0 Middlewares/ST/STM32_USB_Device_Library/Core/Src/usbd_core.o
                0x000000000800588c                USBD_LL_DataInStage
 .text.USBD_LL_Reset
                0x000000000800593c       0x3e Middlewares/ST/STM32_USB_Device_Library/Core/Src/usbd_core.o
                0x000000000800593c                USBD_LL_Reset
 .text.USBD_LL_SetSpeed
                0x000000000800597a        0x6 Middlewares/ST/STM32_USB_Device_Library/Core/Src/usbd_core.o
                0x000000000800597a                USBD_LL_SetSpeed
 .text.USBD_LL_Suspend
                0x0000000008005980       0x12 Middlewares/ST/STM32_USB_Device_Library/Core/Src/usbd_core.o
                0x0000000008005980                USBD_LL_Suspend
 .text.USBD_LL_Resume
                0x0000000008005992        0xc Middlewares/ST/STM32_USB_Device_Library/Core/Src/usbd_core.o
                0x0000000008005992                USBD_LL_Resume
 .text.USBD_LL_SOF
                0x000000000800599e       0x1c Middlewares/ST/STM32_USB_Device_Library/Core/Src/usbd_core.o
                0x000000000800599e                USBD_LL_SOF
 .text.USBD_LL_IsoINIncomplete
                0x00000000080059ba        0x4 Middlewares/ST/STM32_USB_Device_Library/Core/Src/usbd_core.o
                0x00000000080059ba                USBD_LL_IsoINIncomplete
 .text.USBD_LL_IsoOUTIncomplete
                0x00000000080059be        0x4 Middlewares/ST/STM32_USB_Device_Library/Core/Src/usbd_core.o
                0x00000000080059be                USBD_LL_IsoOUTIncomplete
 .text.USBD_LL_DevConnected
                0x00000000080059c2        0x4 Middlewares/ST/STM32_USB_Device_Library/Core/Src/usbd_core.o
                0x00000000080059c2                USBD_LL_DevConnected
 .text.USBD_LL_DevDisconnected
                0x00000000080059c6       0x16 Middlewares/ST/STM32_USB_Device_Library/Core/Src/usbd_core.o
                0x00000000080059c6                USBD_LL_DevDisconnected
 .text.USBD_GetLen
                0x00000000080059dc       0x14 Middlewares/ST/STM32_USB_Device_Library/Core/Src/usbd_ctlreq.o
 .text.USBD_SetFeature
                0x00000000080059f0       0x20 Middlewares/ST/STM32_USB_Device_Library/Core/Src/usbd_ctlreq.o
 .text.USBD_ParseSetupRequest
                0x0000000008005a10       0x28 Middlewares/ST/STM32_USB_Device_Library/Core/Src/usbd_ctlreq.o
                0x0000000008005a10                USBD_ParseSetupRequest
 .text.USBD_CtlError
                0x0000000008005a38       0x14 Middlewares/ST/STM32_USB_Device_Library/Core/Src/usbd_ctlreq.o
                0x0000000008005a38                USBD_CtlError
 .text.USBD_GetDescriptor
                0x0000000008005a4c      0x138 Middlewares/ST/STM32_USB_Device_Library/Core/Src/usbd_ctlreq.o
 .text.USBD_SetAddress
                0x0000000008005b84       0x4a Middlewares/ST/STM32_USB_Device_Library/Core/Src/usbd_ctlreq.o
 *fill*         0x0000000008005bce        0x2 
 .text.USBD_SetConfig
                0x0000000008005bd0       0xa4 Middlewares/ST/STM32_USB_Device_Library/Core/Src/usbd_ctlreq.o
 .text.USBD_GetConfig
                0x0000000008005c74       0x3a Middlewares/ST/STM32_USB_Device_Library/Core/Src/usbd_ctlreq.o
 .text.USBD_GetStatus
                0x0000000008005cae       0x2c Middlewares/ST/STM32_USB_Device_Library/Core/Src/usbd_ctlreq.o
 .text.USBD_ClrFeature
                0x0000000008005cda       0x30 Middlewares/ST/STM32_USB_Device_Library/Core/Src/usbd_ctlreq.o
 .text.USBD_StdDevReq
                0x0000000008005d0a       0x48 Middlewares/ST/STM32_USB_Device_Library/Core/Src/usbd_ctlreq.o
                0x0000000008005d0a                USBD_StdDevReq
 .text.USBD_StdItfReq
                0x0000000008005d52       0x38 Middlewares/ST/STM32_USB_Device_Library/Core/Src/usbd_ctlreq.o
                0x0000000008005d52                USBD_StdItfReq
 .text.USBD_StdEPReq
                0x0000000008005d8a      0x138 Middlewares/ST/STM32_USB_Device_Library/Core/Src/usbd_ctlreq.o
                0x0000000008005d8a                USBD_StdEPReq
 .text.USBD_GetString
                0x0000000008005ec2       0x3a Middlewares/ST/STM32_USB_Device_Library/Core/Src/usbd_ctlreq.o
                0x0000000008005ec2                USBD_GetString
 .text.USBD_CtlSendData
                0x0000000008005efc       0x1a Middlewares/ST/STM32_USB_Device_Library/Core/Src/usbd_ioreq.o
                0x0000000008005efc                USBD_CtlSendData
 .text.USBD_CtlContinueSendData
                0x0000000008005f16       0x10 Middlewares/ST/STM32_USB_Device_Library/Core/Src/usbd_ioreq.o
                0x0000000008005f16                USBD_CtlContinueSendData
 .text.USBD_CtlPrepareRx
                0x0000000008005f26       0x1e Middlewares/ST/STM32_USB_Device_Library/Core/Src/usbd_ioreq.o
                0x0000000008005f26                USBD_CtlPrepareRx
 .text.USBD_CtlContinueRx
                0x0000000008005f44       0x10 Middlewares/ST/STM32_USB_Device_Library/Core/Src/usbd_ioreq.o
                0x0000000008005f44                USBD_CtlContinueRx
 .text.USBD_CtlSendStatus
                0x0000000008005f54       0x16 Middlewares/ST/STM32_USB_Device_Library/Core/Src/usbd_ioreq.o
                0x0000000008005f54                USBD_CtlSendStatus
 .text.USBD_CtlReceiveStatus
                0x0000000008005f6a       0x16 Middlewares/ST/STM32_USB_Device_Library/Core/Src/usbd_ioreq.o
                0x0000000008005f6a                USBD_CtlReceiveStatus
 .text.MX_GPIO_Init
                0x0000000008005f80      0x194 Src/main.o
 .text.MX_BDMA_Init
                0x0000000008006114       0x48 Src/main.o
 .text.MX_DMA_Init
                0x000000000800615c       0xe0 Src/main.o
 .text.USB_RX_Interrupt
                0x000000000800623c       0xc0 Src/main.o
                0x000000000800623c                USB_RX_Interrupt
 .text._Error_Handler
                0x00000000080062fc        0x2 Src/main.o
                0x00000000080062fc                _Error_Handler
 *fill*         0x00000000080062fe        0x2 
 .text.MX_SPI1_Init
                0x0000000008006300       0x68 Src/main.o
 .text.MX_SPI3_Init
                0x0000000008006368       0x68 Src/main.o
 .text.MX_SPI4_Init
                0x00000000080063d0       0x64 Src/main.o
 .text.MX_SPI5_Init
                0x0000000008006434       0x64 Src/main.o
 .text.MX_SPI6_Init
                0x0000000008006498       0x64 Src/main.o
 .text.MX_USART1_UART_Init
                0x00000000080064fc       0x48 Src/main.o
 .text.MX_SPI2_Init
                0x0000000008006544       0x64 Src/main.o
 .text.MX_TIM2_Init
                0x00000000080065a8       0x6c Src/main.o
 .text.SystemClock_Config
                0x0000000008006614       0xfc Src/main.o
                0x0000000008006614                SystemClock_Config
 .text.main     0x0000000008006710       0x3c Src/main.o
                0x0000000008006710                main
 .text.HAL_MspInit
                0x000000000800674c       0x84 Src/stm32h7xx_hal_msp.o
                0x000000000800674c                HAL_MspInit
 .text.HAL_SPI_MspInit
                0x00000000080067d0      0x5a0 Src/stm32h7xx_hal_msp.o
                0x00000000080067d0                HAL_SPI_MspInit
 .text.HAL_TIM_Base_MspInit
                0x0000000008006d70       0x30 Src/stm32h7xx_hal_msp.o
                0x0000000008006d70                HAL_TIM_Base_MspInit
 .text.HAL_UART_MspInit
                0x0000000008006da0       0x58 Src/stm32h7xx_hal_msp.o
                0x0000000008006da0                HAL_UART_MspInit
 .text.NMI_Handler
                0x0000000008006df8        0x2 Src/stm32h7xx_it.o
                0x0000000008006df8                NMI_Handler
 .text.HardFault_Handler
                0x0000000008006dfa        0x2 Src/stm32h7xx_it.o
                0x0000000008006dfa                HardFault_Handler
 .text.MemManage_Handler
                0x0000000008006dfc        0x2 Src/stm32h7xx_it.o
                0x0000000008006dfc                MemManage_Handler
 .text.BusFault_Handler
                0x0000000008006dfe        0x2 Src/stm32h7xx_it.o
                0x0000000008006dfe                BusFault_Handler
 .text.UsageFault_Handler
                0x0000000008006e00        0x2 Src/stm32h7xx_it.o
                0x0000000008006e00                UsageFault_Handler
 .text.SVC_Handler
                0x0000000008006e02        0x2 Src/stm32h7xx_it.o
                0x0000000008006e02                SVC_Handler
 .text.DebugMon_Handler
                0x0000000008006e04        0x2 Src/stm32h7xx_it.o
                0x0000000008006e04                DebugMon_Handler
 .text.PendSV_Handler
                0x0000000008006e06        0x2 Src/stm32h7xx_it.o
                0x0000000008006e06                PendSV_Handler
 .text.SysTick_Handler
                0x0000000008006e08        0xc Src/stm32h7xx_it.o
                0x0000000008006e08                SysTick_Handler
 .text.DMA1_Stream0_IRQHandler
                0x0000000008006e14       0x28 Src/stm32h7xx_it.o
                0x0000000008006e14                DMA1_Stream0_IRQHandler
 .text.DMA1_Stream1_IRQHandler
                0x0000000008006e3c       0x10 Src/stm32h7xx_it.o
                0x0000000008006e3c                DMA1_Stream1_IRQHandler
 .text.DMA1_Stream2_IRQHandler
                0x0000000008006e4c       0x28 Src/stm32h7xx_it.o
                0x0000000008006e4c                DMA1_Stream2_IRQHandler
 .text.DMA1_Stream3_IRQHandler
                0x0000000008006e74       0x10 Src/stm32h7xx_it.o
                0x0000000008006e74                DMA1_Stream3_IRQHandler
 .text.DMA1_Stream4_IRQHandler
                0x0000000008006e84       0x10 Src/stm32h7xx_it.o
                0x0000000008006e84                DMA1_Stream4_IRQHandler
 .text.DMA1_Stream5_IRQHandler
                0x0000000008006e94       0x10 Src/stm32h7xx_it.o
                0x0000000008006e94                DMA1_Stream5_IRQHandler
 .text.DMA1_Stream6_IRQHandler
                0x0000000008006ea4       0x10 Src/stm32h7xx_it.o
                0x0000000008006ea4                DMA1_Stream6_IRQHandler
 .text.SPI1_IRQHandler
                0x0000000008006eb4       0x10 Src/stm32h7xx_it.o
                0x0000000008006eb4                SPI1_IRQHandler
 .text.SPI2_IRQHandler
                0x0000000008006ec4       0x10 Src/stm32h7xx_it.o
                0x0000000008006ec4                SPI2_IRQHandler
 .text.DMA1_Stream7_IRQHandler
                0x0000000008006ed4       0x10 Src/stm32h7xx_it.o
                0x0000000008006ed4                DMA1_Stream7_IRQHandler
 .text.SPI3_IRQHandler
                0x0000000008006ee4       0x10 Src/stm32h7xx_it.o
                0x0000000008006ee4                SPI3_IRQHandler
 .text.DMA2_Stream0_IRQHandler
                0x0000000008006ef4       0x10 Src/stm32h7xx_it.o
                0x0000000008006ef4                DMA2_Stream0_IRQHandler
 .text.DMA2_Stream1_IRQHandler
                0x0000000008006f04       0x10 Src/stm32h7xx_it.o
                0x0000000008006f04                DMA2_Stream1_IRQHandler
 .text.OTG_HS_EP1_OUT_IRQHandler
                0x0000000008006f14       0x10 Src/stm32h7xx_it.o
                0x0000000008006f14                OTG_HS_EP1_OUT_IRQHandler
 .text.OTG_HS_EP1_IN_IRQHandler
                0x0000000008006f24       0x10 Src/stm32h7xx_it.o
                0x0000000008006f24                OTG_HS_EP1_IN_IRQHandler
 .text.OTG_HS_IRQHandler
                0x0000000008006f34       0x10 Src/stm32h7xx_it.o
                0x0000000008006f34                OTG_HS_IRQHandler
 .text.SPI4_IRQHandler
                0x0000000008006f44       0x10 Src/stm32h7xx_it.o
                0x0000000008006f44                SPI4_IRQHandler
 .text.SPI5_IRQHandler
                0x0000000008006f54       0x10 Src/stm32h7xx_it.o
                0x0000000008006f54                SPI5_IRQHandler
 .text.SPI6_IRQHandler
                0x0000000008006f64       0x10 Src/stm32h7xx_it.o
                0x0000000008006f64                SPI6_IRQHandler
 .text.BDMA_Channel0_IRQHandler
                0x0000000008006f74       0x10 Src/stm32h7xx_it.o
                0x0000000008006f74                BDMA_Channel0_IRQHandler
 .text.BDMA_Channel1_IRQHandler
                0x0000000008006f84       0x10 Src/stm32h7xx_it.o
                0x0000000008006f84                BDMA_Channel1_IRQHandler
 .text.SystemInit
                0x0000000008006f94       0x68 Src/system_stm32h7xx.o
                0x0000000008006f94                SystemInit
 .text.MX_USB_DEVICE_Init
                0x0000000008006ffc       0x3c Src/usb_device.o
                0x0000000008006ffc                MX_USB_DEVICE_Init
 .text.HAL_PCD_MspInit
                0x0000000008007038       0x88 Src/usbd_conf.o
                0x0000000008007038                HAL_PCD_MspInit
 .text.HAL_PCD_SetupStageCallback
                0x00000000080070c0       0x10 Src/usbd_conf.o
                0x00000000080070c0                HAL_PCD_SetupStageCallback
 .text.HAL_PCD_DataOutStageCallback
                0x00000000080070d0       0x18 Src/usbd_conf.o
                0x00000000080070d0                HAL_PCD_DataOutStageCallback
 .text.HAL_PCD_DataInStageCallback
                0x00000000080070e8       0x16 Src/usbd_conf.o
                0x00000000080070e8                HAL_PCD_DataInStageCallback
 .text.HAL_PCD_SOFCallback
                0x00000000080070fe        0xc Src/usbd_conf.o
                0x00000000080070fe                HAL_PCD_SOFCallback
 .text.HAL_PCD_ResetCallback
                0x000000000800710a       0x20 Src/usbd_conf.o
                0x000000000800710a                HAL_PCD_ResetCallback
 *fill*         0x000000000800712a        0x2 
 .text.HAL_PCD_SuspendCallback
                0x000000000800712c       0x30 Src/usbd_conf.o
                0x000000000800712c                HAL_PCD_SuspendCallback
 .text.HAL_PCD_ResumeCallback
                0x000000000800715c        0xc Src/usbd_conf.o
                0x000000000800715c                HAL_PCD_ResumeCallback
 .text.HAL_PCD_ISOOUTIncompleteCallback
                0x0000000008007168        0xc Src/usbd_conf.o
                0x0000000008007168                HAL_PCD_ISOOUTIncompleteCallback
 .text.HAL_PCD_ISOINIncompleteCallback
                0x0000000008007174        0xc Src/usbd_conf.o
                0x0000000008007174                HAL_PCD_ISOINIncompleteCallback
 .text.HAL_PCD_ConnectCallback
                0x0000000008007180        0xc Src/usbd_conf.o
                0x0000000008007180                HAL_PCD_ConnectCallback
 .text.HAL_PCD_DisconnectCallback
                0x000000000800718c        0xc Src/usbd_conf.o
                0x000000000800718c                HAL_PCD_DisconnectCallback
 .text.USBD_LL_Init
                0x0000000008007198       0x80 Src/usbd_conf.o
                0x0000000008007198                USBD_LL_Init
 .text.USBD_LL_Start
                0x0000000008007218       0x1c Src/usbd_conf.o
                0x0000000008007218                USBD_LL_Start
 .text.USBD_LL_OpenEP
                0x0000000008007234       0x22 Src/usbd_conf.o
                0x0000000008007234                USBD_LL_OpenEP
 .text.USBD_LL_CloseEP
                0x0000000008007256       0x1c Src/usbd_conf.o
                0x0000000008007256                USBD_LL_CloseEP
 .text.USBD_LL_StallEP
                0x0000000008007272       0x1c Src/usbd_conf.o
                0x0000000008007272                USBD_LL_StallEP
 .text.USBD_LL_ClearStallEP
                0x000000000800728e       0x1c Src/usbd_conf.o
                0x000000000800728e                USBD_LL_ClearStallEP
 .text.USBD_LL_IsStallEP
                0x00000000080072aa       0x2e Src/usbd_conf.o
                0x00000000080072aa                USBD_LL_IsStallEP
 .text.USBD_LL_SetUSBAddress
                0x00000000080072d8       0x1c Src/usbd_conf.o
                0x00000000080072d8                USBD_LL_SetUSBAddress
 .text.USBD_LL_Transmit
                0x00000000080072f4       0x1c Src/usbd_conf.o
                0x00000000080072f4                USBD_LL_Transmit
 .text.USBD_LL_PrepareReceive
                0x0000000008007310       0x1c Src/usbd_conf.o
                0x0000000008007310                USBD_LL_PrepareReceive
 .text.CUSTOM_HID_Init_HS
                0x000000000800732c        0x4 Src/usbd_custom_hid_if.o
 .text.CUSTOM_HID_DeInit_HS
                0x0000000008007330        0x4 Src/usbd_custom_hid_if.o
 .text.CUSTOM_HID_OutEvent_HS
                0x0000000008007334        0xa Src/usbd_custom_hid_if.o
 *fill*         0x000000000800733e        0x2 
 .text.USBD_HS_DeviceDescriptor
                0x0000000008007340        0xc Src/usbd_desc.o
                0x0000000008007340                USBD_HS_DeviceDescriptor
 .text.USBD_HS_LangIDStrDescriptor
                0x000000000800734c        0xc Src/usbd_desc.o
                0x000000000800734c                USBD_HS_LangIDStrDescriptor
 .text.USBD_HS_ProductStrDescriptor
                0x0000000008007358       0x24 Src/usbd_desc.o
                0x0000000008007358                USBD_HS_ProductStrDescriptor
 .text.USBD_HS_ManufacturerStrDescriptor
                0x000000000800737c       0x1c Src/usbd_desc.o
                0x000000000800737c                USBD_HS_ManufacturerStrDescriptor
 .text.USBD_HS_SerialStrDescriptor
                0x0000000008007398       0x24 Src/usbd_desc.o
                0x0000000008007398                USBD_HS_SerialStrDescriptor
 .text.USBD_HS_ConfigStrDescriptor
                0x00000000080073bc       0x24 Src/usbd_desc.o
                0x00000000080073bc                USBD_HS_ConfigStrDescriptor
 .text.USBD_HS_InterfaceStrDescriptor
                0x00000000080073e0       0x24 Src/usbd_desc.o
                0x00000000080073e0                USBD_HS_InterfaceStrDescriptor
 .text.Reset_Handler
                0x0000000008007404       0x50 startup/startup_stm32h753xx.o
                0x0000000008007404                Reset_Handler
 .text.Default_Handler
                0x0000000008007454        0x2 startup/startup_stm32h753xx.o
                0x0000000008007454                RTC_Alarm_IRQHandler
                0x0000000008007454                EXTI2_IRQHandler
                0x0000000008007454                TIM8_CC_IRQHandler
                0x0000000008007454                HRTIM1_Master_IRQHandler
                0x0000000008007454                UART8_IRQHandler
                0x0000000008007454                TIM1_CC_IRQHandler
                0x0000000008007454                BDMA_Channel6_IRQHandler
                0x0000000008007454                DMA2_Stream5_IRQHandler
                0x0000000008007454                HRTIM1_FLT_IRQHandler
                0x0000000008007454                JPEG_IRQHandler
                0x0000000008007454                HRTIM1_TIMD_IRQHandler
                0x0000000008007454                TAMP_STAMP_IRQHandler
                0x0000000008007454                EXTI3_IRQHandler
                0x0000000008007454                LPTIM4_IRQHandler
                0x0000000008007454                TIM8_TRG_COM_TIM14_IRQHandler
                0x0000000008007454                LPTIM2_IRQHandler
                0x0000000008007454                DFSDM1_FLT1_IRQHandler
                0x0000000008007454                DMAMUX2_OVR_IRQHandler
                0x0000000008007454                TIM8_UP_TIM13_IRQHandler
                0x0000000008007454                I2C3_ER_IRQHandler
                0x0000000008007454                DFSDM1_FLT2_IRQHandler
                0x0000000008007454                MDMA_IRQHandler
                0x0000000008007454                LPTIM3_IRQHandler
                0x0000000008007454                HSEM1_IRQHandler
                0x0000000008007454                EXTI0_IRQHandler
                0x0000000008007454                I2C2_EV_IRQHandler
                0x0000000008007454                FPU_IRQHandler
                0x0000000008007454                OTG_HS_WKUP_IRQHandler
                0x0000000008007454                FDCAN1_IT1_IRQHandler
                0x0000000008007454                LTDC_ER_IRQHandler
                0x0000000008007454                DMA2_Stream2_IRQHandler
                0x0000000008007454                HRTIM1_TIME_IRQHandler
                0x0000000008007454                TIM6_DAC_IRQHandler
                0x0000000008007454                DCMI_IRQHandler
                0x0000000008007454                HRTIM1_TIMC_IRQHandler
                0x0000000008007454                DMA2_Stream3_IRQHandler
                0x0000000008007454                SAI2_IRQHandler
                0x0000000008007454                DFSDM1_FLT3_IRQHandler
                0x0000000008007454                USART6_IRQHandler
                0x0000000008007454                TIM17_IRQHandler
                0x0000000008007454                USART3_IRQHandler
                0x0000000008007454                BDMA_Channel7_IRQHandler
                0x0000000008007454                LPTIM5_IRQHandler
                0x0000000008007454                UART5_IRQHandler
                0x0000000008007454                ADC3_IRQHandler
                0x0000000008007454                TIM4_IRQHandler
                0x0000000008007454                BDMA_Channel2_IRQHandler
                0x0000000008007454                QUADSPI_IRQHandler
                0x0000000008007454                I2C1_EV_IRQHandler
                0x0000000008007454                DMAMUX1_OVR_IRQHandler
                0x0000000008007454                TIM16_IRQHandler
                0x0000000008007454                UART4_IRQHandler
                0x0000000008007454                BDMA_Channel5_IRQHandler
                0x0000000008007454                TIM3_IRQHandler
                0x0000000008007454                RCC_IRQHandler
                0x0000000008007454                TIM8_BRK_TIM12_IRQHandler
                0x0000000008007454                TIM1_TRG_COM_IRQHandler
                0x0000000008007454                Default_Handler
                0x0000000008007454                CEC_IRQHandler
                0x0000000008007454                EXTI15_10_IRQHandler
                0x0000000008007454                ADC_IRQHandler
                0x0000000008007454                HRTIM1_TIMA_IRQHandler
                0x0000000008007454                TIM7_IRQHandler
                0x0000000008007454                SDMMC1_IRQHandler
                0x0000000008007454                TIM5_IRQHandler
                0x0000000008007454                DMA2_Stream7_IRQHandler
                0x0000000008007454                TIM15_IRQHandler
                0x0000000008007454                PVD_AVD_IRQHandler
                0x0000000008007454                I2C3_EV_IRQHandler
                0x0000000008007454                EXTI9_5_IRQHandler
                0x0000000008007454                RTC_WKUP_IRQHandler
                0x0000000008007454                LTDC_IRQHandler
                0x0000000008007454                SAI3_IRQHandler
                0x0000000008007454                ETH_WKUP_IRQHandler
                0x0000000008007454                SPDIF_RX_IRQHandler
                0x0000000008007454                CRS_IRQHandler
                0x0000000008007454                EXTI4_IRQHandler
                0x0000000008007454                RNG_IRQHandler
                0x0000000008007454                HRTIM1_TIMB_IRQHandler
                0x0000000008007454                FDCAN2_IT1_IRQHandler
                0x0000000008007454                ETH_IRQHandler
                0x0000000008007454                TIM1_UP_IRQHandler
                0x0000000008007454                BDMA_Channel4_IRQHandler
                0x0000000008007454                WWDG_IRQHandler
                0x0000000008007454                MDIOS_IRQHandler
                0x0000000008007454                I2C4_EV_IRQHandler
                0x0000000008007454                FDCAN2_IT0_IRQHandler
                0x0000000008007454                LPUART1_IRQHandler
                0x0000000008007454                FDCAN1_IT0_IRQHandler
                0x0000000008007454                TIM2_IRQHandler
                0x0000000008007454                OTG_FS_WKUP_IRQHandler
                0x0000000008007454                DMA2D_IRQHandler
                0x0000000008007454                TIM1_BRK_IRQHandler
                0x0000000008007454                EXTI1_IRQHandler
                0x0000000008007454                SDMMC2_IRQHandler
                0x0000000008007454                OTG_FS_EP1_OUT_IRQHandler
                0x0000000008007454                BDMA_Channel3_IRQHandler
                0x0000000008007454                UART7_IRQHandler
                0x0000000008007454                MDIOS_WKUP_IRQHandler
                0x0000000008007454                USART2_IRQHandler
                0x0000000008007454                DFSDM1_FLT0_IRQHandler
                0x0000000008007454                SAI4_IRQHandler
                0x0000000008007454                I2C2_ER_IRQHandler
                0x0000000008007454                FLASH_IRQHandler
                0x0000000008007454                DMA2_Stream4_IRQHandler
                0x0000000008007454                USART1_IRQHandler
                0x0000000008007454                OTG_FS_IRQHandler
                0x0000000008007454                WAKEUP_PIN_IRQHandler
                0x0000000008007454                OTG_FS_EP1_IN_IRQHandler
                0x0000000008007454                I2C1_ER_IRQHandler
                0x0000000008007454                FMC_IRQHandler
                0x0000000008007454                FDCAN_CAL_IRQHandler
                0x0000000008007454                SWPMI1_IRQHandler
                0x0000000008007454                COMP1_IRQHandler
                0x0000000008007454                LPTIM1_IRQHandler
                0x0000000008007454                I2C4_ER_IRQHandler
                0x0000000008007454                DMA2_Stream6_IRQHandler
                0x0000000008007454                SAI1_IRQHandler
 *fill*         0x0000000008007456        0x2 
 .text.__libc_init_array
                0x0000000008007458       0x48 /home/kbisland/Ac6/SystemWorkbench/plugins/fr.ac6.mcu.externaltools.arm-none.linux64_1.16.0.201807130628/tools/compiler/bin/../lib/gcc/arm-none-eabi/7.2.1/../../../../arm-none-eabi/lib/thumb/v7e-m/fpv5/hard/libc_nano.a(lib_a-init.o)
                0x0000000008007458                __libc_init_array
 .text.malloc   0x00000000080074a0       0x10 /home/kbisland/Ac6/SystemWorkbench/plugins/fr.ac6.mcu.externaltools.arm-none.linux64_1.16.0.201807130628/tools/compiler/bin/../lib/gcc/arm-none-eabi/7.2.1/../../../../arm-none-eabi/lib/thumb/v7e-m/fpv5/hard/libc_nano.a(lib_a-malloc.o)
                0x00000000080074a0                malloc
 .text.free     0x00000000080074b0       0x10 /home/kbisland/Ac6/SystemWorkbench/plugins/fr.ac6.mcu.externaltools.arm-none.linux64_1.16.0.201807130628/tools/compiler/bin/../lib/gcc/arm-none-eabi/7.2.1/../../../../arm-none-eabi/lib/thumb/v7e-m/fpv5/hard/libc_nano.a(lib_a-malloc.o)
                0x00000000080074b0                free
 .text._free_r  0x00000000080074c0       0x9c /home/kbisland/Ac6/SystemWorkbench/plugins/fr.ac6.mcu.externaltools.arm-none.linux64_1.16.0.201807130628/tools/compiler/bin/../lib/gcc/arm-none-eabi/7.2.1/../../../../arm-none-eabi/lib/thumb/v7e-m/fpv5/hard/libc_nano.a(lib_a-nano-freer.o)
                0x00000000080074c0                _free_r
 .text._malloc_r
                0x000000000800755c       0xb4 /home/kbisland/Ac6/SystemWorkbench/plugins/fr.ac6.mcu.externaltools.arm-none.linux64_1.16.0.201807130628/tools/compiler/bin/../lib/gcc/arm-none-eabi/7.2.1/../../../../arm-none-eabi/lib/thumb/v7e-m/fpv5/hard/libc_nano.a(lib_a-nano-mallocr.o)
                0x000000000800755c                _malloc_r
 .text._sbrk_r  0x0000000008007610       0x20 /home/kbisland/Ac6/SystemWorkbench/plugins/fr.ac6.mcu.externaltools.arm-none.linux64_1.16.0.201807130628/tools/compiler/bin/../lib/gcc/arm-none-eabi/7.2.1/../../../../arm-none-eabi/lib/thumb/v7e-m/fpv5/hard/libc_nano.a(lib_a-sbrkr.o)
                0x0000000008007610                _sbrk_r
 .text.__malloc_lock
                0x0000000008007630        0x2 /home/kbisland/Ac6/SystemWorkbench/plugins/fr.ac6.mcu.externaltools.arm-none.linux64_1.16.0.201807130628/tools/compiler/bin/../lib/gcc/arm-none-eabi/7.2.1/../../../../arm-none-eabi/lib/thumb/v7e-m/fpv5/hard/libc_nano.a(lib_a-mlock.o)
                0x0000000008007630                __malloc_lock
 .text.__malloc_unlock
                0x0000000008007632        0x2 /home/kbisland/Ac6/SystemWorkbench/plugins/fr.ac6.mcu.externaltools.arm-none.linux64_1.16.0.201807130628/tools/compiler/bin/../lib/gcc/arm-none-eabi/7.2.1/../../../../arm-none-eabi/lib/thumb/v7e-m/fpv5/hard/libc_nano.a(lib_a-mlock.o)
                0x0000000008007632                __malloc_unlock
 .text._sbrk    0x0000000008007634       0x1c /home/kbisland/Ac6/SystemWorkbench/plugins/fr.ac6.mcu.externaltools.arm-none.linux64_1.16.0.201807130628/tools/compiler/bin/../lib/gcc/arm-none-eabi/7.2.1/../../../../arm-none-eabi/lib/thumb/v7e-m/fpv5/hard/libnosys.a(sbrk.o)
                0x0000000008007634                _sbrk
 *(.glue_7)
 .glue_7        0x0000000008007650        0x0 linker stubs
 *(.glue_7t)
 .glue_7t       0x0000000008007650        0x0 linker stubs
 *(.eh_frame)
 .eh_frame      0x0000000008007650        0x0 /home/kbisland/Ac6/SystemWorkbench/plugins/fr.ac6.mcu.externaltools.arm-none.linux64_1.16.0.201807130628/tools/compiler/bin/../lib/gcc/arm-none-eabi/7.2.1/thumb/v7e-m/fpv5/hard/crtbegin.o
 *(.init)
 .init          0x0000000008007650        0x4 /home/kbisland/Ac6/SystemWorkbench/plugins/fr.ac6.mcu.externaltools.arm-none.linux64_1.16.0.201807130628/tools/compiler/bin/../lib/gcc/arm-none-eabi/7.2.1/thumb/v7e-m/fpv5/hard/crti.o
                0x0000000008007650                _init
 .init          0x0000000008007654        0x8 /home/kbisland/Ac6/SystemWorkbench/plugins/fr.ac6.mcu.externaltools.arm-none.linux64_1.16.0.201807130628/tools/compiler/bin/../lib/gcc/arm-none-eabi/7.2.1/thumb/v7e-m/fpv5/hard/crtn.o
 *(.fini)
 .fini          0x000000000800765c        0x4 /home/kbisland/Ac6/SystemWorkbench/plugins/fr.ac6.mcu.externaltools.arm-none.linux64_1.16.0.201807130628/tools/compiler/bin/../lib/gcc/arm-none-eabi/7.2.1/thumb/v7e-m/fpv5/hard/crti.o
                0x000000000800765c                _fini
 .fini          0x0000000008007660        0x8 /home/kbisland/Ac6/SystemWorkbench/plugins/fr.ac6.mcu.externaltools.arm-none.linux64_1.16.0.201807130628/tools/compiler/bin/../lib/gcc/arm-none-eabi/7.2.1/thumb/v7e-m/fpv5/hard/crtn.o
                0x0000000008007668                . = ALIGN (0x4)
                0x0000000008007668                _etext = .

.vfp11_veneer   0x0000000008007668        0x0
 .vfp11_veneer  0x0000000008007668        0x0 linker stubs

.v4_bx          0x0000000008007668        0x0
 .v4_bx         0x0000000008007668        0x0 linker stubs

.iplt           0x0000000008007668        0x0
 .iplt          0x0000000008007668        0x0 /home/kbisland/Ac6/SystemWorkbench/plugins/fr.ac6.mcu.externaltools.arm-none.linux64_1.16.0.201807130628/tools/compiler/bin/../lib/gcc/arm-none-eabi/7.2.1/thumb/v7e-m/fpv5/hard/crtbegin.o

.rodata         0x0000000008007668       0xd0
                0x0000000008007668                . = ALIGN (0x4)
 *(.rodata)
 .rodata        0x0000000008007668        0x8 Drivers/STM32H7xx_HAL_Driver/Src/stm32h7xx_hal_dma.o
 .rodata        0x0000000008007670       0x18 Drivers/STM32H7xx_HAL_Driver/Src/stm32h7xx_hal_uart.o
 .rodata        0x0000000008007688       0x10 Src/system_stm32h7xx.o
                0x0000000008007688                D1CorePrescTable
 *(.rodata*)
 .rodata.str1.4
                0x0000000008007698        0xe Src/main.o
 *fill*         0x00000000080076a6        0x2 
 .rodata.str1.4
                0x00000000080076a8       0x1b Src/stm32h7xx_hal_msp.o
 *fill*         0x00000000080076c3        0x1 
 .rodata.str1.4
                0x00000000080076c4       0x13 Src/usbd_conf.o
 *fill*         0x00000000080076d7        0x1 
 .rodata.str1.4
                0x00000000080076d8       0x60 Src/usbd_desc.o
                                         0x5d (size before relaxing)
                0x0000000008007738                . = ALIGN (0x4)

.ARM.extab
 *(.ARM.extab* .gnu.linkonce.armextab.*)

.ARM            0x0000000008007738        0x8
                0x0000000008007738                __exidx_start = .
 *(.ARM.exidx*)
 .ARM.exidx     0x0000000008007738        0x8 /home/kbisland/Ac6/SystemWorkbench/plugins/fr.ac6.mcu.externaltools.arm-none.linux64_1.16.0.201807130628/tools/compiler/bin/../lib/gcc/arm-none-eabi/7.2.1/thumb/v7e-m/fpv5/hard/libgcc.a(_udivmoddi4.o)
                0x0000000008007740                __exidx_end = .

.rel.dyn        0x0000000008007740        0x0
 .rel.iplt      0x0000000008007740        0x0 /home/kbisland/Ac6/SystemWorkbench/plugins/fr.ac6.mcu.externaltools.arm-none.linux64_1.16.0.201807130628/tools/compiler/bin/../lib/gcc/arm-none-eabi/7.2.1/thumb/v7e-m/fpv5/hard/crtbegin.o

.preinit_array  0x0000000008007740        0x0
                0x0000000008007740                PROVIDE (__preinit_array_start, .)
 *(.preinit_array*)
                0x0000000008007740                PROVIDE (__preinit_array_end, .)

.init_array     0x0000000008007740        0x4
                0x0000000008007740                PROVIDE (__init_array_start, .)
 *(SORT_BY_NAME(.init_array.*))
 *(.init_array*)
 .init_array    0x0000000008007740        0x4 /home/kbisland/Ac6/SystemWorkbench/plugins/fr.ac6.mcu.externaltools.arm-none.linux64_1.16.0.201807130628/tools/compiler/bin/../lib/gcc/arm-none-eabi/7.2.1/thumb/v7e-m/fpv5/hard/crtbegin.o
                0x0000000008007744                PROVIDE (__init_array_end, .)

.fini_array     0x0000000008007744        0x4
                [!provide]                        PROVIDE (__fini_array_start, .)
 *(SORT_BY_NAME(.fini_array.*))
 *(.fini_array*)
 .fini_array    0x0000000008007744        0x4 /home/kbisland/Ac6/SystemWorkbench/plugins/fr.ac6.mcu.externaltools.arm-none.linux64_1.16.0.201807130628/tools/compiler/bin/../lib/gcc/arm-none-eabi/7.2.1/thumb/v7e-m/fpv5/hard/crtbegin.o
                [!provide]                        PROVIDE (__fini_array_end, .)
                0x0000000008007748                _sidata = LOADADDR (.data)

.data           0x0000000020000000      0x278 load address 0x0000000008007748
                0x0000000020000000                . = ALIGN (0x4)
                0x0000000020000000                _sdata = .
 *(.data)
 .data          0x0000000020000000        0x8 Drivers/STM32H7xx_HAL_Driver/Src/stm32h7xx_hal.o
 .data          0x0000000020000008       0x80 Middlewares/ST/STM32_USB_Device_Library/Class/CustomHID/Src/usbd_customhid.o
                0x000000002000004c                USBD_CUSTOM_HID
 .data          0x0000000020000088        0x8 Src/system_stm32h7xx.o
                0x0000000020000088                SystemCoreClock
                0x000000002000008c                SystemD2Clock
 .data          0x0000000020000090      0x14f Src/usbd_custom_hid_if.o
                0x0000000020000090                USBTx_Data
                0x00000000200000d0                USBD_CustomHID_fops_HS
 *fill*         0x00000000200001df        0x1 
 .data          0x00000000200001e0       0x34 Src/usbd_desc.o
                0x00000000200001e0                USBD_HS_DeviceDesc
                0x00000000200001f4                USBD_LangIDDesc
                0x00000000200001f8                HS_Desc
 *(.data*)
 .data._impure_ptr
                0x0000000020000214        0x4 /home/kbisland/Ac6/SystemWorkbench/plugins/fr.ac6.mcu.externaltools.arm-none.linux64_1.16.0.201807130628/tools/compiler/bin/../lib/gcc/arm-none-eabi/7.2.1/../../../../arm-none-eabi/lib/thumb/v7e-m/fpv5/hard/libc_nano.a(lib_a-impure.o)
                0x0000000020000214                _impure_ptr
 .data.impure_data
                0x0000000020000218       0x60 /home/kbisland/Ac6/SystemWorkbench/plugins/fr.ac6.mcu.externaltools.arm-none.linux64_1.16.0.201807130628/tools/compiler/bin/../lib/gcc/arm-none-eabi/7.2.1/../../../../arm-none-eabi/lib/thumb/v7e-m/fpv5/hard/libc_nano.a(lib_a-impure.o)
                0x0000000020000278                . = ALIGN (0x4)
                0x0000000020000278                _edata = .

.igot.plt       0x0000000020000278        0x0 load address 0x00000000080079c0
 .igot.plt      0x0000000020000278        0x0 /home/kbisland/Ac6/SystemWorkbench/plugins/fr.ac6.mcu.externaltools.arm-none.linux64_1.16.0.201807130628/tools/compiler/bin/../lib/gcc/arm-none-eabi/7.2.1/thumb/v7e-m/fpv5/hard/crtbegin.o
                0x0000000020000278                . = ALIGN (0x4)

.bss            0x0000000020000278     0x1258 load address 0x00000000080079c0
                0x0000000020000278                _sbss = .
                0x0000000020000278                __bss_start__ = _sbss
 *(.bss)
 .bss           0x0000000020000278       0x1c /home/kbisland/Ac6/SystemWorkbench/plugins/fr.ac6.mcu.externaltools.arm-none.linux64_1.16.0.201807130628/tools/compiler/bin/../lib/gcc/arm-none-eabi/7.2.1/thumb/v7e-m/fpv5/hard/crtbegin.o
 .bss           0x0000000020000294        0x4 Drivers/STM32H7xx_HAL_Driver/Src/stm32h7xx_hal.o
 .bss           0x0000000020000298        0x1 Middlewares/ST/STM32_USB_Device_Library/Core/Src/usbd_ctlreq.o
 *fill*         0x0000000020000299        0x3 
 .bss           0x000000002000029c        0xe Src/main.o
                0x000000002000029c                motor
                0x00000000200002a0                send_data
 *(.bss*)
 *fill*         0x00000000200002aa        0x2 
 .bss.__malloc_free_list
                0x00000000200002ac        0x4 /home/kbisland/Ac6/SystemWorkbench/plugins/fr.ac6.mcu.externaltools.arm-none.linux64_1.16.0.201807130628/tools/compiler/bin/../lib/gcc/arm-none-eabi/7.2.1/../../../../arm-none-eabi/lib/thumb/v7e-m/fpv5/hard/libc_nano.a(lib_a-nano-mallocr.o)
                0x00000000200002ac                __malloc_free_list
 .bss.__malloc_sbrk_start
                0x00000000200002b0        0x4 /home/kbisland/Ac6/SystemWorkbench/plugins/fr.ac6.mcu.externaltools.arm-none.linux64_1.16.0.201807130628/tools/compiler/bin/../lib/gcc/arm-none-eabi/7.2.1/../../../../arm-none-eabi/lib/thumb/v7e-m/fpv5/hard/libc_nano.a(lib_a-nano-mallocr.o)
                0x00000000200002b0                __malloc_sbrk_start
 .bss.heap_end.5377
                0x00000000200002b4        0x4 /home/kbisland/Ac6/SystemWorkbench/plugins/fr.ac6.mcu.externaltools.arm-none.linux64_1.16.0.201807130628/tools/compiler/bin/../lib/gcc/arm-none-eabi/7.2.1/../../../../arm-none-eabi/lib/thumb/v7e-m/fpv5/hard/libnosys.a(sbrk.o)
 *(COMMON)
 COMMON         0x00000000200002b8      0xa1a Src/main.o
                0x00000000200002b8                usb_rx_buffer
                0x00000000200002f8                SPI5_RxBuffer
                0x0000000020000304                hspi2
                0x000000002000038c                hspi5
                0x0000000020000414                hdma_spi5_rx
                0x000000002000048c                hdma_spi2_rx
                0x0000000020000504                hdma_spi4_rx
                0x000000002000057c                hspi6
                0x0000000020000604                SPI3_RxBuffer
                0x0000000020000610                hspi3
                0x0000000020000698                SPI2_RxBuffer
                0x00000000200006a4                hdma_spi3_tx
                0x000000002000071c                i
                0x0000000020000720                huart1
                0x00000000200007a0                hdma_spi4_tx
                0x0000000020000818                hspi4
                0x00000000200008a0                hdma_spi5_tx
                0x0000000020000918                SPI1_RxBuffer
                0x0000000020000924                hspi1
                0x00000000200009ac                htim2
                0x00000000200009ec                hdma_spi1_rx
                0x0000000020000a64                hdma_spi6_rx
                0x0000000020000adc                hdma_spi2_tx
                0x0000000020000b54                SPI4_RxBuffer
                0x0000000020000b60                hdma_spi1_tx
                0x0000000020000bd8                hdma_spi6_tx
                0x0000000020000c50                hdma_spi3_rx
                0x0000000020000cc8                SPI6_RxBuffer
 COMMON         0x0000000020000cd2        0x6 Src/stm32h7xx_it.o
                0x0000000020000cd2                SPI2_Ready
                0x0000000020000cd3                SPI5_Ready
                0x0000000020000cd4                SPI1_Ready
                0x0000000020000cd5                SPI4_Ready
                0x0000000020000cd6                SPI6_Ready
                0x0000000020000cd7                SPI3_Ready
 COMMON         0x0000000020000cd8      0x224 Src/usb_device.o
                0x0000000020000cd8                hUsbDeviceHS
 COMMON         0x0000000020000efc      0x400 Src/usbd_conf.o
                0x0000000020000efc                hpcd_USB_OTG_HS
 COMMON         0x00000000200012fc      0x1d0 Src/usbd_desc.o
                0x00000000200012fc                USBD_StrDesc
 COMMON         0x00000000200014cc        0x4 /home/kbisland/Ac6/SystemWorkbench/plugins/fr.ac6.mcu.externaltools.arm-none.linux64_1.16.0.201807130628/tools/compiler/bin/../lib/gcc/arm-none-eabi/7.2.1/../../../../arm-none-eabi/lib/thumb/v7e-m/fpv5/hard/libc_nano.a(lib_a-reent.o)
                0x00000000200014cc                errno
                0x00000000200014d0                . = ALIGN (0x4)
                0x00000000200014d0                _ebss = .
                0x00000000200014d0                __bss_end__ = _ebss

._user_heap_stack
                0x00000000200014d0      0x600 load address 0x00000000080079c0
                0x00000000200014d0                . = ALIGN (0x8)
                0x00000000200014d0                PROVIDE (end, .)
                [!provide]                        PROVIDE (_end, .)
                0x00000000200016d0                . = (. + _Min_Heap_Size)
 *fill*         0x00000000200014d0      0x200 
                0x0000000020001ad0                . = (. + _Min_Stack_Size)
 *fill*         0x00000000200016d0      0x400 
                0x0000000020001ad0                . = ALIGN (0x8)

/DISCARD/
 libc.a(*)
 libm.a(*)
 libgcc.a(*)

.ARM.attributes
                0x0000000000000000       0x2e
 *(.ARM.attributes)
 .ARM.attributes
                0x0000000000000000       0x20 /home/kbisland/Ac6/SystemWorkbench/plugins/fr.ac6.mcu.externaltools.arm-none.linux64_1.16.0.201807130628/tools/compiler/bin/../lib/gcc/arm-none-eabi/7.2.1/thumb/v7e-m/fpv5/hard/crti.o
 .ARM.attributes
                0x0000000000000020       0x32 /home/kbisland/Ac6/SystemWorkbench/plugins/fr.ac6.mcu.externaltools.arm-none.linux64_1.16.0.201807130628/tools/compiler/bin/../lib/gcc/arm-none-eabi/7.2.1/thumb/v7e-m/fpv5/hard/crtbegin.o
 .ARM.attributes
                0x0000000000000052       0x37 Drivers/STM32H7xx_HAL_Driver/Src/stm32h7xx_hal.o
 .ARM.attributes
                0x0000000000000089       0x37 Drivers/STM32H7xx_HAL_Driver/Src/stm32h7xx_hal_cortex.o
 .ARM.attributes
                0x00000000000000c0       0x37 Drivers/STM32H7xx_HAL_Driver/Src/stm32h7xx_hal_dma.o
 .ARM.attributes
                0x00000000000000f7       0x37 Drivers/STM32H7xx_HAL_Driver/Src/stm32h7xx_hal_gpio.o
 .ARM.attributes
                0x000000000000012e       0x37 Drivers/STM32H7xx_HAL_Driver/Src/stm32h7xx_hal_pcd.o
 .ARM.attributes
                0x0000000000000165       0x37 Drivers/STM32H7xx_HAL_Driver/Src/stm32h7xx_hal_pcd_ex.o
 .ARM.attributes
                0x000000000000019c       0x37 Drivers/STM32H7xx_HAL_Driver/Src/stm32h7xx_hal_pwr_ex.o
 .ARM.attributes
                0x00000000000001d3       0x37 Drivers/STM32H7xx_HAL_Driver/Src/stm32h7xx_hal_rcc.o
 .ARM.attributes
                0x000000000000020a       0x37 Drivers/STM32H7xx_HAL_Driver/Src/stm32h7xx_hal_rcc_ex.o
 .ARM.attributes
                0x0000000000000241       0x37 Drivers/STM32H7xx_HAL_Driver/Src/stm32h7xx_hal_spi.o
 .ARM.attributes
                0x0000000000000278       0x37 Drivers/STM32H7xx_HAL_Driver/Src/stm32h7xx_hal_tim.o
 .ARM.attributes
                0x00000000000002af       0x37 Drivers/STM32H7xx_HAL_Driver/Src/stm32h7xx_hal_tim_ex.o
 .ARM.attributes
                0x00000000000002e6       0x37 Drivers/STM32H7xx_HAL_Driver/Src/stm32h7xx_hal_uart.o
 .ARM.attributes
                0x000000000000031d       0x37 Drivers/STM32H7xx_HAL_Driver/Src/stm32h7xx_ll_usb.o
 .ARM.attributes
                0x0000000000000354       0x37 Middlewares/ST/STM32_USB_Device_Library/Class/CustomHID/Src/usbd_customhid.o
 .ARM.attributes
                0x000000000000038b       0x37 Middlewares/ST/STM32_USB_Device_Library/Core/Src/usbd_core.o
 .ARM.attributes
                0x00000000000003c2       0x37 Middlewares/ST/STM32_USB_Device_Library/Core/Src/usbd_ctlreq.o
 .ARM.attributes
                0x00000000000003f9       0x37 Middlewares/ST/STM32_USB_Device_Library/Core/Src/usbd_ioreq.o
 .ARM.attributes
                0x0000000000000430       0x37 Src/main.o
 .ARM.attributes
                0x0000000000000467       0x37 Src/stm32h7xx_hal_msp.o
 .ARM.attributes
                0x000000000000049e       0x37 Src/stm32h7xx_it.o
 .ARM.attributes
                0x00000000000004d5       0x37 Src/system_stm32h7xx.o
 .ARM.attributes
                0x000000000000050c       0x37 Src/usb_device.o
 .ARM.attributes
                0x0000000000000543       0x37 Src/usbd_conf.o
 .ARM.attributes
                0x000000000000057a       0x37 Src/usbd_custom_hid_if.o
 .ARM.attributes
                0x00000000000005b1       0x37 Src/usbd_desc.o
 .ARM.attributes
                0x00000000000005e8       0x21 startup/startup_stm32h753xx.o
 .ARM.attributes
                0x0000000000000609       0x20 /home/kbisland/Ac6/SystemWorkbench/plugins/fr.ac6.mcu.externaltools.arm-none.linux64_1.16.0.201807130628/tools/compiler/bin/../lib/gcc/arm-none-eabi/7.2.1/thumb/v7e-m/fpv5/hard/libgcc.a(_aeabi_uldivmod.o)
 .ARM.attributes
                0x0000000000000629       0x32 /home/kbisland/Ac6/SystemWorkbench/plugins/fr.ac6.mcu.externaltools.arm-none.linux64_1.16.0.201807130628/tools/compiler/bin/../lib/gcc/arm-none-eabi/7.2.1/thumb/v7e-m/fpv5/hard/libgcc.a(_udivmoddi4.o)
 .ARM.attributes
                0x000000000000065b       0x20 /home/kbisland/Ac6/SystemWorkbench/plugins/fr.ac6.mcu.externaltools.arm-none.linux64_1.16.0.201807130628/tools/compiler/bin/../lib/gcc/arm-none-eabi/7.2.1/thumb/v7e-m/fpv5/hard/libgcc.a(_dvmd_tls.o)
 .ARM.attributes
                0x000000000000067b       0x32 /home/kbisland/Ac6/SystemWorkbench/plugins/fr.ac6.mcu.externaltools.arm-none.linux64_1.16.0.201807130628/tools/compiler/bin/../lib/gcc/arm-none-eabi/7.2.1/../../../../arm-none-eabi/lib/thumb/v7e-m/fpv5/hard/libc_nano.a(lib_a-impure.o)
 .ARM.attributes
                0x00000000000006ad       0x32 /home/kbisland/Ac6/SystemWorkbench/plugins/fr.ac6.mcu.externaltools.arm-none.linux64_1.16.0.201807130628/tools/compiler/bin/../lib/gcc/arm-none-eabi/7.2.1/../../../../arm-none-eabi/lib/thumb/v7e-m/fpv5/hard/libc_nano.a(lib_a-init.o)
 .ARM.attributes
                0x00000000000006df       0x32 /home/kbisland/Ac6/SystemWorkbench/plugins/fr.ac6.mcu.externaltools.arm-none.linux64_1.16.0.201807130628/tools/compiler/bin/../lib/gcc/arm-none-eabi/7.2.1/../../../../arm-none-eabi/lib/thumb/v7e-m/fpv5/hard/libc_nano.a(lib_a-malloc.o)
 .ARM.attributes
                0x0000000000000711       0x32 /home/kbisland/Ac6/SystemWorkbench/plugins/fr.ac6.mcu.externaltools.arm-none.linux64_1.16.0.201807130628/tools/compiler/bin/../lib/gcc/arm-none-eabi/7.2.1/../../../../arm-none-eabi/lib/thumb/v7e-m/fpv5/hard/libc_nano.a(lib_a-nano-freer.o)
 .ARM.attributes
                0x0000000000000743       0x32 /home/kbisland/Ac6/SystemWorkbench/plugins/fr.ac6.mcu.externaltools.arm-none.linux64_1.16.0.201807130628/tools/compiler/bin/../lib/gcc/arm-none-eabi/7.2.1/../../../../arm-none-eabi/lib/thumb/v7e-m/fpv5/hard/libc_nano.a(lib_a-nano-mallocr.o)
 .ARM.attributes
                0x0000000000000775       0x32 /home/kbisland/Ac6/SystemWorkbench/plugins/fr.ac6.mcu.externaltools.arm-none.linux64_1.16.0.201807130628/tools/compiler/bin/../lib/gcc/arm-none-eabi/7.2.1/../../../../arm-none-eabi/lib/thumb/v7e-m/fpv5/hard/libc_nano.a(lib_a-sbrkr.o)
 .ARM.attributes
                0x00000000000007a7       0x32 /home/kbisland/Ac6/SystemWorkbench/plugins/fr.ac6.mcu.externaltools.arm-none.linux64_1.16.0.201807130628/tools/compiler/bin/../lib/gcc/arm-none-eabi/7.2.1/../../../../arm-none-eabi/lib/thumb/v7e-m/fpv5/hard/libc_nano.a(lib_a-mlock.o)
 .ARM.attributes
                0x00000000000007d9       0x32 /home/kbisland/Ac6/SystemWorkbench/plugins/fr.ac6.mcu.externaltools.arm-none.linux64_1.16.0.201807130628/tools/compiler/bin/../lib/gcc/arm-none-eabi/7.2.1/../../../../arm-none-eabi/lib/thumb/v7e-m/fpv5/hard/libc_nano.a(lib_a-reent.o)
 .ARM.attributes
                0x000000000000080b       0x32 /home/kbisland/Ac6/SystemWorkbench/plugins/fr.ac6.mcu.externaltools.arm-none.linux64_1.16.0.201807130628/tools/compiler/bin/../lib/gcc/arm-none-eabi/7.2.1/../../../../arm-none-eabi/lib/thumb/v7e-m/fpv5/hard/libnosys.a(sbrk.o)
 .ARM.attributes
                0x000000000000083d       0x20 /home/kbisland/Ac6/SystemWorkbench/plugins/fr.ac6.mcu.externaltools.arm-none.linux64_1.16.0.201807130628/tools/compiler/bin/../lib/gcc/arm-none-eabi/7.2.1/thumb/v7e-m/fpv5/hard/crtn.o
OUTPUT(MotherboardFirmware.elf elf32-littlearm)

.debug_info     0x0000000000000000    0x2d5b5
 .debug_info    0x0000000000000000     0x1d51 Drivers/STM32H7xx_HAL_Driver/Src/stm32h7xx_hal.o
 .debug_info    0x0000000000001d51     0x1ad2 Drivers/STM32H7xx_HAL_Driver/Src/stm32h7xx_hal_cortex.o
 .debug_info    0x0000000000003823     0x1588 Drivers/STM32H7xx_HAL_Driver/Src/stm32h7xx_hal_dma.o
 .debug_info    0x0000000000004dab     0x14a9 Drivers/STM32H7xx_HAL_Driver/Src/stm32h7xx_hal_gpio.o
 .debug_info    0x0000000000006254     0x1e56 Drivers/STM32H7xx_HAL_Driver/Src/stm32h7xx_hal_pcd.o
 .debug_info    0x00000000000080aa     0x1308 Drivers/STM32H7xx_HAL_Driver/Src/stm32h7xx_hal_pcd_ex.o
 .debug_info    0x00000000000093b2     0x16ed Drivers/STM32H7xx_HAL_Driver/Src/stm32h7xx_hal_pwr_ex.o
 .debug_info    0x000000000000aa9f     0x1b12 Drivers/STM32H7xx_HAL_Driver/Src/stm32h7xx_hal_rcc.o
 .debug_info    0x000000000000c5b1     0x218b Drivers/STM32H7xx_HAL_Driver/Src/stm32h7xx_hal_rcc_ex.o
 .debug_info    0x000000000000e73c     0x2166 Drivers/STM32H7xx_HAL_Driver/Src/stm32h7xx_hal_spi.o
 .debug_info    0x00000000000108a2     0x391f Drivers/STM32H7xx_HAL_Driver/Src/stm32h7xx_hal_tim.o
 .debug_info    0x00000000000141c1     0x1e77 Drivers/STM32H7xx_HAL_Driver/Src/stm32h7xx_hal_tim_ex.o
 .debug_info    0x0000000000016038     0x2759 Drivers/STM32H7xx_HAL_Driver/Src/stm32h7xx_hal_uart.o
 .debug_info    0x0000000000018791     0x1f6b Drivers/STM32H7xx_HAL_Driver/Src/stm32h7xx_ll_usb.o
 .debug_info    0x000000000001a6fc     0x13af Middlewares/ST/STM32_USB_Device_Library/Class/CustomHID/Src/usbd_customhid.o
 .debug_info    0x000000000001baab     0x1500 Middlewares/ST/STM32_USB_Device_Library/Core/Src/usbd_core.o
 .debug_info    0x000000000001cfab     0x16c1 Middlewares/ST/STM32_USB_Device_Library/Core/Src/usbd_ctlreq.o
 .debug_info    0x000000000001e66c     0x1029 Middlewares/ST/STM32_USB_Device_Library/Core/Src/usbd_ioreq.o
 .debug_info    0x000000000001f695     0x35f9 Src/main.o
 .debug_info    0x0000000000022c8e     0x28d1 Src/stm32h7xx_hal_msp.o
 .debug_info    0x000000000002555f     0x19a4 Src/stm32h7xx_it.o
 .debug_info    0x0000000000026f03     0x1198 Src/system_stm32h7xx.o
 .debug_info    0x000000000002809b      0xed4 Src/usb_device.o
 .debug_info    0x0000000000028f6f     0x297d Src/usbd_conf.o
 .debug_info    0x000000000002b8ec      0xf1e Src/usbd_custom_hid_if.o
 .debug_info    0x000000000002c80a      0xd89 Src/usbd_desc.o
 .debug_info    0x000000000002d593       0x22 startup/startup_stm32h753xx.o

.debug_abbrev   0x0000000000000000     0x4dcc
 .debug_abbrev  0x0000000000000000      0x37b Drivers/STM32H7xx_HAL_Driver/Src/stm32h7xx_hal.o
 .debug_abbrev  0x000000000000037b      0x3fd Drivers/STM32H7xx_HAL_Driver/Src/stm32h7xx_hal_cortex.o
 .debug_abbrev  0x0000000000000778      0x31b Drivers/STM32H7xx_HAL_Driver/Src/stm32h7xx_hal_dma.o
 .debug_abbrev  0x0000000000000a93      0x2e1 Drivers/STM32H7xx_HAL_Driver/Src/stm32h7xx_hal_gpio.o
 .debug_abbrev  0x0000000000000d74      0x358 Drivers/STM32H7xx_HAL_Driver/Src/stm32h7xx_hal_pcd.o
 .debug_abbrev  0x00000000000010cc      0x31e Drivers/STM32H7xx_HAL_Driver/Src/stm32h7xx_hal_pcd_ex.o
 .debug_abbrev  0x00000000000013ea      0x37f Drivers/STM32H7xx_HAL_Driver/Src/stm32h7xx_hal_pwr_ex.o
 .debug_abbrev  0x0000000000001769      0x35a Drivers/STM32H7xx_HAL_Driver/Src/stm32h7xx_hal_rcc.o
 .debug_abbrev  0x0000000000001ac3      0x389 Drivers/STM32H7xx_HAL_Driver/Src/stm32h7xx_hal_rcc_ex.o
 .debug_abbrev  0x0000000000001e4c      0x312 Drivers/STM32H7xx_HAL_Driver/Src/stm32h7xx_hal_spi.o
 .debug_abbrev  0x000000000000215e      0x2ef Drivers/STM32H7xx_HAL_Driver/Src/stm32h7xx_hal_tim.o
 .debug_abbrev  0x000000000000244d      0x2ef Drivers/STM32H7xx_HAL_Driver/Src/stm32h7xx_hal_tim_ex.o
 .debug_abbrev  0x000000000000273c      0x33d Drivers/STM32H7xx_HAL_Driver/Src/stm32h7xx_hal_uart.o
 .debug_abbrev  0x0000000000002a79      0x315 Drivers/STM32H7xx_HAL_Driver/Src/stm32h7xx_ll_usb.o
 .debug_abbrev  0x0000000000002d8e      0x31b Middlewares/ST/STM32_USB_Device_Library/Class/CustomHID/Src/usbd_customhid.o
 .debug_abbrev  0x00000000000030a9      0x2bb Middlewares/ST/STM32_USB_Device_Library/Core/Src/usbd_core.o
 .debug_abbrev  0x0000000000003364      0x338 Middlewares/ST/STM32_USB_Device_Library/Core/Src/usbd_ctlreq.o
 .debug_abbrev  0x000000000000369c      0x224 Middlewares/ST/STM32_USB_Device_Library/Core/Src/usbd_ioreq.o
 .debug_abbrev  0x00000000000038c0      0x323 Src/main.o
 .debug_abbrev  0x0000000000003be3      0x2dc Src/stm32h7xx_hal_msp.o
 .debug_abbrev  0x0000000000003ebf      0x275 Src/stm32h7xx_it.o
 .debug_abbrev  0x0000000000004134      0x274 Src/system_stm32h7xx.o
 .debug_abbrev  0x00000000000043a8      0x238 Src/usb_device.o
 .debug_abbrev  0x00000000000045e0      0x2fc Src/usbd_conf.o
 .debug_abbrev  0x00000000000048dc      0x258 Src/usbd_custom_hid_if.o
 .debug_abbrev  0x0000000000004b34      0x286 Src/usbd_desc.o
 .debug_abbrev  0x0000000000004dba       0x12 startup/startup_stm32h753xx.o

.debug_loc      0x0000000000000000    0x10d1f
 .debug_loc     0x0000000000000000      0x434 Drivers/STM32H7xx_HAL_Driver/Src/stm32h7xx_hal.o
 .debug_loc     0x0000000000000434      0x5ac Drivers/STM32H7xx_HAL_Driver/Src/stm32h7xx_hal_cortex.o
 .debug_loc     0x00000000000009e0      0xf06 Drivers/STM32H7xx_HAL_Driver/Src/stm32h7xx_hal_dma.o
 .debug_loc     0x00000000000018e6      0x43e Drivers/STM32H7xx_HAL_Driver/Src/stm32h7xx_hal_gpio.o
 .debug_loc     0x0000000000001d24      0xe3f Drivers/STM32H7xx_HAL_Driver/Src/stm32h7xx_hal_pcd.o
 .debug_loc     0x0000000000002b63      0x18d Drivers/STM32H7xx_HAL_Driver/Src/stm32h7xx_hal_pcd_ex.o
 .debug_loc     0x0000000000002cf0      0x2e7 Drivers/STM32H7xx_HAL_Driver/Src/stm32h7xx_hal_pwr_ex.o
 .debug_loc     0x0000000000002fd7      0x711 Drivers/STM32H7xx_HAL_Driver/Src/stm32h7xx_hal_rcc.o
 .debug_loc     0x00000000000036e8     0x1740 Drivers/STM32H7xx_HAL_Driver/Src/stm32h7xx_hal_rcc_ex.o
 .debug_loc     0x0000000000004e28     0x160a Drivers/STM32H7xx_HAL_Driver/Src/stm32h7xx_hal_spi.o
 .debug_loc     0x0000000000006432     0x3891 Drivers/STM32H7xx_HAL_Driver/Src/stm32h7xx_hal_tim.o
 .debug_loc     0x0000000000009cc3     0x1725 Drivers/STM32H7xx_HAL_Driver/Src/stm32h7xx_hal_tim_ex.o
 .debug_loc     0x000000000000b3e8     0x18a8 Drivers/STM32H7xx_HAL_Driver/Src/stm32h7xx_hal_uart.o
 .debug_loc     0x000000000000cc90     0x13d0 Drivers/STM32H7xx_HAL_Driver/Src/stm32h7xx_ll_usb.o
 .debug_loc     0x000000000000e060      0x576 Middlewares/ST/STM32_USB_Device_Library/Class/CustomHID/Src/usbd_customhid.o
 .debug_loc     0x000000000000e5d6      0x6f8 Middlewares/ST/STM32_USB_Device_Library/Core/Src/usbd_core.o
 .debug_loc     0x000000000000ecce      0xb64 Middlewares/ST/STM32_USB_Device_Library/Core/Src/usbd_ctlreq.o
 .debug_loc     0x000000000000f832      0x23c Middlewares/ST/STM32_USB_Device_Library/Core/Src/usbd_ioreq.o
 .debug_loc     0x000000000000fa6e       0x13 Src/main.o
 .debug_loc     0x000000000000fa81      0x19f Src/stm32h7xx_hal_msp.o
 .debug_loc     0x000000000000fc20      0x21f Src/system_stm32h7xx.o
 .debug_loc     0x000000000000fe3f      0xbe7 Src/usbd_conf.o
 .debug_loc     0x0000000000010a26       0x42 Src/usbd_custom_hid_if.o
 .debug_loc     0x0000000000010a68      0x2b7 Src/usbd_desc.o

.debug_aranges  0x0000000000000000     0x1748
 .debug_aranges
                0x0000000000000000      0x1a0 Drivers/STM32H7xx_HAL_Driver/Src/stm32h7xx_hal.o
 .debug_aranges
                0x00000000000001a0       0xb0 Drivers/STM32H7xx_HAL_Driver/Src/stm32h7xx_hal_cortex.o
 .debug_aranges
                0x0000000000000250       0xa0 Drivers/STM32H7xx_HAL_Driver/Src/stm32h7xx_hal_dma.o
 .debug_aranges
                0x00000000000002f0       0x58 Drivers/STM32H7xx_HAL_Driver/Src/stm32h7xx_hal_gpio.o
 .debug_aranges
                0x0000000000000348      0x120 Drivers/STM32H7xx_HAL_Driver/Src/stm32h7xx_hal_pcd.o
 .debug_aranges
                0x0000000000000468       0x60 Drivers/STM32H7xx_HAL_Driver/Src/stm32h7xx_hal_pcd_ex.o
 .debug_aranges
                0x00000000000004c8      0x150 Drivers/STM32H7xx_HAL_Driver/Src/stm32h7xx_hal_pwr_ex.o
 .debug_aranges
                0x0000000000000618       0x80 Drivers/STM32H7xx_HAL_Driver/Src/stm32h7xx_hal_rcc.o
 .debug_aranges
                0x0000000000000698       0xe0 Drivers/STM32H7xx_HAL_Driver/Src/stm32h7xx_hal_rcc_ex.o
 .debug_aranges
                0x0000000000000778      0x1d0 Drivers/STM32H7xx_HAL_Driver/Src/stm32h7xx_hal_spi.o
 .debug_aranges
                0x0000000000000948      0x378 Drivers/STM32H7xx_HAL_Driver/Src/stm32h7xx_hal_tim.o
 .debug_aranges
                0x0000000000000cc0      0x158 Drivers/STM32H7xx_HAL_Driver/Src/stm32h7xx_hal_tim_ex.o
 .debug_aranges
                0x0000000000000e18      0x1e8 Drivers/STM32H7xx_HAL_Driver/Src/stm32h7xx_hal_uart.o
 .debug_aranges
                0x0000000000001000      0x180 Drivers/STM32H7xx_HAL_Driver/Src/stm32h7xx_ll_usb.o
 .debug_aranges
                0x0000000000001180       0x68 Middlewares/ST/STM32_USB_Device_Library/Class/CustomHID/Src/usbd_customhid.o
 .debug_aranges
                0x00000000000011e8       0xb8 Middlewares/ST/STM32_USB_Device_Library/Core/Src/usbd_core.o
 .debug_aranges
                0x00000000000012a0       0x88 Middlewares/ST/STM32_USB_Device_Library/Core/Src/usbd_ctlreq.o
 .debug_aranges
                0x0000000000001328       0x50 Middlewares/ST/STM32_USB_Device_Library/Core/Src/usbd_ioreq.o
 .debug_aranges
                0x0000000000001378       0x90 Src/main.o
 .debug_aranges
                0x0000000000001408       0x50 Src/stm32h7xx_hal_msp.o
 .debug_aranges
                0x0000000000001458      0x108 Src/stm32h7xx_it.o
 .debug_aranges
                0x0000000000001560       0x28 Src/system_stm32h7xx.o
 .debug_aranges
                0x0000000000001588       0x20 Src/usb_device.o
 .debug_aranges
                0x00000000000015a8       0xf8 Src/usbd_conf.o
 .debug_aranges
                0x00000000000016a0       0x30 Src/usbd_custom_hid_if.o
 .debug_aranges
                0x00000000000016d0       0x50 Src/usbd_desc.o
 .debug_aranges
                0x0000000000001720       0x28 startup/startup_stm32h753xx.o

.debug_ranges   0x0000000000000000     0x1600
 .debug_ranges  0x0000000000000000      0x190 Drivers/STM32H7xx_HAL_Driver/Src/stm32h7xx_hal.o
 .debug_ranges  0x0000000000000190      0x100 Drivers/STM32H7xx_HAL_Driver/Src/stm32h7xx_hal_cortex.o
 .debug_ranges  0x0000000000000290       0x90 Drivers/STM32H7xx_HAL_Driver/Src/stm32h7xx_hal_dma.o
 .debug_ranges  0x0000000000000320       0x48 Drivers/STM32H7xx_HAL_Driver/Src/stm32h7xx_hal_gpio.o
 .debug_ranges  0x0000000000000368      0x110 Drivers/STM32H7xx_HAL_Driver/Src/stm32h7xx_hal_pcd.o
 .debug_ranges  0x0000000000000478       0x50 Drivers/STM32H7xx_HAL_Driver/Src/stm32h7xx_hal_pcd_ex.o
 .debug_ranges  0x00000000000004c8      0x140 Drivers/STM32H7xx_HAL_Driver/Src/stm32h7xx_hal_pwr_ex.o
 .debug_ranges  0x0000000000000608       0x70 Drivers/STM32H7xx_HAL_Driver/Src/stm32h7xx_hal_rcc.o
 .debug_ranges  0x0000000000000678       0xd0 Drivers/STM32H7xx_HAL_Driver/Src/stm32h7xx_hal_rcc_ex.o
 .debug_ranges  0x0000000000000748      0x1c0 Drivers/STM32H7xx_HAL_Driver/Src/stm32h7xx_hal_spi.o
 .debug_ranges  0x0000000000000908      0x368 Drivers/STM32H7xx_HAL_Driver/Src/stm32h7xx_hal_tim.o
 .debug_ranges  0x0000000000000c70      0x148 Drivers/STM32H7xx_HAL_Driver/Src/stm32h7xx_hal_tim_ex.o
 .debug_ranges  0x0000000000000db8      0x1d8 Drivers/STM32H7xx_HAL_Driver/Src/stm32h7xx_hal_uart.o
 .debug_ranges  0x0000000000000f90      0x170 Drivers/STM32H7xx_HAL_Driver/Src/stm32h7xx_ll_usb.o
 .debug_ranges  0x0000000000001100       0x58 Middlewares/ST/STM32_USB_Device_Library/Class/CustomHID/Src/usbd_customhid.o
 .debug_ranges  0x0000000000001158       0xa8 Middlewares/ST/STM32_USB_Device_Library/Core/Src/usbd_core.o
 .debug_ranges  0x0000000000001200       0x78 Middlewares/ST/STM32_USB_Device_Library/Core/Src/usbd_ctlreq.o
 .debug_ranges  0x0000000000001278       0x40 Middlewares/ST/STM32_USB_Device_Library/Core/Src/usbd_ioreq.o
 .debug_ranges  0x00000000000012b8       0x80 Src/main.o
 .debug_ranges  0x0000000000001338       0x40 Src/stm32h7xx_hal_msp.o
 .debug_ranges  0x0000000000001378       0xf8 Src/stm32h7xx_it.o
 .debug_ranges  0x0000000000001470       0x18 Src/system_stm32h7xx.o
 .debug_ranges  0x0000000000001488       0x10 Src/usb_device.o
 .debug_ranges  0x0000000000001498       0xe8 Src/usbd_conf.o
 .debug_ranges  0x0000000000001580       0x20 Src/usbd_custom_hid_if.o
 .debug_ranges  0x00000000000015a0       0x40 Src/usbd_desc.o
 .debug_ranges  0x00000000000015e0       0x20 startup/startup_stm32h753xx.o

.debug_macro    0x0000000000000000    0x3874e
 .debug_macro   0x0000000000000000      0x3a2 Drivers/STM32H7xx_HAL_Driver/Src/stm32h7xx_hal.o
 .debug_macro   0x00000000000003a2      0xa6c Drivers/STM32H7xx_HAL_Driver/Src/stm32h7xx_hal.o
 .debug_macro   0x0000000000000e0e       0xa0 Drivers/STM32H7xx_HAL_Driver/Src/stm32h7xx_hal.o
 .debug_macro   0x0000000000000eae       0xb8 Drivers/STM32H7xx_HAL_Driver/Src/stm32h7xx_hal.o
 .debug_macro   0x0000000000000f66       0x2e Drivers/STM32H7xx_HAL_Driver/Src/stm32h7xx_hal.o
 .debug_macro   0x0000000000000f94       0x3b Drivers/STM32H7xx_HAL_Driver/Src/stm32h7xx_hal.o
 .debug_macro   0x0000000000000fcf       0x22 Drivers/STM32H7xx_HAL_Driver/Src/stm32h7xx_hal.o
 .debug_macro   0x0000000000000ff1       0x87 Drivers/STM32H7xx_HAL_Driver/Src/stm32h7xx_hal.o
 .debug_macro   0x0000000000001078       0x51 Drivers/STM32H7xx_HAL_Driver/Src/stm32h7xx_hal.o
 .debug_macro   0x00000000000010c9       0xef Drivers/STM32H7xx_HAL_Driver/Src/stm32h7xx_hal.o
 .debug_macro   0x00000000000011b8       0x6a Drivers/STM32H7xx_HAL_Driver/Src/stm32h7xx_hal.o
 .debug_macro   0x0000000000001222      0x1df Drivers/STM32H7xx_HAL_Driver/Src/stm32h7xx_hal.o
 .debug_macro   0x0000000000001401       0x22 Drivers/STM32H7xx_HAL_Driver/Src/stm32h7xx_hal.o
 .debug_macro   0x0000000000001423       0xaf Drivers/STM32H7xx_HAL_Driver/Src/stm32h7xx_hal.o
 .debug_macro   0x00000000000014d2     0x128e Drivers/STM32H7xx_HAL_Driver/Src/stm32h7xx_hal.o