Archive member included to satisfy reference by file (symbol)

/home/kbisland/Ac6/SystemWorkbench/plugins/fr.ac6.mcu.externaltools.arm-none.linux64_1.16.0.201807130628/tools/compiler/bin/../lib/gcc/arm-none-eabi/7.2.1/../../../../arm-none-eabi/lib/thumb/v7e-m/fpv5/hard/libstdc++_nano.a(del_ops.o)
                              Src/FootSensorAPI/FootSensor.o (operator delete(void*, unsigned int))
/home/kbisland/Ac6/SystemWorkbench/plugins/fr.ac6.mcu.externaltools.arm-none.linux64_1.16.0.201807130628/tools/compiler/bin/../lib/gcc/arm-none-eabi/7.2.1/../../../../arm-none-eabi/lib/thumb/v7e-m/fpv5/hard/libstdc++_nano.a(del_op.o)
                              /home/kbisland/Ac6/SystemWorkbench/plugins/fr.ac6.mcu.externaltools.arm-none.linux64_1.16.0.201807130628/tools/compiler/bin/../lib/gcc/arm-none-eabi/7.2.1/../../../../arm-none-eabi/lib/thumb/v7e-m/fpv5/hard/libstdc++_nano.a(del_ops.o) (operator delete(void*))
/home/kbisland/Ac6/SystemWorkbench/plugins/fr.ac6.mcu.externaltools.arm-none.linux64_1.16.0.201807130628/tools/compiler/bin/../lib/gcc/arm-none-eabi/7.2.1/thumb/v7e-m/fpv5/hard/libgcc.a(_aeabi_uldivmod.o)
                              Drivers/STM32H7xx_HAL_Driver/Src/stm32h7xx_hal_uart.o (__aeabi_uldivmod)
/home/kbisland/Ac6/SystemWorkbench/plugins/fr.ac6.mcu.externaltools.arm-none.linux64_1.16.0.201807130628/tools/compiler/bin/../lib/gcc/arm-none-eabi/7.2.1/thumb/v7e-m/fpv5/hard/libgcc.a(_udivmoddi4.o)
                              /home/kbisland/Ac6/SystemWorkbench/plugins/fr.ac6.mcu.externaltools.arm-none.linux64_1.16.0.201807130628/tools/compiler/bin/../lib/gcc/arm-none-eabi/7.2.1/thumb/v7e-m/fpv5/hard/libgcc.a(_aeabi_uldivmod.o) (__udivmoddi4)
/home/kbisland/Ac6/SystemWorkbench/plugins/fr.ac6.mcu.externaltools.arm-none.linux64_1.16.0.201807130628/tools/compiler/bin/../lib/gcc/arm-none-eabi/7.2.1/thumb/v7e-m/fpv5/hard/libgcc.a(_dvmd_tls.o)
                              /home/kbisland/Ac6/SystemWorkbench/plugins/fr.ac6.mcu.externaltools.arm-none.linux64_1.16.0.201807130628/tools/compiler/bin/../lib/gcc/arm-none-eabi/7.2.1/thumb/v7e-m/fpv5/hard/libgcc.a(_aeabi_uldivmod.o) (__aeabi_ldiv0)
/home/kbisland/Ac6/SystemWorkbench/plugins/fr.ac6.mcu.externaltools.arm-none.linux64_1.16.0.201807130628/tools/compiler/bin/../lib/gcc/arm-none-eabi/7.2.1/../../../../arm-none-eabi/lib/thumb/v7e-m/fpv5/hard/libc_nano.a(lib_a-exit.o)
                              /home/kbisland/Ac6/SystemWorkbench/plugins/fr.ac6.mcu.externaltools.arm-none.linux64_1.16.0.201807130628/tools/compiler/bin/../lib/gcc/arm-none-eabi/7.2.1/../../../../arm-none-eabi/lib/thumb/v7e-m/fpv5/hard/crt0.o (exit)
/home/kbisland/Ac6/SystemWorkbench/plugins/fr.ac6.mcu.externaltools.arm-none.linux64_1.16.0.201807130628/tools/compiler/bin/../lib/gcc/arm-none-eabi/7.2.1/../../../../arm-none-eabi/lib/thumb/v7e-m/fpv5/hard/libc_nano.a(lib_a-impure.o)
                              /home/kbisland/Ac6/SystemWorkbench/plugins/fr.ac6.mcu.externaltools.arm-none.linux64_1.16.0.201807130628/tools/compiler/bin/../lib/gcc/arm-none-eabi/7.2.1/../../../../arm-none-eabi/lib/thumb/v7e-m/fpv5/hard/libc_nano.a(lib_a-exit.o) (_global_impure_ptr)
/home/kbisland/Ac6/SystemWorkbench/plugins/fr.ac6.mcu.externaltools.arm-none.linux64_1.16.0.201807130628/tools/compiler/bin/../lib/gcc/arm-none-eabi/7.2.1/../../../../arm-none-eabi/lib/thumb/v7e-m/fpv5/hard/libc_nano.a(lib_a-init.o)
                              /home/kbisland/Ac6/SystemWorkbench/plugins/fr.ac6.mcu.externaltools.arm-none.linux64_1.16.0.201807130628/tools/compiler/bin/../lib/gcc/arm-none-eabi/7.2.1/../../../../arm-none-eabi/lib/thumb/v7e-m/fpv5/hard/crt0.o (__libc_init_array)
/home/kbisland/Ac6/SystemWorkbench/plugins/fr.ac6.mcu.externaltools.arm-none.linux64_1.16.0.201807130628/tools/compiler/bin/../lib/gcc/arm-none-eabi/7.2.1/../../../../arm-none-eabi/lib/thumb/v7e-m/fpv5/hard/libc_nano.a(lib_a-malloc.o)
                              Middlewares/ST/STM32_USB_Device_Library/Class/CustomHID/Src/usbd_customhid.o (malloc)
/home/kbisland/Ac6/SystemWorkbench/plugins/fr.ac6.mcu.externaltools.arm-none.linux64_1.16.0.201807130628/tools/compiler/bin/../lib/gcc/arm-none-eabi/7.2.1/../../../../arm-none-eabi/lib/thumb/v7e-m/fpv5/hard/libc_nano.a(lib_a-memset.o)
                              /home/kbisland/Ac6/SystemWorkbench/plugins/fr.ac6.mcu.externaltools.arm-none.linux64_1.16.0.201807130628/tools/compiler/bin/../lib/gcc/arm-none-eabi/7.2.1/../../../../arm-none-eabi/lib/thumb/v7e-m/fpv5/hard/crt0.o (memset)
/home/kbisland/Ac6/SystemWorkbench/plugins/fr.ac6.mcu.externaltools.arm-none.linux64_1.16.0.201807130628/tools/compiler/bin/../lib/gcc/arm-none-eabi/7.2.1/../../../../arm-none-eabi/lib/thumb/v7e-m/fpv5/hard/libc_nano.a(lib_a-nano-freer.o)
                              /home/kbisland/Ac6/SystemWorkbench/plugins/fr.ac6.mcu.externaltools.arm-none.linux64_1.16.0.201807130628/tools/compiler/bin/../lib/gcc/arm-none-eabi/7.2.1/../../../../arm-none-eabi/lib/thumb/v7e-m/fpv5/hard/libc_nano.a(lib_a-malloc.o) (_free_r)
[...]
Memory Configuration

Name             Origin             Length             Attributes
DTCMRAM          0x0000000020000000 0x0000000000020000 xrw
RAM_D1           0x0000000024000000 0x0000000000080000 xrw
RAM_D2           0x0000000030000000 0x0000000000048000 xrw
RAM_D3           0x0000000038000000 0x0000000000010000 xrw
ITCMRAM          0x0000000000000000 0x0000000000010000 xrw
FLASH            0x0000000008000000 0x0000000000200000 xr
*default*        0x0000000000000000 0xffffffffffffffff

Linker script and memory map

LOAD /home/kbisland/Ac6/SystemWorkbench/plugins/fr.ac6.mcu.externaltools.arm-none.linux64_1.16.0.201807130628/tools/compiler/bin/../lib/gcc/arm-none-eabi/7.2.1/thumb/v7e-m/fpv5/hard/crti.o
LOAD /home/kbisland/Ac6/SystemWorkbench/plugins/fr.ac6.mcu.externaltools.arm-none.linux64_1.16.0.201807130628/tools/compiler/bin/../lib/gcc/arm-none-eabi/7.2.1/thumb/v7e-m/fpv5/hard/crtbegin.o
LOAD /home/kbisland/Ac6/SystemWorkbench/plugins/fr.ac6.mcu.externaltools.arm-none.linux64_1.16.0.201807130628/tools/compiler/bin/../lib/gcc/arm-none-eabi/7.2.1/../../../../arm-none-eabi/lib/thumb/v7e-m/fpv5/hard/crt0.o
LOAD Drivers/STM32H7xx_HAL_Driver/Src/stm32h7xx_hal.o
LOAD Drivers/STM32H7xx_HAL_Driver/Src/stm32h7xx_hal_cortex.o
LOAD Drivers/STM32H7xx_HAL_Driver/Src/stm32h7xx_hal_dma.o
LOAD Drivers/STM32H7xx_HAL_Driver/Src/stm32h7xx_hal_dma_ex.o
LOAD Drivers/STM32H7xx_HAL_Driver/Src/stm32h7xx_hal_flash.o
LOAD Drivers/STM32H7xx_HAL_Driver/Src/stm32h7xx_hal_flash_ex.o
LOAD Drivers/STM32H7xx_HAL_Driver/Src/stm32h7xx_hal_gpio.o
LOAD Drivers/STM32H7xx_HAL_Driver/Src/stm32h7xx_hal_hsem.o
LOAD Drivers/STM32H7xx_HAL_Driver/Src/stm32h7xx_hal_i2c.o
LOAD Drivers/STM32H7xx_HAL_Driver/Src/stm32h7xx_hal_i2c_ex.o
LOAD Drivers/STM32H7xx_HAL_Driver/Src/stm32h7xx_hal_mdma.o
LOAD Drivers/STM32H7xx_HAL_Driver/Src/stm32h7xx_hal_pcd.o
LOAD Drivers/STM32H7xx_HAL_Driver/Src/stm32h7xx_hal_pcd_ex.o
LOAD Drivers/STM32H7xx_HAL_Driver/Src/stm32h7xx_hal_pwr.o
LOAD Drivers/STM32H7xx_HAL_Driver/Src/stm32h7xx_hal_pwr_ex.o
LOAD Drivers/STM32H7xx_HAL_Driver/Src/stm32h7xx_hal_rcc.o
LOAD Drivers/STM32H7xx_HAL_Driver/Src/stm32h7xx_hal_rcc_ex.o
LOAD Drivers/STM32H7xx_HAL_Driver/Src/stm32h7xx_hal_spi.o
LOAD Drivers/STM32H7xx_HAL_Driver/Src/stm32h7xx_hal_spi_ex.o
LOAD Drivers/STM32H7xx_HAL_Driver/Src/stm32h7xx_hal_tim.o
LOAD Drivers/STM32H7xx_HAL_Driver/Src/stm32h7xx_hal_tim_ex.o
LOAD Drivers/STM32H7xx_HAL_Driver/Src/stm32h7xx_hal_uart.o
LOAD Drivers/STM32H7xx_HAL_Driver/Src/stm32h7xx_hal_uart_ex.o
LOAD Drivers/STM32H7xx_HAL_Driver/Src/stm32h7xx_ll_usb.o
LOAD Middlewares/ST/STM32_USB_Device_Library/Class/CustomHID/Src/usbd_customhid.o
LOAD Middlewares/ST/STM32_USB_Device_Library/Core/Src/usbd_core.o
LOAD Middlewares/ST/STM32_USB_Device_Library/Core/Src/usbd_ctlreq.o
LOAD Middlewares/ST/STM32_USB_Device_Library/Core/Src/usbd_ioreq.o
LOAD Src/FootSensorAPI/FootSensor.o
LOAD Src/HeadTailAPI/HeadTail.o
LOAD Src/IMUBreakoutAPI/IMUBreaout.o
LOAD Src/LegAPI/Leg.o
LOAD Src/SmartServoAPI/SmartServo.o
LOAD Src/main.o
LOAD Src/stm32h7xx_hal_msp.o
LOAD Src/stm32h7xx_it.o
LOAD Src/system_stm32h7xx.o
LOAD Src/usb_device.o
LOAD Src/usbd_conf.o
LOAD Src/usbd_custom_hid_if.o
LOAD Src/usbd_desc.o
LOAD startup/startup_stm32h753xx.o
LOAD /home/kbisland/Ac6/SystemWorkbench/plugins/fr.ac6.mcu.externaltools.arm-none.linux64_1.16.0.201807130628/tools/compiler/bin/../lib/gcc/arm-none-eabi/7.2.1/../../../../arm-none-eabi/lib/thumb/v7e-m/fpv5/hard/libstdc++_nano.a
LOAD /home/kbisland/Ac6/SystemWorkbench/plugins/fr.ac6.mcu.externaltools.arm-none.linux64_1.16.0.201807130628/tools/compiler/bin/../lib/gcc/arm-none-eabi/7.2.1/../../../../arm-none-eabi/lib/thumb/v7e-m/fpv5/hard/libm.a
START GROUP
LOAD /home/kbisland/Ac6/SystemWorkbench/plugins/fr.ac6.mcu.externaltools.arm-none.linux64_1.16.0.201807130628/tools/compiler/bin/../lib/gcc/arm-none-eabi/7.2.1/thumb/v7e-m/fpv5/hard/libgcc.a
LOAD /home/kbisland/Ac6/SystemWorkbench/plugins/fr.ac6.mcu.externaltools.arm-none.linux64_1.16.0.201807130628/tools/compiler/bin/../lib/gcc/arm-none-eabi/7.2.1/../../../../arm-none-eabi/lib/thumb/v7e-m/fpv5/hard/libc_nano.a
END GROUP
START GROUP
LOAD /home/kbisland/Ac6/SystemWorkbench/plugins/fr.ac6.mcu.externaltools.arm-none.linux64_1.16.0.201807130628/tools/compiler/bin/../lib/gcc/arm-none-eabi/7.2.1/thumb/v7e-m/fpv5/hard/libgcc.a
LOAD /home/kbisland/Ac6/SystemWorkbench/plugins/fr.ac6.mcu.externaltools.arm-none.linux64_1.16.0.201807130628/tools/compiler/bin/../lib/gcc/arm-none-eabi/7.2.1/../../../../arm-none-eabi/lib/thumb/v7e-m/fpv5/hard/libc_nano.a
LOAD /home/kbisland/Ac6/SystemWorkbench/plugins/fr.ac6.mcu.externaltools.arm-none.linux64_1.16.0.201807130628/tools/compiler/bin/../lib/gcc/arm-none-eabi/7.2.1/../../../../arm-none-eabi/lib/thumb/v7e-m/fpv5/hard/libnosys.a
END GROUP
START GROUP
LOAD /home/kbisland/Ac6/SystemWorkbench/plugins/fr.ac6.mcu.externaltools.arm-none.linux64_1.16.0.201807130628/tools/compiler/bin/../lib/gcc/arm-none-eabi/7.2.1/thumb/v7e-m/fpv5/hard/libgcc.a
LOAD /home/kbisland/Ac6/SystemWorkbench/plugins/fr.ac6.mcu.externaltools.arm-none.linux64_1.16.0.201807130628/tools/compiler/bin/../lib/gcc/arm-none-eabi/7.2.1/../../../../arm-none-eabi/lib/thumb/v7e-m/fpv5/hard/libc_nano.a
LOAD /home/kbisland/Ac6/SystemWorkbench/plugins/fr.ac6.mcu.externaltools.arm-none.linux64_1.16.0.201807130628/tools/compiler/bin/../lib/gcc/arm-none-eabi/7.2.1/../../../../arm-none-eabi/lib/thumb/v7e-m/fpv5/hard/libnosys.a
END GROUP
LOAD /home/kbisland/Ac6/SystemWorkbench/plugins/fr.ac6.mcu.externaltools.arm-none.linux64_1.16.0.201807130628/tools/compiler/bin/../lib/gcc/arm-none-eabi/7.2.1/thumb/v7e-m/fpv5/hard/crtend.o
LOAD /home/kbisland/Ac6/SystemWorkbench/plugins/fr.ac6.mcu.externaltools.arm-none.linux64_1.16.0.201807130628/tools/compiler/bin/../lib/gcc/arm-none-eabi/7.2.1/thumb/v7e-m/fpv5/hard/crtn.o
                0x0000000020020000                _estack = 0x20020000
                0x0000000000000200                _Min_Heap_Size = 0x200
                0x0000000000000400                _Min_Stack_Size = 0x400

.isr_vector     0x0000000008000000      0x298
                0x0000000008000000                . = ALIGN (0x4)
 *(.isr_vector)
 .isr_vector    0x0000000008000000      0x298 startup/startup_stm32h753xx.o
                0x0000000008000000                g_pfnVectors
                0x0000000008000298                . = ALIGN (0x4)

.text           0x00000000080002a0     0x6a70
                0x00000000080002a0                . = ALIGN (0x4)
 *(.text)
 .text          0x00000000080002a0       0x40 /home/kbisland/Ac6/SystemWorkbench/plugins/fr.ac6.mcu.externaltools.arm-none.linux64_1.16.0.201807130628/tools/compiler/bin/../lib/gcc/arm-none-eabi/7.2.1/thumb/v7e-m/fpv5/hard/crtbegin.o
 .text          0x00000000080002e0       0x30 /home/kbisland/Ac6/SystemWorkbench/plugins/fr.ac6.mcu.externaltools.arm-none.linux64_1.16.0.201807130628/tools/compiler/bin/../lib/gcc/arm-none-eabi/7.2.1/thumb/v7e-m/fpv5/hard/libgcc.a(_aeabi_uldivmod.o)
                0x00000000080002e0                __aeabi_uldivmod
 .text          0x0000000008000310      0x2cc /home/kbisland/Ac6/SystemWorkbench/plugins/fr.ac6.mcu.externaltools.arm-none.linux64_1.16.0.201807130628/tools/compiler/bin/../lib/gcc/arm-none-eabi/7.2.1/thumb/v7e-m/fpv5/hard/libgcc.a(_udivmoddi4.o)
                0x0000000008000310                __udivmoddi4
 .text          0x00000000080005dc        0x4 /home/kbisland/Ac6/SystemWorkbench/plugins/fr.ac6.mcu.externaltools.arm-none.linux64_1.16.0.201807130628/tools/compiler/bin/../lib/gcc/arm-none-eabi/7.2.1/thumb/v7e-m/fpv5/hard/libgcc.a(_dvmd_tls.o)
                0x00000000080005dc                __aeabi_ldiv0
                0x00000000080005dc                __aeabi_idiv0
 .text          0x00000000080005e0       0xa0 /home/kbisland/Ac6/SystemWorkbench/plugins/fr.ac6.mcu.externaltools.arm-none.linux64_1.16.0.201807130628/tools/compiler/bin/../lib/gcc/arm-none-eabi/7.2.1/../../../../arm-none-eabi/lib/thumb/v7e-m/fpv5/hard/libc_nano.a(lib_a-memchr.o)
                0x00000000080005e0                memchr
 *(.text*)
 .text.HAL_InitTick
                0x0000000008000680       0x48 Drivers/STM32H7xx_HAL_Driver/Src/stm32h7xx_hal.o
                0x0000000008000680                HAL_InitTick
 .text.HAL_Init
                0x00000000080006c8       0x1e Drivers/STM32H7xx_HAL_Driver/Src/stm32h7xx_hal.o
                0x00000000080006c8                HAL_Init
 *fill*         0x00000000080006e6        0x2 
 .text.HAL_IncTick
                0x00000000080006e8       0x18 Drivers/STM32H7xx_HAL_Driver/Src/stm32h7xx_hal.o
                0x00000000080006e8                HAL_IncTick
 .text.HAL_GetTick
                0x0000000008000700        0xc Drivers/STM32H7xx_HAL_Driver/Src/stm32h7xx_hal.o
                0x0000000008000700                HAL_GetTick
 .text.HAL_Delay
                0x000000000800070c       0x28 Drivers/STM32H7xx_HAL_Driver/Src/stm32h7xx_hal.o
                0x000000000800070c                HAL_Delay
 .text.HAL_NVIC_SetPriorityGrouping
                0x0000000008000734       0x24 Drivers/STM32H7xx_HAL_Driver/Src/stm32h7xx_hal_cortex.o
                0x0000000008000734                HAL_NVIC_SetPriorityGrouping
 .text.HAL_NVIC_SetPriority
                0x0000000008000758       0x64 Drivers/STM32H7xx_HAL_Driver/Src/stm32h7xx_hal_cortex.o
                0x0000000008000758                HAL_NVIC_SetPriority
 .text.HAL_NVIC_EnableIRQ
                0x00000000080007bc       0x1c Drivers/STM32H7xx_HAL_Driver/Src/stm32h7xx_hal_cortex.o
                0x00000000080007bc                HAL_NVIC_EnableIRQ
 .text.HAL_SYSTICK_Config
                0x00000000080007d8       0x2c Drivers/STM32H7xx_HAL_Driver/Src/stm32h7xx_hal_cortex.o
                0x00000000080007d8                HAL_SYSTICK_Config
 .text.HAL_SYSTICK_CLKSourceConfig
                0x0000000008000804       0x20 Drivers/STM32H7xx_HAL_Driver/Src/stm32h7xx_hal_cortex.o
                0x0000000008000804                HAL_SYSTICK_CLKSourceConfig
 .text.HAL_SYSTICK_Callback
                0x0000000008000824        0x2 Drivers/STM32H7xx_HAL_Driver/Src/stm32h7xx_hal_cortex.o
                0x0000000008000824                HAL_SYSTICK_Callback
 .text.HAL_SYSTICK_IRQHandler
                0x0000000008000826        0x8 Drivers/STM32H7xx_HAL_Driver/Src/stm32h7xx_hal_cortex.o
                0x0000000008000826                HAL_SYSTICK_IRQHandler
 *fill*         0x000000000800082e        0x2 
 .text.HAL_GPIO_Init
                0x0000000008000830      0x1ec Drivers/STM32H7xx_HAL_Driver/Src/stm32h7xx_hal_gpio.o
                0x0000000008000830                HAL_GPIO_Init
 .text.HAL_GPIO_WritePin
                0x0000000008000a1c        0xa Drivers/STM32H7xx_HAL_Driver/Src/stm32h7xx_hal_gpio.o
                0x0000000008000a1c                HAL_GPIO_WritePin
 .text.PCD_WriteEmptyTxFifo
                0x0000000008000a26       0xc0 Drivers/STM32H7xx_HAL_Driver/Src/stm32h7xx_hal_pcd.o
 .text.HAL_PCD_Init
                0x0000000008000ae6       0xfc Drivers/STM32H7xx_HAL_Driver/Src/stm32h7xx_hal_pcd.o
                0x0000000008000ae6                HAL_PCD_Init
 .text.HAL_PCD_Start
                0x0000000008000be2       0x14 Drivers/STM32H7xx_HAL_Driver/Src/stm32h7xx_hal_pcd.o
                0x0000000008000be2                HAL_PCD_Start
 *fill*         0x0000000008000bf6        0x2 
 .text.HAL_PCD_IRQHandler
                0x0000000008000bf8      0x658 Drivers/STM32H7xx_HAL_Driver/Src/stm32h7xx_hal_pcd.o
                0x0000000008000bf8                HAL_PCD_IRQHandler
 .text.HAL_PCD_SetAddress
                0x0000000008001250       0x24 Drivers/STM32H7xx_HAL_Driver/Src/stm32h7xx_hal_pcd.o
                0x0000000008001250                HAL_PCD_SetAddress
 .text.HAL_PCD_EP_Open
                0x0000000008001274       0x68 Drivers/STM32H7xx_HAL_Driver/Src/stm32h7xx_hal_pcd.o
                0x0000000008001274                HAL_PCD_EP_Open
 .text.HAL_PCD_EP_Close
                0x00000000080012dc       0x56 Drivers/STM32H7xx_HAL_Driver/Src/stm32h7xx_hal_pcd.o
                0x00000000080012dc                HAL_PCD_EP_Close
 .text.HAL_PCD_EP_Receive
                0x0000000008001332       0x5a Drivers/STM32H7xx_HAL_Driver/Src/stm32h7xx_hal_pcd.o
                0x0000000008001332                HAL_PCD_EP_Receive
 .text.HAL_PCD_EP_Transmit
                0x000000000800138c       0x52 Drivers/STM32H7xx_HAL_Driver/Src/stm32h7xx_hal_pcd.o
                0x000000000800138c                HAL_PCD_EP_Transmit
 .text.HAL_PCD_EP_SetStall
                0x00000000080013de       0x66 Drivers/STM32H7xx_HAL_Driver/Src/stm32h7xx_hal_pcd.o
                0x00000000080013de                HAL_PCD_EP_SetStall
 .text.HAL_PCD_EP_ClrStall
                0x0000000008001444       0x56 Drivers/STM32H7xx_HAL_Driver/Src/stm32h7xx_hal_pcd.o
                0x0000000008001444                HAL_PCD_EP_ClrStall
 .text.HAL_PCDEx_SetTxFiFo
                0x000000000800149a       0x48 Drivers/STM32H7xx_HAL_Driver/Src/stm32h7xx_hal_pcd_ex.o
                0x000000000800149a                HAL_PCDEx_SetTxFiFo
 .text.HAL_PCDEx_SetRxFiFo
                0x00000000080014e2        0x8 Drivers/STM32H7xx_HAL_Driver/Src/stm32h7xx_hal_pcd_ex.o
                0x00000000080014e2                HAL_PCDEx_SetRxFiFo
 *fill*         0x00000000080014ea        0x2 
 .text.HAL_PCDEx_ActivateLPM
                0x00000000080014ec       0x28 Drivers/STM32H7xx_HAL_Driver/Src/stm32h7xx_hal_pcd_ex.o
                0x00000000080014ec                HAL_PCDEx_ActivateLPM
 .text.HAL_PCDEx_ActivateBCD
                0x0000000008001514       0x1c Drivers/STM32H7xx_HAL_Driver/Src/stm32h7xx_hal_pcd_ex.o
                0x0000000008001514                HAL_PCDEx_ActivateBCD
 .text.HAL_PCDEx_LPM_Callback
                0x0000000008001530        0x2 Drivers/STM32H7xx_HAL_Driver/Src/stm32h7xx_hal_pcd_ex.o
                0x0000000008001530                HAL_PCDEx_LPM_Callback
 *fill*         0x0000000008001532        0x2 
 .text.HAL_RCC_OscConfig
                0x0000000008001534      0x588 Drivers/STM32H7xx_HAL_Driver/Src/stm32h7xx_hal_rcc.o
                0x0000000008001534                HAL_RCC_OscConfig
 .text.HAL_RCC_GetSysClockFreq
                0x0000000008001abc      0x1cc Drivers/STM32H7xx_HAL_Driver/Src/stm32h7xx_hal_rcc.o
                0x0000000008001abc                HAL_RCC_GetSysClockFreq
 .text.HAL_RCC_ClockConfig
                0x0000000008001c88      0x1f0 Drivers/STM32H7xx_HAL_Driver/Src/stm32h7xx_hal_rcc.o
                0x0000000008001c88                HAL_RCC_ClockConfig
 .text.HAL_RCC_GetHCLKFreq
                0x0000000008001e78       0x34 Drivers/STM32H7xx_HAL_Driver/Src/stm32h7xx_hal_rcc.o
                0x0000000008001e78                HAL_RCC_GetHCLKFreq
 .text.HAL_RCC_GetPCLK1Freq
                0x0000000008001eac       0x2c Drivers/STM32H7xx_HAL_Driver/Src/stm32h7xx_hal_rcc.o
                0x0000000008001eac                HAL_RCC_GetPCLK1Freq
 .text.HAL_RCC_GetPCLK2Freq
                0x0000000008001ed8       0x2c Drivers/STM32H7xx_HAL_Driver/Src/stm32h7xx_hal_rcc.o
                0x0000000008001ed8                HAL_RCC_GetPCLK2Freq
 .text.RCCEx_PLL2_Config
                0x0000000008001f04       0xe8 Drivers/STM32H7xx_HAL_Driver/Src/stm32h7xx_hal_rcc_ex.o
 .text.RCCEx_PLL3_Config
                0x0000000008001fec       0xe8 Drivers/STM32H7xx_HAL_Driver/Src/stm32h7xx_hal_rcc_ex.o
 .text.HAL_RCCEx_PeriphCLKConfig
                0x00000000080020d4      0x928 Drivers/STM32H7xx_HAL_Driver/Src/stm32h7xx_hal_rcc_ex.o
                0x00000000080020d4                HAL_RCCEx_PeriphCLKConfig
 .text.HAL_RCCEx_GetD3PCLK1Freq
                0x00000000080029fc       0x2c Drivers/STM32H7xx_HAL_Driver/Src/stm32h7xx_hal_rcc_ex.o
                0x00000000080029fc                HAL_RCCEx_GetD3PCLK1Freq
 .text.HAL_RCCEx_GetPLL2ClockFreq
                0x0000000008002a28      0x1cc Drivers/STM32H7xx_HAL_Driver/Src/stm32h7xx_hal_rcc_ex.o
                0x0000000008002a28                HAL_RCCEx_GetPLL2ClockFreq
 .text.HAL_RCCEx_GetPLL3ClockFreq
                0x0000000008002bf4      0x1cc Drivers/STM32H7xx_HAL_Driver/Src/stm32h7xx_hal_rcc_ex.o
                0x0000000008002bf4                HAL_RCCEx_GetPLL3ClockFreq
 .text.HAL_RCCEx_GetD1SysClockFreq
                0x0000000008002dc0       0x34 Drivers/STM32H7xx_HAL_Driver/Src/stm32h7xx_hal_rcc_ex.o
                0x0000000008002dc0                HAL_RCCEx_GetD1SysClockFreq
 .text.SPI_GetPacketSize
                0x0000000008002df4       0x10 Drivers/STM32H7xx_HAL_Driver/Src/stm32h7xx_hal_spi.o
 .text.HAL_SPI_Init
                0x0000000008002e04      0x150 Drivers/STM32H7xx_HAL_Driver/Src/stm32h7xx_hal_spi.o
                0x0000000008002e04                HAL_SPI_Init
 .text.UART_SetConfig
                0x0000000008002f54      0x930 Drivers/STM32H7xx_HAL_Driver/Src/stm32h7xx_hal_uart.o
                0x0000000008002f54                UART_SetConfig
 .text.UART_AdvFeatureConfig
                0x0000000008003884       0xca Drivers/STM32H7xx_HAL_Driver/Src/stm32h7xx_hal_uart.o
                0x0000000008003884                UART_AdvFeatureConfig
 .text.UART_WaitOnFlagUntilTimeout
                0x000000000800394e       0x62 Drivers/STM32H7xx_HAL_Driver/Src/stm32h7xx_hal_uart.o
                0x000000000800394e                UART_WaitOnFlagUntilTimeout
 .text.UART_CheckIdleState
                0x00000000080039b0       0x70 Drivers/STM32H7xx_HAL_Driver/Src/stm32h7xx_hal_uart.o
                0x00000000080039b0                UART_CheckIdleState
 .text.HAL_UART_Init
                0x0000000008003a20       0x66 Drivers/STM32H7xx_HAL_Driver/Src/stm32h7xx_hal_uart.o
                0x0000000008003a20                HAL_UART_Init
 *fill*         0x0000000008003a86        0x2 
 .text.USB_CoreInit
                0x0000000008003a88       0x7c Drivers/STM32H7xx_HAL_Driver/Src/stm32h7xx_ll_usb.o
                0x0000000008003a88                USB_CoreInit
 .text.USB_EnableGlobalInt
                0x0000000008003b04        0xc Drivers/STM32H7xx_HAL_Driver/Src/stm32h7xx_ll_usb.o
                0x0000000008003b04                USB_EnableGlobalInt
 .text.USB_DisableGlobalInt
                0x0000000008003b10        0xc Drivers/STM32H7xx_HAL_Driver/Src/stm32h7xx_ll_usb.o
                0x0000000008003b10                USB_DisableGlobalInt
 .text.USB_SetCurrentMode
                0x0000000008003b1c       0x2c Drivers/STM32H7xx_HAL_Driver/Src/stm32h7xx_ll_usb.o
                0x0000000008003b1c                USB_SetCurrentMode
 .text.USB_DevInit
                0x0000000008003b48      0x15c Drivers/STM32H7xx_HAL_Driver/Src/stm32h7xx_ll_usb.o
                0x0000000008003b48                USB_DevInit
 .text.USB_FlushTxFifo
                0x0000000008003ca4       0x28 Drivers/STM32H7xx_HAL_Driver/Src/stm32h7xx_ll_usb.o
                0x0000000008003ca4                USB_FlushTxFifo
 .text.USB_FlushRxFifo
                0x0000000008003ccc       0x24 Drivers/STM32H7xx_HAL_Driver/Src/stm32h7xx_ll_usb.o
                0x0000000008003ccc                USB_FlushRxFifo
 .text.USB_SetDevSpeed
                0x0000000008003cf0        0xe Drivers/STM32H7xx_HAL_Driver/Src/stm32h7xx_ll_usb.o
                0x0000000008003cf0                USB_SetDevSpeed
 .text.USB_GetDevSpeed
                0x0000000008003cfe       0x40 Drivers/STM32H7xx_HAL_Driver/Src/stm32h7xx_ll_usb.o
                0x0000000008003cfe                USB_GetDevSpeed
 *fill*         0x0000000008003d3e        0x2 
 .text.USB_ActivateEndpoint
                0x0000000008003d40       0x90 Drivers/STM32H7xx_HAL_Driver/Src/stm32h7xx_ll_usb.o
                0x0000000008003d40                USB_ActivateEndpoint
 .text.USB_DeactivateEndpoint
                0x0000000008003dd0       0x7e Drivers/STM32H7xx_HAL_Driver/Src/stm32h7xx_ll_usb.o
                0x0000000008003dd0                USB_DeactivateEndpoint
 *fill*         0x0000000008003e4e        0x2 
 .text.USB_EPStartXfer
                0x0000000008003e50      0x260 Drivers/STM32H7xx_HAL_Driver/Src/stm32h7xx_ll_usb.o
                0x0000000008003e50                USB_EPStartXfer
 .text.USB_EP0StartXfer
                0x00000000080040b0      0x15c Drivers/STM32H7xx_HAL_Driver/Src/stm32h7xx_ll_usb.o
                0x00000000080040b0                USB_EP0StartXfer
 .text.USB_WritePacket
                0x000000000800420c       0x28 Drivers/STM32H7xx_HAL_Driver/Src/stm32h7xx_ll_usb.o
                0x000000000800420c                USB_WritePacket
 .text.USB_ReadPacket
                0x0000000008004234       0x28 Drivers/STM32H7xx_HAL_Driver/Src/stm32h7xx_ll_usb.o
                0x0000000008004234                USB_ReadPacket
 .text.USB_EPSetStall
                0x000000000800425c       0x64 Drivers/STM32H7xx_HAL_Driver/Src/stm32h7xx_ll_usb.o
                0x000000000800425c                USB_EPSetStall
 .text.USB_EPClearStall
                0x00000000080042c0       0x6a Drivers/STM32H7xx_HAL_Driver/Src/stm32h7xx_ll_usb.o
                0x00000000080042c0                USB_EPClearStall
 .text.USB_SetDevAddress
                0x000000000800432a       0x20 Drivers/STM32H7xx_HAL_Driver/Src/stm32h7xx_ll_usb.o
                0x000000000800432a                USB_SetDevAddress
 .text.USB_DevConnect
                0x000000000800434a       0x18 Drivers/STM32H7xx_HAL_Driver/Src/stm32h7xx_ll_usb.o
                0x000000000800434a                USB_DevConnect
 .text.USB_DevDisconnect
                0x0000000008004362       0x18 Drivers/STM32H7xx_HAL_Driver/Src/stm32h7xx_ll_usb.o
                0x0000000008004362                USB_DevDisconnect
 .text.USB_ReadInterrupts
                0x000000000800437a        0x8 Drivers/STM32H7xx_HAL_Driver/Src/stm32h7xx_ll_usb.o
                0x000000000800437a                USB_ReadInterrupts
 .text.USB_ReadDevAllOutEpInterrupt
                0x0000000008004382       0x10 Drivers/STM32H7xx_HAL_Driver/Src/stm32h7xx_ll_usb.o
                0x0000000008004382                USB_ReadDevAllOutEpInterrupt
 .text.USB_ReadDevAllInEpInterrupt
                0x0000000008004392       0x10 Drivers/STM32H7xx_HAL_Driver/Src/stm32h7xx_ll_usb.o
                0x0000000008004392                USB_ReadDevAllInEpInterrupt
 .text.USB_ReadDevOutEPInterrupt
                0x00000000080043a2       0x12 Drivers/STM32H7xx_HAL_Driver/Src/stm32h7xx_ll_usb.o
                0x00000000080043a2                USB_ReadDevOutEPInterrupt
 .text.USB_ReadDevInEPInterrupt
                0x00000000080043b4       0x24 Drivers/STM32H7xx_HAL_Driver/Src/stm32h7xx_ll_usb.o
                0x00000000080043b4                USB_ReadDevInEPInterrupt
 .text.USB_GetMode
                0x00000000080043d8        0x8 Drivers/STM32H7xx_HAL_Driver/Src/stm32h7xx_ll_usb.o
                0x00000000080043d8                USB_GetMode
 .text.USB_ActivateSetup
                0x00000000080043e0       0x38 Drivers/STM32H7xx_HAL_Driver/Src/stm32h7xx_ll_usb.o
                0x00000000080043e0                USB_ActivateSetup
 .text.USB_EP0_OutStart
                0x0000000008004418       0x46 Drivers/STM32H7xx_HAL_Driver/Src/stm32h7xx_ll_usb.o
                0x0000000008004418                USB_EP0_OutStart
 *fill*         0x000000000800445e        0x2 
 .text.USB_CoreReset
                0x0000000008004460       0x3c Drivers/STM32H7xx_HAL_Driver/Src/stm32h7xx_ll_usb.o
 .text.USBD_CUSTOM_HID_GetCfgDesc
                0x000000000800449c        0xc Middlewares/ST/STM32_USB_Device_Library/Class/CustomHID/Src/usbd_customhid.o
 .text.USBD_CUSTOM_HID_DataIn
                0x00000000080044a8        0xc Middlewares/ST/STM32_USB_Device_Library/Class/CustomHID/Src/usbd_customhid.o
 .text.USBD_CUSTOM_HID_EP0_RxReady
                0x00000000080044b4       0x20 Middlewares/ST/STM32_USB_Device_Library/Class/CustomHID/Src/usbd_customhid.o
 .text.USBD_CUSTOM_HID_GetDeviceQualifierDesc
                0x00000000080044d4        0xc Middlewares/ST/STM32_USB_Device_Library/Class/CustomHID/Src/usbd_customhid.o
 .text.USBD_CUSTOM_HID_DataOut
                0x00000000080044e0       0x24 Middlewares/ST/STM32_USB_Device_Library/Class/CustomHID/Src/usbd_customhid.o
 .text.USBD_CUSTOM_HID_Setup
                0x0000000008004504       0xd4 Middlewares/ST/STM32_USB_Device_Library/Class/CustomHID/Src/usbd_customhid.o
 .text.USBD_CUSTOM_HID_DeInit
                0x00000000080045d8       0x32 Middlewares/ST/STM32_USB_Device_Library/Class/CustomHID/Src/usbd_customhid.o
 .text.USBD_CUSTOM_HID_Init
                0x000000000800460a       0x4a Middlewares/ST/STM32_USB_Device_Library/Class/CustomHID/Src/usbd_customhid.o
 .text.USBD_CUSTOM_HID_RegisterInterface
                0x0000000008004654        0xe Middlewares/ST/STM32_USB_Device_Library/Class/CustomHID/Src/usbd_customhid.o
                0x0000000008004654                USBD_CUSTOM_HID_RegisterInterface
 *fill*         0x0000000008004662        0x2 
 .text.USBD_Init
                0x0000000008004664       0x48 Middlewares/ST/STM32_USB_Device_Library/Core/Src/usbd_core.o
                0x0000000008004664                USBD_Init
 .text.USBD_RegisterClass
                0x00000000080046ac       0x2c Middlewares/ST/STM32_USB_Device_Library/Core/Src/usbd_core.o
                0x00000000080046ac                USBD_RegisterClass
 .text.USBD_Start
                0x00000000080046d8        0xa Middlewares/ST/STM32_USB_Device_Library/Core/Src/usbd_core.o
                0x00000000080046d8                USBD_Start
 .text.USBD_SetClassConfig
                0x00000000080046e2       0x1a Middlewares/ST/STM32_USB_Device_Library/Core/Src/usbd_core.o
                0x00000000080046e2                USBD_SetClassConfig
 .text.USBD_ClrClassConfig
                0x00000000080046fc        0xe Middlewares/ST/STM32_USB_Device_Library/Core/Src/usbd_core.o
                0x00000000080046fc                USBD_ClrClassConfig
 .text.USBD_LL_SetupStage
                0x000000000800470a       0x5a Middlewares/ST/STM32_USB_Device_Library/Core/Src/usbd_core.o
                0x000000000800470a                USBD_LL_SetupStage
 .text.USBD_LL_DataOutStage
                0x0000000008004764       0x6a Middlewares/ST/STM32_USB_Device_Library/Core/Src/usbd_core.o
                0x0000000008004764                USBD_LL_DataOutStage
 .text.USBD_LL_DataInStage
                0x00000000080047ce       0xb0 Middlewares/ST/STM32_USB_Device_Library/Core/Src/usbd_core.o
                0x00000000080047ce                USBD_LL_DataInStage
 .text.USBD_LL_Reset
                0x000000000800487e       0x3e Middlewares/ST/STM32_USB_Device_Library/Core/Src/usbd_core.o
                0x000000000800487e                USBD_LL_Reset
 .text.USBD_LL_SetSpeed
                0x00000000080048bc        0x6 Middlewares/ST/STM32_USB_Device_Library/Core/Src/usbd_core.o
                0x00000000080048bc                USBD_LL_SetSpeed
 .text.USBD_LL_Suspend
                0x00000000080048c2       0x12 Middlewares/ST/STM32_USB_Device_Library/Core/Src/usbd_core.o
                0x00000000080048c2                USBD_LL_Suspend
 .text.USBD_LL_Resume
                0x00000000080048d4        0xc Middlewares/ST/STM32_USB_Device_Library/Core/Src/usbd_core.o
                0x00000000080048d4                USBD_LL_Resume
 .text.USBD_LL_SOF
                0x00000000080048e0       0x1c Middlewares/ST/STM32_USB_Device_Library/Core/Src/usbd_core.o
                0x00000000080048e0                USBD_LL_SOF
 .text.USBD_LL_IsoINIncomplete
                0x00000000080048fc        0x4 Middlewares/ST/STM32_USB_Device_Library/Core/Src/usbd_core.o
                0x00000000080048fc                USBD_LL_IsoINIncomplete
 .text.USBD_LL_IsoOUTIncomplete
                0x0000000008004900        0x4 Middlewares/ST/STM32_USB_Device_Library/Core/Src/usbd_core.o
                0x0000000008004900                USBD_LL_IsoOUTIncomplete
 .text.USBD_LL_DevConnected
                0x0000000008004904        0x4 Middlewares/ST/STM32_USB_Device_Library/Core/Src/usbd_core.o
                0x0000000008004904                USBD_LL_DevConnected
 .text.USBD_LL_DevDisconnected
                0x0000000008004908       0x16 Middlewares/ST/STM32_USB_Device_Library/Core/Src/usbd_core.o
                0x0000000008004908                USBD_LL_DevDisconnected
 .text.USBD_GetLen
                0x000000000800491e       0x14 Middlewares/ST/STM32_USB_Device_Library/Core/Src/usbd_ctlreq.o
 .text.USBD_SetFeature
                0x0000000008004932       0x20 Middlewares/ST/STM32_USB_Device_Library/Core/Src/usbd_ctlreq.o
 .text.USBD_ParseSetupRequest
                0x0000000008004952       0x28 Middlewares/ST/STM32_USB_Device_Library/Core/Src/usbd_ctlreq.o
                0x0000000008004952                USBD_ParseSetupRequest
 .text.USBD_CtlError
                0x000000000800497a       0x14 Middlewares/ST/STM32_USB_Device_Library/Core/Src/usbd_ctlreq.o
                0x000000000800497a                USBD_CtlError
 .text.USBD_GetDescriptor
                0x000000000800498e      0x132 Middlewares/ST/STM32_USB_Device_Library/Core/Src/usbd_ctlreq.o
 .text.USBD_SetAddress
                0x0000000008004ac0       0x4a Middlewares/ST/STM32_USB_Device_Library/Core/Src/usbd_ctlreq.o
 *fill*         0x0000000008004b0a        0x2 
 .text.USBD_SetConfig
                0x0000000008004b0c       0xa4 Middlewares/ST/STM32_USB_Device_Library/Core/Src/usbd_ctlreq.o
 .text.USBD_GetConfig
                0x0000000008004bb0       0x3a Middlewares/ST/STM32_USB_Device_Library/Core/Src/usbd_ctlreq.o
 .text.USBD_GetStatus
                0x0000000008004bea       0x2c Middlewares/ST/STM32_USB_Device_Library/Core/Src/usbd_ctlreq.o
 .text.USBD_ClrFeature
                0x0000000008004c16       0x30 Middlewares/ST/STM32_USB_Device_Library/Core/Src/usbd_ctlreq.o
 .text.USBD_StdDevReq
                0x0000000008004c46       0x48 Middlewares/ST/STM32_USB_Device_Library/Core/Src/usbd_ctlreq.o
                0x0000000008004c46                USBD_StdDevReq
 .text.USBD_StdItfReq
                0x0000000008004c8e       0x38 Middlewares/ST/STM32_USB_Device_Library/Core/Src/usbd_ctlreq.o
                0x0000000008004c8e                USBD_StdItfReq
 .text.USBD_StdEPReq
                0x0000000008004cc6      0x138 Middlewares/ST/STM32_USB_Device_Library/Core/Src/usbd_ctlreq.o
                0x0000000008004cc6                USBD_StdEPReq
 .text.USBD_GetString
                0x0000000008004dfe       0x3a Middlewares/ST/STM32_USB_Device_Library/Core/Src/usbd_ctlreq.o
                0x0000000008004dfe                USBD_GetString
 .text.USBD_CtlSendData
                0x0000000008004e38       0x1a Middlewares/ST/STM32_USB_Device_Library/Core/Src/usbd_ioreq.o
                0x0000000008004e38                USBD_CtlSendData
 .text.USBD_CtlContinueSendData
                0x0000000008004e52       0x10 Middlewares/ST/STM32_USB_Device_Library/Core/Src/usbd_ioreq.o
                0x0000000008004e52                USBD_CtlContinueSendData
 .text.USBD_CtlPrepareRx
                0x0000000008004e62       0x1e Middlewares/ST/STM32_USB_Device_Library/Core/Src/usbd_ioreq.o
                0x0000000008004e62                USBD_CtlPrepareRx
 .text.USBD_CtlContinueRx
                0x0000000008004e80       0x10 Middlewares/ST/STM32_USB_Device_Library/Core/Src/usbd_ioreq.o
                0x0000000008004e80                USBD_CtlContinueRx
 .text.USBD_CtlSendStatus
                0x0000000008004e90       0x16 Middlewares/ST/STM32_USB_Device_Library/Core/Src/usbd_ioreq.o
                0x0000000008004e90                USBD_CtlSendStatus
 .text.USBD_CtlReceiveStatus
                0x0000000008004ea6       0x16 Middlewares/ST/STM32_USB_Device_Library/Core/Src/usbd_ioreq.o
                0x0000000008004ea6                USBD_CtlReceiveStatus
 .text._ZN8HeadTailC2EP19__SPI_HandleTypeDefP12GPIO_TypeDeft
                0x0000000008004ebc       0x36 Src/HeadTailAPI/HeadTail.o
                0x0000000008004ebc                HeadTail::HeadTail(__SPI_HandleTypeDef*, GPIO_TypeDef*, unsigned short)
                0x0000000008004ebc                HeadTail::HeadTail(__SPI_HandleTypeDef*, GPIO_TypeDef*, unsigned short)
 .text._ZN10IMUBreaoutC2EP19__SPI_HandleTypeDefP12GPIO_TypeDeft
                0x0000000008004ef2       0x1c Src/IMUBreakoutAPI/IMUBreaout.o
                0x0000000008004ef2                IMUBreaout::IMUBreaout(__SPI_HandleTypeDef*, GPIO_TypeDef*, unsigned short)
                0x0000000008004ef2                IMUBreaout::IMUBreaout(__SPI_HandleTypeDef*, GPIO_TypeDef*, unsigned short)
 .text._ZN3LegC2EP19__SPI_HandleTypeDefP12GPIO_TypeDeft
                0x0000000008004f0e       0x40 Src/LegAPI/Leg.o
                0x0000000008004f0e                Leg::Leg(__SPI_HandleTypeDef*, GPIO_TypeDef*, unsigned short)
                0x0000000008004f0e                Leg::Leg(__SPI_HandleTypeDef*, GPIO_TypeDef*, unsigned short)
 *fill*         0x0000000008004f4e        0x2 
 .text._ZL12MX_GPIO_Initv
                0x0000000008004f50      0x184 Src/main.o
 .text._ZL12MX_NVIC_Initv
                0x00000000080050d4       0x14 Src/main.o
 .text._Error_Handler
                0x00000000080050e8        0x2 Src/main.o
                0x00000000080050e8                _Error_Handler
 *fill*         0x00000000080050ea        0x2 
 .text._ZL12MX_SPI1_Initv
                0x00000000080050ec       0x64 Src/main.o
 .text._ZL12MX_SPI2_Initv
                0x0000000008005150       0x94 Src/main.o
 .text._ZL12MX_SPI3_Initv
                0x00000000080051e4       0x94 Src/main.o
 .text._ZL12MX_SPI4_Initv
                0x0000000008005278       0x94 Src/main.o
 .text._ZL12MX_SPI5_Initv
                0x000000000800530c       0x94 Src/main.o
 .text._ZL12MX_SPI6_Initv
                0x00000000080053a0       0x94 Src/main.o
 .text._ZL19MX_USART1_UART_Initv
                0x0000000008005434       0x68 Src/main.o
 .text._Z18SystemClock_Configv
                0x000000000800549c       0xfc Src/main.o
                0x000000000800549c                SystemClock_Config()
 .text.main     0x0000000008005598       0xcc Src/main.o
                0x0000000008005598                main
 .text.HAL_MspInit
                0x0000000008005664       0x84 Src/stm32h7xx_hal_msp.o
                0x0000000008005664                HAL_MspInit
 .text.HAL_SPI_MspInit
                0x00000000080056e8      0x1c0 Src/stm32h7xx_hal_msp.o
                0x00000000080056e8                HAL_SPI_MspInit
 .text.HAL_UART_MspInit
                0x00000000080058a8       0x58 Src/stm32h7xx_hal_msp.o
                0x00000000080058a8                HAL_UART_MspInit
 .text.NMI_Handler
                0x0000000008005900        0x2 Src/stm32h7xx_it.o
                0x0000000008005900                NMI_Handler
 .text.HardFault_Handler
                0x0000000008005902        0x2 Src/stm32h7xx_it.o
                0x0000000008005902                HardFault_Handler
 .text.MemManage_Handler
                0x0000000008005904        0x2 Src/stm32h7xx_it.o
                0x0000000008005904                MemManage_Handler
 .text.BusFault_Handler
                0x0000000008005906        0x2 Src/stm32h7xx_it.o
                0x0000000008005906                BusFault_Handler
 .text.UsageFault_Handler
                0x0000000008005908        0x2 Src/stm32h7xx_it.o
                0x0000000008005908                UsageFault_Handler
 .text.SVC_Handler
                0x000000000800590a        0x2 Src/stm32h7xx_it.o
                0x000000000800590a                SVC_Handler
 .text.DebugMon_Handler
                0x000000000800590c        0x2 Src/stm32h7xx_it.o
                0x000000000800590c                DebugMon_Handler
 .text.PendSV_Handler
                0x000000000800590e        0x2 Src/stm32h7xx_it.o
                0x000000000800590e                PendSV_Handler
 .text.SysTick_Handler
                0x0000000008005910        0xc Src/stm32h7xx_it.o
                0x0000000008005910                SysTick_Handler
 .text.OTG_FS_IRQHandler
                0x000000000800591c       0x10 Src/stm32h7xx_it.o
                0x000000000800591c                OTG_FS_IRQHandler
 .text.SystemInit
                0x000000000800592c       0x68 Src/system_stm32h7xx.o
                0x000000000800592c                SystemInit
 .text.MX_USB_DEVICE_Init
                0x0000000008005994       0x38 Src/usb_device.o
                0x0000000008005994                MX_USB_DEVICE_Init
 .text.HAL_PCD_MspInit
                0x00000000080059cc       0x58 Src/usbd_conf.o
                0x00000000080059cc                HAL_PCD_MspInit
 .text.HAL_PCD_SetupStageCallback
                0x0000000008005a24       0x10 Src/usbd_conf.o
                0x0000000008005a24                HAL_PCD_SetupStageCallback
 .text.HAL_PCD_DataOutStageCallback
                0x0000000008005a34       0x18 Src/usbd_conf.o
                0x0000000008005a34                HAL_PCD_DataOutStageCallback
 .text.HAL_PCD_DataInStageCallback
                0x0000000008005a4c       0x16 Src/usbd_conf.o
                0x0000000008005a4c                HAL_PCD_DataInStageCallback
 .text.HAL_PCD_SOFCallback
                0x0000000008005a62        0xc Src/usbd_conf.o
                0x0000000008005a62                HAL_PCD_SOFCallback
 .text.HAL_PCD_ResetCallback
                0x0000000008005a6e       0x20 Src/usbd_conf.o
                0x0000000008005a6e                HAL_PCD_ResetCallback
 *fill*         0x0000000008005a8e        0x2 
 .text.HAL_PCD_SuspendCallback
                0x0000000008005a90       0x30 Src/usbd_conf.o
                0x0000000008005a90                HAL_PCD_SuspendCallback
 .text.HAL_PCD_ResumeCallback
                0x0000000008005ac0        0xc Src/usbd_conf.o
                0x0000000008005ac0                HAL_PCD_ResumeCallback
 .text.HAL_PCD_ISOOUTIncompleteCallback
                0x0000000008005acc        0xc Src/usbd_conf.o
                0x0000000008005acc                HAL_PCD_ISOOUTIncompleteCallback
 .text.HAL_PCD_ISOINIncompleteCallback
                0x0000000008005ad8        0xc Src/usbd_conf.o
                0x0000000008005ad8                HAL_PCD_ISOINIncompleteCallback
 .text.HAL_PCD_ConnectCallback
                0x0000000008005ae4        0xc Src/usbd_conf.o
                0x0000000008005ae4                HAL_PCD_ConnectCallback
 .text.HAL_PCD_DisconnectCallback
                0x0000000008005af0        0xc Src/usbd_conf.o
                0x0000000008005af0                HAL_PCD_DisconnectCallback
 .text.USBD_LL_Init
                0x0000000008005afc       0x78 Src/usbd_conf.o
                0x0000000008005afc                USBD_LL_Init
 .text.USBD_LL_Start
                0x0000000008005b74       0x1c Src/usbd_conf.o
                0x0000000008005b74                USBD_LL_Start
 .text.USBD_LL_OpenEP
                0x0000000008005b90       0x22 Src/usbd_conf.o
                0x0000000008005b90                USBD_LL_OpenEP
 .text.USBD_LL_CloseEP
                0x0000000008005bb2       0x1c Src/usbd_conf.o
                0x0000000008005bb2                USBD_LL_CloseEP
 .text.USBD_LL_StallEP
                0x0000000008005bce       0x1c Src/usbd_conf.o
                0x0000000008005bce                USBD_LL_StallEP
 .text.USBD_LL_ClearStallEP
                0x0000000008005bea       0x1c Src/usbd_conf.o
                0x0000000008005bea                USBD_LL_ClearStallEP
 .text.USBD_LL_IsStallEP
                0x0000000008005c06       0x2e Src/usbd_conf.o
                0x0000000008005c06                USBD_LL_IsStallEP
 .text.USBD_LL_SetUSBAddress
                0x0000000008005c34       0x1c Src/usbd_conf.o
                0x0000000008005c34                USBD_LL_SetUSBAddress
 .text.USBD_LL_Transmit
                0x0000000008005c50       0x1c Src/usbd_conf.o
                0x0000000008005c50                USBD_LL_Transmit
 .text.USBD_LL_PrepareReceive
                0x0000000008005c6c       0x1c Src/usbd_conf.o
                0x0000000008005c6c                USBD_LL_PrepareReceive
 .text.CUSTOM_HID_Init_FS
                0x0000000008005c88        0x4 Src/usbd_custom_hid_if.o
 .text.CUSTOM_HID_DeInit_FS
                0x0000000008005c8c        0x4 Src/usbd_custom_hid_if.o
 .text.CUSTOM_HID_OutEvent_FS
                0x0000000008005c90        0x4 Src/usbd_custom_hid_if.o
 .text.USBD_FS_DeviceDescriptor
                0x0000000008005c94        0xc Src/usbd_desc.o
                0x0000000008005c94                USBD_FS_DeviceDescriptor
 .text.USBD_FS_LangIDStrDescriptor
                0x0000000008005ca0        0xc Src/usbd_desc.o
                0x0000000008005ca0                USBD_FS_LangIDStrDescriptor
 .text.USBD_FS_ProductStrDescriptor
                0x0000000008005cac       0x24 Src/usbd_desc.o
                0x0000000008005cac                USBD_FS_ProductStrDescriptor
 .text.USBD_FS_ManufacturerStrDescriptor
                0x0000000008005cd0       0x1c Src/usbd_desc.o
                0x0000000008005cd0                USBD_FS_ManufacturerStrDescriptor
 .text.USBD_FS_SerialStrDescriptor
                0x0000000008005cec       0x24 Src/usbd_desc.o
                0x0000000008005cec                USBD_FS_SerialStrDescriptor
 .text.USBD_FS_ConfigStrDescriptor
                0x0000000008005d10       0x24 Src/usbd_desc.o
                0x0000000008005d10                USBD_FS_ConfigStrDescriptor
 .text.USBD_FS_InterfaceStrDescriptor
                0x0000000008005d34       0x24 Src/usbd_desc.o
                0x0000000008005d34                USBD_FS_InterfaceStrDescriptor
 .text.Reset_Handler
                0x0000000008005d58       0x50 startup/startup_stm32h753xx.o
                0x0000000008005d58                Reset_Handler
 .text.Default_Handler
                0x0000000008005da8        0x2 startup/startup_stm32h753xx.o
                0x0000000008005da8                RTC_Alarm_IRQHandler
                0x0000000008005da8                HASH_RNG_IRQHandler
                0x0000000008005da8                EXTI2_IRQHandler
                0x0000000008005da8                TIM8_CC_IRQHandler
                0x0000000008005da8                HRTIM1_Master_IRQHandler
                0x0000000008005da8                UART8_IRQHandler
                0x0000000008005da8                SPI4_IRQHandler
                0x0000000008005da8                TIM1_CC_IRQHandler
                0x0000000008005da8                BDMA_Channel6_IRQHandler
                0x0000000008005da8                DMA2_Stream5_IRQHandler
                0x0000000008005da8                HRTIM1_FLT_IRQHandler
                0x0000000008005da8                JPEG_IRQHandler
                0x0000000008005da8                DMA1_Stream5_IRQHandler
                0x0000000008005da8                BDMA_Channel1_IRQHandler
                0x0000000008005da8                HRTIM1_TIMD_IRQHandler
                0x0000000008005da8                TAMP_STAMP_IRQHandler
                0x0000000008005da8                EXTI3_IRQHandler
                0x0000000008005da8                LPTIM4_IRQHandler
                0x0000000008005da8                TIM8_TRG_COM_TIM14_IRQHandler
                0x0000000008005da8                LPTIM2_IRQHandler
                0x0000000008005da8                DFSDM1_FLT1_IRQHandler
                0x0000000008005da8                DMAMUX2_OVR_IRQHandler
                0x0000000008005da8                TIM8_UP_TIM13_IRQHandler
                0x0000000008005da8                I2C3_ER_IRQHandler
                0x0000000008005da8                DFSDM1_FLT2_IRQHandler
                0x0000000008005da8                MDMA_IRQHandler
                0x0000000008005da8                LPTIM3_IRQHandler
                0x0000000008005da8                HSEM1_IRQHandler
                0x0000000008005da8                EXTI0_IRQHandler
                0x0000000008005da8                I2C2_EV_IRQHandler
                0x0000000008005da8                DMA1_Stream2_IRQHandler
                0x0000000008005da8                FPU_IRQHandler
                0x0000000008005da8                OTG_HS_WKUP_IRQHandler
                0x0000000008005da8                FDCAN1_IT1_IRQHandler
                0x0000000008005da8                LTDC_ER_IRQHandler
                0x0000000008005da8                DMA2_Stream2_IRQHandler
                0x0000000008005da8                HRTIM1_TIME_IRQHandler
                0x0000000008005da8                SPI1_IRQHandler
                0x0000000008005da8                TIM6_DAC_IRQHandler
                0x0000000008005da8                DCMI_IRQHandler
                0x0000000008005da8                HRTIM1_TIMC_IRQHandler
                0x0000000008005da8                DMA2_Stream3_IRQHandler
                0x0000000008005da8                SAI2_IRQHandler
                0x0000000008005da8                DFSDM1_FLT3_IRQHandler
                0x0000000008005da8                USART6_IRQHandler
                0x0000000008005da8                TIM17_IRQHandler
                0x0000000008005da8                USART3_IRQHandler
                0x0000000008005da8                BDMA_Channel7_IRQHandler
                0x0000000008005da8                CRYP_IRQHandler
                0x0000000008005da8                LPTIM5_IRQHandler
                0x0000000008005da8                UART5_IRQHandler
                0x0000000008005da8                ADC3_IRQHandler
                0x0000000008005da8                DMA2_Stream0_IRQHandler
                0x0000000008005da8                TIM4_IRQHandler
                0x0000000008005da8                BDMA_Channel2_IRQHandler
                0x0000000008005da8                QUADSPI_IRQHandler
                0x0000000008005da8                I2C1_EV_IRQHandler
                0x0000000008005da8                DMA1_Stream6_IRQHandler
                0x0000000008005da8                DMAMUX1_OVR_IRQHandler
                0x0000000008005da8                DMA1_Stream1_IRQHandler
                0x0000000008005da8                TIM16_IRQHandler
                0x0000000008005da8                UART4_IRQHandler
                0x0000000008005da8                BDMA_Channel5_IRQHandler
                0x0000000008005da8                TIM3_IRQHandler
                0x0000000008005da8                RCC_IRQHandler
                0x0000000008005da8                TIM8_BRK_TIM12_IRQHandler
                0x0000000008005da8                TIM1_TRG_COM_IRQHandler
                0x0000000008005da8                Default_Handler
                0x0000000008005da8                CEC_IRQHandler
                0x0000000008005da8                EXTI15_10_IRQHandler
                0x0000000008005da8                BDMA_Channel0_IRQHandler
                0x0000000008005da8                ADC_IRQHandler
                0x0000000008005da8                DMA1_Stream7_IRQHandler
                0x0000000008005da8                HRTIM1_TIMA_IRQHandler
                0x0000000008005da8                SPI5_IRQHandler
                0x0000000008005da8                TIM7_IRQHandler
                0x0000000008005da8                SDMMC1_IRQHandler
                0x0000000008005da8                TIM5_IRQHandler
                0x0000000008005da8                DMA2_Stream7_IRQHandler
                0x0000000008005da8                TIM15_IRQHandler
                0x0000000008005da8                PVD_AVD_IRQHandler
                0x0000000008005da8                I2C3_EV_IRQHandler
                0x0000000008005da8                EXTI9_5_IRQHandler
                0x0000000008005da8                RTC_WKUP_IRQHandler
                0x0000000008005da8                LTDC_IRQHandler
                0x0000000008005da8                SAI3_IRQHandler
                0x0000000008005da8                ETH_WKUP_IRQHandler
                0x0000000008005da8                SPDIF_RX_IRQHandler
                0x0000000008005da8                SPI2_IRQHandler
                0x0000000008005da8                OTG_HS_EP1_IN_IRQHandler
                0x0000000008005da8                DMA1_Stream0_IRQHandler
                0x0000000008005da8                CRS_IRQHandler
                0x0000000008005da8                EXTI4_IRQHandler
                0x0000000008005da8                HRTIM1_TIMB_IRQHandler
                0x0000000008005da8                FDCAN2_IT1_IRQHandler
                0x0000000008005da8                ETH_IRQHandler
                0x0000000008005da8                TIM1_UP_IRQHandler
                0x0000000008005da8                BDMA_Channel4_IRQHandler
                0x0000000008005da8                OTG_HS_EP1_OUT_IRQHandler
                0x0000000008005da8                WWDG_IRQHandler
                0x0000000008005da8                SPI6_IRQHandler
                0x0000000008005da8                MDIOS_IRQHandler
                0x0000000008005da8                I2C4_EV_IRQHandler
                0x0000000008005da8                FDCAN2_IT0_IRQHandler
                0x0000000008005da8                LPUART1_IRQHandler
                0x0000000008005da8                FDCAN1_IT0_IRQHandler
                0x0000000008005da8                TIM2_IRQHandler
                0x0000000008005da8                OTG_FS_WKUP_IRQHandler
                0x0000000008005da8                OTG_HS_IRQHandler
                0x0000000008005da8                DMA2D_IRQHandler
                0x0000000008005da8                TIM1_BRK_IRQHandler
                0x0000000008005da8                EXTI1_IRQHandler
                0x0000000008005da8                SDMMC2_IRQHandler
                0x0000000008005da8                OTG_FS_EP1_OUT_IRQHandler
                0x0000000008005da8                BDMA_Channel3_IRQHandler
                0x0000000008005da8                UART7_IRQHandler
                0x0000000008005da8                MDIOS_WKUP_IRQHandler
                0x0000000008005da8                USART2_IRQHandler
                0x0000000008005da8                DFSDM1_FLT0_IRQHandler
                0x0000000008005da8                SAI4_IRQHandler
                0x0000000008005da8                I2C2_ER_IRQHandler
                0x0000000008005da8                DMA2_Stream1_IRQHandler
                0x0000000008005da8                FLASH_IRQHandler
                0x0000000008005da8                DMA2_Stream4_IRQHandler
                0x0000000008005da8                USART1_IRQHandler
                0x0000000008005da8                SPI3_IRQHandler
                0x0000000008005da8                WAKEUP_PIN_IRQHandler
                0x0000000008005da8                DMA1_Stream4_IRQHandler
                0x0000000008005da8                OTG_FS_EP1_IN_IRQHandler
                0x0000000008005da8                I2C1_ER_IRQHandler
                0x0000000008005da8                FMC_IRQHandler
                0x0000000008005da8                FDCAN_CAL_IRQHandler
                0x0000000008005da8                SWPMI1_IRQHandler
                0x0000000008005da8                COMP1_IRQHandler
                0x0000000008005da8                LPTIM1_IRQHandler
                0x0000000008005da8                I2C4_ER_IRQHandler
                0x0000000008005da8                DMA2_Stream6_IRQHandler
                0x0000000008005da8                SAI1_IRQHandler
                0x0000000008005da8                DMA1_Stream3_IRQHandler
 *fill*         0x0000000008005daa        0x2 
 .text.__libc_init_array
                0x0000000008005dac       0x48 /home/kbisland/Ac6/SystemWorkbench/plugins/fr.ac6.mcu.externaltools.arm-none.linux64_1.16.0.201807130628/tools/compiler/bin/../lib/gcc/arm-none-eabi/7.2.1/../../../../arm-none-eabi/lib/thumb/v7e-m/fpv5/hard/libc_nano.a(lib_a-init.o)
                0x0000000008005dac                __libc_init_array
 .text.malloc   0x0000000008005df4       0x10 /home/kbisland/Ac6/SystemWorkbench/plugins/fr.ac6.mcu.externaltools.arm-none.linux64_1.16.0.201807130628/tools/compiler/bin/../lib/gcc/arm-none-eabi/7.2.1/../../../../arm-none-eabi/lib/thumb/v7e-m/fpv5/hard/libc_nano.a(lib_a-malloc.o)
                0x0000000008005df4                malloc
 .text.free     0x0000000008005e04       0x10 /home/kbisland/Ac6/SystemWorkbench/plugins/fr.ac6.mcu.externaltools.arm-none.linux64_1.16.0.201807130628/tools/compiler/bin/../lib/gcc/arm-none-eabi/7.2.1/../../../../arm-none-eabi/lib/thumb/v7e-m/fpv5/hard/libc_nano.a(lib_a-malloc.o)
                0x0000000008005e04                free
 .text.memset   0x0000000008005e14       0x10 /home/kbisland/Ac6/SystemWorkbench/plugins/fr.ac6.mcu.externaltools.arm-none.linux64_1.16.0.201807130628/tools/compiler/bin/../lib/gcc/arm-none-eabi/7.2.1/../../../../arm-none-eabi/lib/thumb/v7e-m/fpv5/hard/libc_nano.a(lib_a-memset.o)
                0x0000000008005e14                memset
 .text._free_r  0x0000000008005e24       0x9c /home/kbisland/Ac6/SystemWorkbench/plugins/fr.ac6.mcu.externaltools.arm-none.linux64_1.16.0.201807130628/tools/compiler/bin/../lib/gcc/arm-none-eabi/7.2.1/../../../../arm-none-eabi/lib/thumb/v7e-m/fpv5/hard/libc_nano.a(lib_a-nano-freer.o)
                0x0000000008005e24                _free_r
 .text._malloc_r
                0x0000000008005ec0       0xb4 /home/kbisland/Ac6/SystemWorkbench/plugins/fr.ac6.mcu.externaltools.arm-none.linux64_1.16.0.201807130628/tools/compiler/bin/../lib/gcc/arm-none-eabi/7.2.1/../../../../arm-none-eabi/lib/thumb/v7e-m/fpv5/hard/libc_nano.a(lib_a-nano-mallocr.o)
                0x0000000008005ec0                _malloc_r
 .text.printf   0x0000000008005f74       0x30 /home/kbisland/Ac6/SystemWorkbench/plugins/fr.ac6.mcu.externaltools.arm-none.linux64_1.16.0.201807130628/tools/compiler/bin/../lib/gcc/arm-none-eabi/7.2.1/../../../../arm-none-eabi/lib/thumb/v7e-m/fpv5/hard/libc_nano.a(lib_a-printf.o)
                0x0000000008005f74                printf
                0x0000000008005f74                iprintf
 .text.putchar  0x0000000008005fa4       0x28 /home/kbisland/Ac6/SystemWorkbench/plugins/fr.ac6.mcu.externaltools.arm-none.linux64_1.16.0.201807130628/tools/compiler/bin/../lib/gcc/arm-none-eabi/7.2.1/../../../../arm-none-eabi/lib/thumb/v7e-m/fpv5/hard/libc_nano.a(lib_a-putchar.o)
                0x0000000008005fa4                putchar
 .text._sbrk_r  0x0000000008005fcc       0x20 /home/kbisland/Ac6/SystemWorkbench/plugins/fr.ac6.mcu.externaltools.arm-none.linux64_1.16.0.201807130628/tools/compiler/bin/../lib/gcc/arm-none-eabi/7.2.1/../../../../arm-none-eabi/lib/thumb/v7e-m/fpv5/hard/libc_nano.a(lib_a-sbrkr.o)
                0x0000000008005fcc                _sbrk_r
 .text.std      0x0000000008005fec       0x48 /home/kbisland/Ac6/SystemWorkbench/plugins/fr.ac6.mcu.externaltools.arm-none.linux64_1.16.0.201807130628/tools/compiler/bin/../lib/gcc/arm-none-eabi/7.2.1/../../../../arm-none-eabi/lib/thumb/v7e-m/fpv5/hard/libc_nano.a(lib_a-findfp.o)
 .text._cleanup_r
                0x0000000008006034        0xc /home/kbisland/Ac6/SystemWorkbench/plugins/fr.ac6.mcu.externaltools.arm-none.linux64_1.16.0.201807130628/tools/compiler/bin/../lib/gcc/arm-none-eabi/7.2.1/../../../../arm-none-eabi/lib/thumb/v7e-m/fpv5/hard/libc_nano.a(lib_a-findfp.o)
                0x0000000008006034                _cleanup_r
 .text.__sfmoreglue
                0x0000000008006040       0x2c /home/kbisland/Ac6/SystemWorkbench/plugins/fr.ac6.mcu.externaltools.arm-none.linux64_1.16.0.201807130628/tools/compiler/bin/../lib/gcc/arm-none-eabi/7.2.1/../../../../arm-none-eabi/lib/thumb/v7e-m/fpv5/hard/libc_nano.a(lib_a-findfp.o)
                0x0000000008006040                __sfmoreglue
 .text.__sinit  0x000000000800606c       0x60 /home/kbisland/Ac6/SystemWorkbench/plugins/fr.ac6.mcu.externaltools.arm-none.linux64_1.16.0.201807130628/tools/compiler/bin/../lib/gcc/arm-none-eabi/7.2.1/../../../../arm-none-eabi/lib/thumb/v7e-m/fpv5/hard/libc_nano.a(lib_a-findfp.o)
                0x000000000800606c                __sinit
 .text.__sfp    0x00000000080060cc       0x78 /home/kbisland/Ac6/SystemWorkbench/plugins/fr.ac6.mcu.externaltools.arm-none.linux64_1.16.0.201807130628/tools/compiler/bin/../lib/gcc/arm-none-eabi/7.2.1/../../../../arm-none-eabi/lib/thumb/v7e-m/fpv5/hard/libc_nano.a(lib_a-findfp.o)
                0x00000000080060cc                __sfp
 .text._fwalk_reent
                0x0000000008006144       0x3c /home/kbisland/Ac6/SystemWorkbench/plugins/fr.ac6.mcu.externaltools.arm-none.linux64_1.16.0.201807130628/tools/compiler/bin/../lib/gcc/arm-none-eabi/7.2.1/../../../../arm-none-eabi/lib/thumb/v7e-m/fpv5/hard/libc_nano.a(lib_a-fwalk.o)
                0x0000000008006144                _fwalk_reent
 .text.__malloc_lock
                0x0000000008006180        0x2 /home/kbisland/Ac6/SystemWorkbench/plugins/fr.ac6.mcu.externaltools.arm-none.linux64_1.16.0.201807130628/tools/compiler/bin/../lib/gcc/arm-none-eabi/7.2.1/../../../../arm-none-eabi/lib/thumb/v7e-m/fpv5/hard/libc_nano.a(lib_a-mlock.o)
                0x0000000008006180                __malloc_lock
 .text.__malloc_unlock
                0x0000000008006182        0x2 /home/kbisland/Ac6/SystemWorkbench/plugins/fr.ac6.mcu.externaltools.arm-none.linux64_1.16.0.201807130628/tools/compiler/bin/../lib/gcc/arm-none-eabi/7.2.1/../../../../arm-none-eabi/lib/thumb/v7e-m/fpv5/hard/libc_nano.a(lib_a-mlock.o)
                0x0000000008006182                __malloc_unlock
 .text.__sfputc_r
                0x0000000008006184       0x2e /home/kbisland/Ac6/SystemWorkbench/plugins/fr.ac6.mcu.externaltools.arm-none.linux64_1.16.0.201807130628/tools/compiler/bin/../lib/gcc/arm-none-eabi/7.2.1/../../../../arm-none-eabi/lib/thumb/v7e-m/fpv5/hard/libc_nano.a(lib_a-nano-vfprintf.o)
 .text.__sfputs_r
                0x00000000080061b2       0x24 /home/kbisland/Ac6/SystemWorkbench/plugins/fr.ac6.mcu.externaltools.arm-none.linux64_1.16.0.201807130628/tools/compiler/bin/../lib/gcc/arm-none-eabi/7.2.1/../../../../arm-none-eabi/lib/thumb/v7e-m/fpv5/hard/libc_nano.a(lib_a-nano-vfprintf.o)
                0x00000000080061b2                __sfputs_r
 *fill*         0x00000000080061d6        0x2 
 .text._vfprintf_r
                0x00000000080061d8      0x228 /home/kbisland/Ac6/SystemWorkbench/plugins/fr.ac6.mcu.externaltools.arm-none.linux64_1.16.0.201807130628/tools/compiler/bin/../lib/gcc/arm-none-eabi/7.2.1/../../../../arm-none-eabi/lib/thumb/v7e-m/fpv5/hard/libc_nano.a(lib_a-nano-vfprintf.o)
                0x00000000080061d8                _vfiprintf_r
                0x00000000080061d8                _vfprintf_r
 .text._printf_common
                0x0000000008006400       0xea /home/kbisland/Ac6/SystemWorkbench/plugins/fr.ac6.mcu.externaltools.arm-none.linux64_1.16.0.201807130628/tools/compiler/bin/../lib/gcc/arm-none-eabi/7.2.1/../../../../arm-none-eabi/lib/thumb/v7e-m/fpv5/hard/libc_nano.a(lib_a-nano-vfprintf_i.o)
                0x0000000008006400                _printf_common
 *fill*         0x00000000080064ea        0x2 
 .text._printf_i
                0x00000000080064ec      0x224 /home/kbisland/Ac6/SystemWorkbench/plugins/fr.ac6.mcu.externaltools.arm-none.linux64_1.16.0.201807130628/tools/compiler/bin/../lib/gcc/arm-none-eabi/7.2.1/../../../../arm-none-eabi/lib/thumb/v7e-m/fpv5/hard/libc_nano.a(lib_a-nano-vfprintf_i.o)
                0x00000000080064ec                _printf_i
 .text._putc_r  0x0000000008006710       0x6c /home/kbisland/Ac6/SystemWorkbench/plugins/fr.ac6.mcu.externaltools.arm-none.linux64_1.16.0.201807130628/tools/compiler/bin/../lib/gcc/arm-none-eabi/7.2.1/../../../../arm-none-eabi/lib/thumb/v7e-m/fpv5/hard/libc_nano.a(lib_a-putc.o)
                0x0000000008006710                _putc_r
 .text.__sread  0x000000000800677c       0x22 /home/kbisland/Ac6/SystemWorkbench/plugins/fr.ac6.mcu.externaltools.arm-none.linux64_1.16.0.201807130628/tools/compiler/bin/../lib/gcc/arm-none-eabi/7.2.1/../../../../arm-none-eabi/lib/thumb/v7e-m/fpv5/hard/libc_nano.a(lib_a-stdio.o)
                0x000000000800677c                __sread
 .text.__swrite
                0x000000000800679e       0x38 /home/kbisland/Ac6/SystemWorkbench/plugins/fr.ac6.mcu.externaltools.arm-none.linux64_1.16.0.201807130628/tools/compiler/bin/../lib/gcc/arm-none-eabi/7.2.1/../../../../arm-none-eabi/lib/thumb/v7e-m/fpv5/hard/libc_nano.a(lib_a-stdio.o)
                0x000000000800679e                __swrite
 .text.__sseek  0x00000000080067d6       0x24 /home/kbisland/Ac6/SystemWorkbench/plugins/fr.ac6.mcu.externaltools.arm-none.linux64_1.16.0.201807130628/tools/compiler/bin/../lib/gcc/arm-none-eabi/7.2.1/../../../../arm-none-eabi/lib/thumb/v7e-m/fpv5/hard/libc_nano.a(lib_a-stdio.o)
                0x00000000080067d6                __sseek
 .text.__sclose
                0x00000000080067fa        0x8 /home/kbisland/Ac6/SystemWorkbench/plugins/fr.ac6.mcu.externaltools.arm-none.linux64_1.16.0.201807130628/tools/compiler/bin/../lib/gcc/arm-none-eabi/7.2.1/../../../../arm-none-eabi/lib/thumb/v7e-m/fpv5/hard/libc_nano.a(lib_a-stdio.o)
                0x00000000080067fa                __sclose
 *fill*         0x0000000008006802        0x2 
 .text.__swbuf_r
                0x0000000008006804       0xa4 /home/kbisland/Ac6/SystemWorkbench/plugins/fr.ac6.mcu.externaltools.arm-none.linux64_1.16.0.201807130628/tools/compiler/bin/../lib/gcc/arm-none-eabi/7.2.1/../../../../arm-none-eabi/lib/thumb/v7e-m/fpv5/hard/libc_nano.a(lib_a-wbuf.o)
                0x0000000008006804                __swbuf_r
 .text._write_r
                0x00000000080068a8       0x24 /home/kbisland/Ac6/SystemWorkbench/plugins/fr.ac6.mcu.externaltools.arm-none.linux64_1.16.0.201807130628/tools/compiler/bin/../lib/gcc/arm-none-eabi/7.2.1/../../../../arm-none-eabi/lib/thumb/v7e-m/fpv5/hard/libc_nano.a(lib_a-writer.o)
                0x00000000080068a8                _write_r
 .text.__swsetup_r
                0x00000000080068cc       0xdc /home/kbisland/Ac6/SystemWorkbench/plugins/fr.ac6.mcu.externaltools.arm-none.linux64_1.16.0.201807130628/tools/compiler/bin/../lib/gcc/arm-none-eabi/7.2.1/../../../../arm-none-eabi/lib/thumb/v7e-m/fpv5/hard/libc_nano.a(lib_a-wsetup.o)
                0x00000000080068cc                __swsetup_r
 .text._close_r
                0x00000000080069a8       0x20 /home/kbisland/Ac6/SystemWorkbench/plugins/fr.ac6.mcu.externaltools.arm-none.linux64_1.16.0.201807130628/tools/compiler/bin/../lib/gcc/arm-none-eabi/7.2.1/../../../../arm-none-eabi/lib/thumb/v7e-m/fpv5/hard/libc_nano.a(lib_a-closer.o)
                0x00000000080069a8                _close_r
 .text.__sflush_r
                0x00000000080069c8      0x10c /home/kbisland/Ac6/SystemWorkbench/plugins/fr.ac6.mcu.externaltools.arm-none.linux64_1.16.0.201807130628/tools/compiler/bin/../lib/gcc/arm-none-eabi/7.2.1/../../../../arm-none-eabi/lib/thumb/v7e-m/fpv5/hard/libc_nano.a(lib_a-fflush.o)
                0x00000000080069c8                __sflush_r
 .text._fflush_r
                0x0000000008006ad4       0x54 /home/kbisland/Ac6/SystemWorkbench/plugins/fr.ac6.mcu.externaltools.arm-none.linux64_1.16.0.201807130628/tools/compiler/bin/../lib/gcc/arm-none-eabi/7.2.1/../../../../arm-none-eabi/lib/thumb/v7e-m/fpv5/hard/libc_nano.a(lib_a-fflush.o)
                0x0000000008006ad4                _fflush_r
 .text._lseek_r
                0x0000000008006b28       0x24 /home/kbisland/Ac6/SystemWorkbench/plugins/fr.ac6.mcu.externaltools.arm-none.linux64_1.16.0.201807130628/tools/compiler/bin/../lib/gcc/arm-none-eabi/7.2.1/../../../../arm-none-eabi/lib/thumb/v7e-m/fpv5/hard/libc_nano.a(lib_a-lseekr.o)
                0x0000000008006b28                _lseek_r
 .text.__swhatbuf_r
                0x0000000008006b4c       0x48 /home/kbisland/Ac6/SystemWorkbench/plugins/fr.ac6.mcu.externaltools.arm-none.linux64_1.16.0.201807130628/tools/compiler/bin/../lib/gcc/arm-none-eabi/7.2.1/../../../../arm-none-eabi/lib/thumb/v7e-m/fpv5/hard/libc_nano.a(lib_a-makebuf.o)
                0x0000000008006b4c                __swhatbuf_r
 .text.__smakebuf_r
                0x0000000008006b94       0x80 /home/kbisland/Ac6/SystemWorkbench/plugins/fr.ac6.mcu.externaltools.arm-none.linux64_1.16.0.201807130628/tools/compiler/bin/../lib/gcc/arm-none-eabi/7.2.1/../../../../arm-none-eabi/lib/thumb/v7e-m/fpv5/hard/libc_nano.a(lib_a-makebuf.o)
                0x0000000008006b94                __smakebuf_r
 .text._read_r  0x0000000008006c14       0x24 /home/kbisland/Ac6/SystemWorkbench/plugins/fr.ac6.mcu.externaltools.arm-none.linux64_1.16.0.201807130628/tools/compiler/bin/../lib/gcc/arm-none-eabi/7.2.1/../../../../arm-none-eabi/lib/thumb/v7e-m/fpv5/hard/libc_nano.a(lib_a-readr.o)
                0x0000000008006c14                _read_r
 .text._fstat_r
                0x0000000008006c38       0x24 /home/kbisland/Ac6/SystemWorkbench/plugins/fr.ac6.mcu.externaltools.arm-none.linux64_1.16.0.201807130628/tools/compiler/bin/../lib/gcc/arm-none-eabi/7.2.1/../../../../arm-none-eabi/lib/thumb/v7e-m/fpv5/hard/libc_nano.a(lib_a-fstatr.o)
                0x0000000008006c38                _fstat_r
 .text._isatty_r
                0x0000000008006c5c       0x20 /home/kbisland/Ac6/SystemWorkbench/plugins/fr.ac6.mcu.externaltools.arm-none.linux64_1.16.0.201807130628/tools/compiler/bin/../lib/gcc/arm-none-eabi/7.2.1/../../../../arm-none-eabi/lib/thumb/v7e-m/fpv5/hard/libc_nano.a(lib_a-isattyr.o)
                0x0000000008006c5c                _isatty_r
 .text._close   0x0000000008006c7c       0x10 /home/kbisland/Ac6/SystemWorkbench/plugins/fr.ac6.mcu.externaltools.arm-none.linux64_1.16.0.201807130628/tools/compiler/bin/../lib/gcc/arm-none-eabi/7.2.1/../../../../arm-none-eabi/lib/thumb/v7e-m/fpv5/hard/libnosys.a(close.o)
                0x0000000008006c7c                _close
 .text._fstat   0x0000000008006c8c       0x10 /home/kbisland/Ac6/SystemWorkbench/plugins/fr.ac6.mcu.externaltools.arm-none.linux64_1.16.0.201807130628/tools/compiler/bin/../lib/gcc/arm-none-eabi/7.2.1/../../../../arm-none-eabi/lib/thumb/v7e-m/fpv5/hard/libnosys.a(fstat.o)
                0x0000000008006c8c                _fstat
 .text._isatty  0x0000000008006c9c       0x10 /home/kbisland/Ac6/SystemWorkbench/plugins/fr.ac6.mcu.externaltools.arm-none.linux64_1.16.0.201807130628/tools/compiler/bin/../lib/gcc/arm-none-eabi/7.2.1/../../../../arm-none-eabi/lib/thumb/v7e-m/fpv5/hard/libnosys.a(isatty.o)
                0x0000000008006c9c                _isatty
 .text._lseek   0x0000000008006cac       0x10 /home/kbisland/Ac6/SystemWorkbench/plugins/fr.ac6.mcu.externaltools.arm-none.linux64_1.16.0.201807130628/tools/compiler/bin/../lib/gcc/arm-none-eabi/7.2.1/../../../../arm-none-eabi/lib/thumb/v7e-m/fpv5/hard/libnosys.a(lseek.o)
                0x0000000008006cac                _lseek
 .text._read    0x0000000008006cbc       0x10 /home/kbisland/Ac6/SystemWorkbench/plugins/fr.ac6.mcu.externaltools.arm-none.linux64_1.16.0.201807130628/tools/compiler/bin/../lib/gcc/arm-none-eabi/7.2.1/../../../../arm-none-eabi/lib/thumb/v7e-m/fpv5/hard/libnosys.a(read.o)
                0x0000000008006cbc                _read
 .text._sbrk    0x0000000008006ccc       0x1c /home/kbisland/Ac6/SystemWorkbench/plugins/fr.ac6.mcu.externaltools.arm-none.linux64_1.16.0.201807130628/tools/compiler/bin/../lib/gcc/arm-none-eabi/7.2.1/../../../../arm-none-eabi/lib/thumb/v7e-m/fpv5/hard/libnosys.a(sbrk.o)
                0x0000000008006ccc                _sbrk
 .text._write   0x0000000008006ce8       0x10 /home/kbisland/Ac6/SystemWorkbench/plugins/fr.ac6.mcu.externaltools.arm-none.linux64_1.16.0.201807130628/tools/compiler/bin/../lib/gcc/arm-none-eabi/7.2.1/../../../../arm-none-eabi/lib/thumb/v7e-m/fpv5/hard/libnosys.a(write.o)
                0x0000000008006ce8                _write
 *(.glue_7)
 .glue_7        0x0000000008006cf8        0x0 linker stubs
 *(.glue_7t)
 .glue_7t       0x0000000008006cf8        0x0 linker stubs
 *(.eh_frame)
 .eh_frame      0x0000000008006cf8        0x0 /home/kbisland/Ac6/SystemWorkbench/plugins/fr.ac6.mcu.externaltools.arm-none.linux64_1.16.0.201807130628/tools/compiler/bin/../lib/gcc/arm-none-eabi/7.2.1/thumb/v7e-m/fpv5/hard/crtbegin.o
 *(.init)
 .init          0x0000000008006cf8        0x4 /home/kbisland/Ac6/SystemWorkbench/plugins/fr.ac6.mcu.externaltools.arm-none.linux64_1.16.0.201807130628/tools/compiler/bin/../lib/gcc/arm-none-eabi/7.2.1/thumb/v7e-m/fpv5/hard/crti.o
                0x0000000008006cf8                _init
 .init          0x0000000008006cfc        0x8 /home/kbisland/Ac6/SystemWorkbench/plugins/fr.ac6.mcu.externaltools.arm-none.linux64_1.16.0.201807130628/tools/compiler/bin/../lib/gcc/arm-none-eabi/7.2.1/thumb/v7e-m/fpv5/hard/crtn.o
 *(.fini)
 .fini          0x0000000008006d04        0x4 /home/kbisland/Ac6/SystemWorkbench/plugins/fr.ac6.mcu.externaltools.arm-none.linux64_1.16.0.201807130628/tools/compiler/bin/../lib/gcc/arm-none-eabi/7.2.1/thumb/v7e-m/fpv5/hard/crti.o
                0x0000000008006d04                _fini
 .fini          0x0000000008006d08        0x8 /home/kbisland/Ac6/SystemWorkbench/plugins/fr.ac6.mcu.externaltools.arm-none.linux64_1.16.0.201807130628/tools/compiler/bin/../lib/gcc/arm-none-eabi/7.2.1/thumb/v7e-m/fpv5/hard/crtn.o
                0x0000000008006d10                . = ALIGN (0x4)
                0x0000000008006d10                _etext = .

.vfp11_veneer   0x0000000008006d10        0x0
 .vfp11_veneer  0x0000000008006d10        0x0 linker stubs

.v4_bx          0x0000000008006d10        0x0
 .v4_bx         0x0000000008006d10        0x0 linker stubs

.iplt           0x0000000008006d10        0x0
 .iplt          0x0000000008006d10        0x0 /home/kbisland/Ac6/SystemWorkbench/plugins/fr.ac6.mcu.externaltools.arm-none.linux64_1.16.0.201807130628/tools/compiler/bin/../lib/gcc/arm-none-eabi/7.2.1/thumb/v7e-m/fpv5/hard/crtbegin.o

.rodata         0x0000000008006d10      0x180
                0x0000000008006d10                . = ALIGN (0x4)
 *(.rodata)
 .rodata        0x0000000008006d10       0x18 Drivers/STM32H7xx_HAL_Driver/Src/stm32h7xx_hal_uart.o
 .rodata        0x0000000008006d28       0x10 Src/system_stm32h7xx.o
                0x0000000008006d28                D1CorePrescTable
 *(.rodata*)
 .rodata.str1.4
                0x0000000008006d38       0x35 Middlewares/ST/STM32_USB_Device_Library/Core/Src/usbd_core.o
 *fill*         0x0000000008006d6d        0x3 
 .rodata.str1.4
                0x0000000008006d70       0x10 Src/main.o
 .rodata.str1.4
                0x0000000008006d80       0x13 Src/usbd_conf.o
 *fill*         0x0000000008006d93        0x1 
 .rodata.str1.4
                0x0000000008006d94       0x64 Src/usbd_desc.o
                                         0x61 (size before relaxing)
 .rodata._global_impure_ptr
                0x0000000008006df8        0x4 /home/kbisland/Ac6/SystemWorkbench/plugins/fr.ac6.mcu.externaltools.arm-none.linux64_1.16.0.201807130628/tools/compiler/bin/../lib/gcc/arm-none-eabi/7.2.1/../../../../arm-none-eabi/lib/thumb/v7e-m/fpv5/hard/libc_nano.a(lib_a-impure.o)
                0x0000000008006df8                _global_impure_ptr
 .rodata.__sf_fake_stderr
                0x0000000008006dfc       0x20 /home/kbisland/Ac6/SystemWorkbench/plugins/fr.ac6.mcu.externaltools.arm-none.linux64_1.16.0.201807130628/tools/compiler/bin/../lib/gcc/arm-none-eabi/7.2.1/../../../../arm-none-eabi/lib/thumb/v7e-m/fpv5/hard/libc_nano.a(lib_a-findfp.o)
                0x0000000008006dfc                __sf_fake_stderr
 .rodata.__sf_fake_stdin
                0x0000000008006e1c       0x20 /home/kbisland/Ac6/SystemWorkbench/plugins/fr.ac6.mcu.externaltools.arm-none.linux64_1.16.0.201807130628/tools/compiler/bin/../lib/gcc/arm-none-eabi/7.2.1/../../../../arm-none-eabi/lib/thumb/v7e-m/fpv5/hard/libc_nano.a(lib_a-findfp.o)
                0x0000000008006e1c                __sf_fake_stdin
 .rodata.__sf_fake_stdout
                0x0000000008006e3c       0x20 /home/kbisland/Ac6/SystemWorkbench/plugins/fr.ac6.mcu.externaltools.arm-none.linux64_1.16.0.201807130628/tools/compiler/bin/../lib/gcc/arm-none-eabi/7.2.1/../../../../arm-none-eabi/lib/thumb/v7e-m/fpv5/hard/libc_nano.a(lib_a-findfp.o)
                0x0000000008006e3c                __sf_fake_stdout
 .rodata._vfprintf_r.str1.1
                0x0000000008006e5c       0x11 /home/kbisland/Ac6/SystemWorkbench/plugins/fr.ac6.mcu.externaltools.arm-none.linux64_1.16.0.201807130628/tools/compiler/bin/../lib/gcc/arm-none-eabi/7.2.1/../../../../arm-none-eabi/lib/thumb/v7e-m/fpv5/hard/libc_nano.a(lib_a-nano-vfprintf.o)
 .rodata._printf_i.str1.1
                0x0000000008006e6d       0x22 /home/kbisland/Ac6/SystemWorkbench/plugins/fr.ac6.mcu.externaltools.arm-none.linux64_1.16.0.201807130628/tools/compiler/bin/../lib/gcc/arm-none-eabi/7.2.1/../../../../arm-none-eabi/lib/thumb/v7e-m/fpv5/hard/libc_nano.a(lib_a-nano-vfprintf_i.o)
                0x0000000008006e90                . = ALIGN (0x4)
 *fill*         0x0000000008006e8f        0x1 

.ARM.extab
 *(.ARM.extab* .gnu.linkonce.armextab.*)

.ARM            0x0000000008006e90        0x8
                0x0000000008006e90                __exidx_start = .
 *(.ARM.exidx*)
 .ARM.exidx     0x0000000008006e90        0x8 /home/kbisland/Ac6/SystemWorkbench/plugins/fr.ac6.mcu.externaltools.arm-none.linux64_1.16.0.201807130628/tools/compiler/bin/../lib/gcc/arm-none-eabi/7.2.1/thumb/v7e-m/fpv5/hard/libgcc.a(_udivmoddi4.o)
                0x0000000008006e98                __exidx_end = .

.rel.dyn        0x0000000008006e98        0x0
 .rel.iplt      0x0000000008006e98        0x0 /home/kbisland/Ac6/SystemWorkbench/plugins/fr.ac6.mcu.externaltools.arm-none.linux64_1.16.0.201807130628/tools/compiler/bin/../lib/gcc/arm-none-eabi/7.2.1/thumb/v7e-m/fpv5/hard/crtbegin.o

.preinit_array  0x0000000008006e98        0x0
                0x0000000008006e98                PROVIDE (__preinit_array_start, .)
 *(.preinit_array*)
                0x0000000008006e98                PROVIDE (__preinit_array_end, .)

.init_array     0x0000000008006e98        0x4
                0x0000000008006e98                PROVIDE (__init_array_start, .)
 *(SORT_BY_NAME(.init_array.*))
 *(.init_array*)
 .init_array    0x0000000008006e98        0x4 /home/kbisland/Ac6/SystemWorkbench/plugins/fr.ac6.mcu.externaltools.arm-none.linux64_1.16.0.201807130628/tools/compiler/bin/../lib/gcc/arm-none-eabi/7.2.1/thumb/v7e-m/fpv5/hard/crtbegin.o
                0x0000000008006e9c                PROVIDE (__init_array_end, .)

.fini_array     0x0000000008006e9c        0x4
                [!provide]                        PROVIDE (__fini_array_start, .)
 *(SORT_BY_NAME(.fini_array.*))
 *(.fini_array*)
 .fini_array    0x0000000008006e9c        0x4 /home/kbisland/Ac6/SystemWorkbench/plugins/fr.ac6.mcu.externaltools.arm-none.linux64_1.16.0.201807130628/tools/compiler/bin/../lib/gcc/arm-none-eabi/7.2.1/thumb/v7e-m/fpv5/hard/crtbegin.o
                [!provide]                        PROVIDE (__fini_array_end, .)
                0x0000000008006ea0                _sidata = LOADADDR (.data)

.data           0x0000000020000000      0x174 load address 0x0000000008006ea0
                0x0000000020000000                . = ALIGN (0x4)
                0x0000000020000000                _sdata = .
 *(.data)
 .data          0x0000000020000000        0x8 Drivers/STM32H7xx_HAL_Driver/Src/stm32h7xx_hal.o
 .data          0x0000000020000008       0x7c Middlewares/ST/STM32_USB_Device_Library/Class/CustomHID/Src/usbd_customhid.o
                0x000000002000004c                USBD_CUSTOM_HID
 .data          0x0000000020000084        0x8 Src/system_stm32h7xx.o
                0x0000000020000084                SystemCoreClock
                0x0000000020000088                SystemD2Clock
 .data          0x000000002000008c       0x50 Src/usbd_custom_hid_if.o
                0x000000002000008c                USBD_CustomHID_fops_FS
 .data          0x00000000200000dc       0x34 Src/usbd_desc.o
                0x00000000200000dc                USBD_FS_DeviceDesc
                0x00000000200000f0                USBD_LangIDDesc
                0x00000000200000f4                FS_Desc
 *(.data*)
 .data._impure_ptr
                0x0000000020000110        0x4 /home/kbisland/Ac6/SystemWorkbench/plugins/fr.ac6.mcu.externaltools.arm-none.linux64_1.16.0.201807130628/tools/compiler/bin/../lib/gcc/arm-none-eabi/7.2.1/../../../../arm-none-eabi/lib/thumb/v7e-m/fpv5/hard/libc_nano.a(lib_a-impure.o)
                0x0000000020000110                _impure_ptr
 .data.impure_data
                0x0000000020000114       0x60 /home/kbisland/Ac6/SystemWorkbench/plugins/fr.ac6.mcu.externaltools.arm-none.linux64_1.16.0.201807130628/tools/compiler/bin/../lib/gcc/arm-none-eabi/7.2.1/../../../../arm-none-eabi/lib/thumb/v7e-m/fpv5/hard/libc_nano.a(lib_a-impure.o)
                0x0000000020000174                . = ALIGN (0x4)
                0x0000000020000174                _edata = .

.igot.plt       0x0000000020000174        0x0 load address 0x0000000008007014
 .igot.plt      0x0000000020000174        0x0 /home/kbisland/Ac6/SystemWorkbench/plugins/fr.ac6.mcu.externaltools.arm-none.linux64_1.16.0.201807130628/tools/compiler/bin/../lib/gcc/arm-none-eabi/7.2.1/thumb/v7e-m/fpv5/hard/crtbegin.o
                0x0000000020000174                . = ALIGN (0x4)

.bss            0x0000000020000174      0xc08 load address 0x0000000008007014
                0x0000000020000174                _sbss = .
                0x0000000020000174                __bss_start__ = _sbss
 *(.bss)
 .bss           0x0000000020000174       0x1c /home/kbisland/Ac6/SystemWorkbench/plugins/fr.ac6.mcu.externaltools.arm-none.linux64_1.16.0.201807130628/tools/compiler/bin/../lib/gcc/arm-none-eabi/7.2.1/thumb/v7e-m/fpv5/hard/crtbegin.o
 .bss           0x0000000020000190        0x4 Drivers/STM32H7xx_HAL_Driver/Src/stm32h7xx_hal.o
 .bss           0x0000000020000194        0x1 Middlewares/ST/STM32_USB_Device_Library/Core/Src/usbd_ctlreq.o
 *fill*         0x0000000020000195        0x3 
 .bss           0x0000000020000198      0x3b0 Src/main.o
                0x0000000020000198                hspi1
                0x0000000020000220                hspi2
                0x00000000200002a8                hspi3
                0x0000000020000330                hspi4
                0x00000000200003b8                hspi5
                0x0000000020000440                hspi6
                0x00000000200004c8                huart1
 *(.bss*)
 .bss.__malloc_free_list
                0x0000000020000548        0x4 /home/kbisland/Ac6/SystemWorkbench/plugins/fr.ac6.mcu.externaltools.arm-none.linux64_1.16.0.201807130628/tools/compiler/bin/../lib/gcc/arm-none-eabi/7.2.1/../../../../arm-none-eabi/lib/thumb/v7e-m/fpv5/hard/libc_nano.a(lib_a-nano-mallocr.o)
                0x0000000020000548                __malloc_free_list
 .bss.__malloc_sbrk_start
                0x000000002000054c        0x4 /home/kbisland/Ac6/SystemWorkbench/plugins/fr.ac6.mcu.externaltools.arm-none.linux64_1.16.0.201807130628/tools/compiler/bin/../lib/gcc/arm-none-eabi/7.2.1/../../../../arm-none-eabi/lib/thumb/v7e-m/fpv5/hard/libc_nano.a(lib_a-nano-mallocr.o)
                0x000000002000054c                __malloc_sbrk_start
 .bss.heap_end.5377
                0x0000000020000550        0x4 /home/kbisland/Ac6/SystemWorkbench/plugins/fr.ac6.mcu.externaltools.arm-none.linux64_1.16.0.201807130628/tools/compiler/bin/../lib/gcc/arm-none-eabi/7.2.1/../../../../arm-none-eabi/lib/thumb/v7e-m/fpv5/hard/libnosys.a(sbrk.o)
 *(COMMON)
 COMMON         0x0000000020000554      0x224 Src/usb_device.o
                0x0000000020000554                hUsbDeviceFS
 COMMON         0x0000000020000778      0x400 Src/usbd_conf.o
                0x0000000020000778                hpcd_USB_OTG_FS
 COMMON         0x0000000020000b78      0x200 Src/usbd_desc.o
                0x0000000020000b78                USBD_StrDesc
 COMMON         0x0000000020000d78        0x4 /home/kbisland/Ac6/SystemWorkbench/plugins/fr.ac6.mcu.externaltools.arm-none.linux64_1.16.0.201807130628/tools/compiler/bin/../lib/gcc/arm-none-eabi/7.2.1/../../../../arm-none-eabi/lib/thumb/v7e-m/fpv5/hard/libc_nano.a(lib_a-reent.o)
                0x0000000020000d78                errno
                0x0000000020000d7c                . = ALIGN (0x4)
                0x0000000020000d7c                _ebss = .
                0x0000000020000d7c                __bss_end__ = _ebss

._user_heap_stack
                0x0000000020000d7c      0x604 load address 0x0000000008007014
                0x0000000020000d80                . = ALIGN (0x8)
 *fill*         0x0000000020000d7c        0x4 
                0x0000000020000d80                PROVIDE (end, .)
                [!provide]                        PROVIDE (_end, .)
                0x0000000020000f80                . = (. + _Min_Heap_Size)
 *fill*         0x0000000020000d80      0x200 
                0x0000000020001380                . = (. + _Min_Stack_Size)
 *fill*         0x0000000020000f80      0x400 
                0x0000000020001380                . = ALIGN (0x8)

/DISCARD/
 libc.a(*)
 libm.a(*)
 libgcc.a(*)

.ARM.attributes
                0x0000000000000000       0x2e
 *(.ARM.attributes)
 .ARM.attributes
                0x0000000000000000       0x20 /home/kbisland/Ac6/SystemWorkbench/plugins/fr.ac6.mcu.externaltools.arm-none.linux64_1.16.0.201807130628/tools/compiler/bin/../lib/gcc/arm-none-eabi/7.2.1/thumb/v7e-m/fpv5/hard/crti.o
 .ARM.attributes
                0x0000000000000020       0x32 /home/kbisland/Ac6/SystemWorkbench/plugins/fr.ac6.mcu.externaltools.arm-none.linux64_1.16.0.201807130628/tools/compiler/bin/../lib/gcc/arm-none-eabi/7.2.1/thumb/v7e-m/fpv5/hard/crtbegin.o
 .ARM.attributes
                0x0000000000000052       0x37 Drivers/STM32H7xx_HAL_Driver/Src/stm32h7xx_hal.o
 .ARM.attributes
                0x0000000000000089       0x37 Drivers/STM32H7xx_HAL_Driver/Src/stm32h7xx_hal_cortex.o
 .ARM.attributes
                0x00000000000000c0       0x37 Drivers/STM32H7xx_HAL_Driver/Src/stm32h7xx_hal_gpio.o
 .ARM.attributes
                0x00000000000000f7       0x37 Drivers/STM32H7xx_HAL_Driver/Src/stm32h7xx_hal_pcd.o
 .ARM.attributes
                0x000000000000012e       0x37 Drivers/STM32H7xx_HAL_Driver/Src/stm32h7xx_hal_pcd_ex.o
 .ARM.attributes
                0x0000000000000165       0x37 Drivers/STM32H7xx_HAL_Driver/Src/stm32h7xx_hal_rcc.o
 .ARM.attributes
                0x000000000000019c       0x37 Drivers/STM32H7xx_HAL_Driver/Src/stm32h7xx_hal_rcc_ex.o
 .ARM.attributes
                0x00000000000001d3       0x37 Drivers/STM32H7xx_HAL_Driver/Src/stm32h7xx_hal_spi.o
 .ARM.attributes
                0x000000000000020a       0x37 Drivers/STM32H7xx_HAL_Driver/Src/stm32h7xx_hal_uart.o
 .ARM.attributes
                0x0000000000000241       0x37 Drivers/STM32H7xx_HAL_Driver/Src/stm32h7xx_ll_usb.o
 .ARM.attributes
                0x0000000000000278       0x37 Middlewares/ST/STM32_USB_Device_Library/Class/CustomHID/Src/usbd_customhid.o
 .ARM.attributes
                0x00000000000002af       0x37 Middlewares/ST/STM32_USB_Device_Library/Core/Src/usbd_core.o
 .ARM.attributes
                0x00000000000002e6       0x37 Middlewares/ST/STM32_USB_Device_Library/Core/Src/usbd_ctlreq.o
 .ARM.attributes
                0x000000000000031d       0x37 Middlewares/ST/STM32_USB_Device_Library/Core/Src/usbd_ioreq.o
 .ARM.attributes
                0x0000000000000354       0x37 Src/HeadTailAPI/HeadTail.o
 .ARM.attributes
                0x000000000000038b       0x37 Src/IMUBreakoutAPI/IMUBreaout.o
 .ARM.attributes
                0x00000000000003c2       0x37 Src/LegAPI/Leg.o
 .ARM.attributes
                0x00000000000003f9       0x37 Src/main.o
 .ARM.attributes
                0x0000000000000430       0x37 Src/stm32h7xx_hal_msp.o
 .ARM.attributes
                0x0000000000000467       0x37 Src/stm32h7xx_it.o
 .ARM.attributes
                0x000000000000049e       0x37 Src/system_stm32h7xx.o
 .ARM.attributes
                0x00000000000004d5       0x37 Src/usb_device.o
 .ARM.attributes
                0x000000000000050c       0x37 Src/usbd_conf.o
 .ARM.attributes
                0x0000000000000543       0x37 Src/usbd_custom_hid_if.o
 .ARM.attributes
                0x000000000000057a       0x37 Src/usbd_desc.o
 .ARM.attributes
                0x00000000000005b1       0x21 startup/startup_stm32h753xx.o
 .ARM.attributes
                0x00000000000005d2       0x20 /home/kbisland/Ac6/SystemWorkbench/plugins/fr.ac6.mcu.externaltools.arm-none.linux64_1.16.0.201807130628/tools/compiler/bin/../lib/gcc/arm-none-eabi/7.2.1/thumb/v7e-m/fpv5/hard/libgcc.a(_aeabi_uldivmod.o)
 .ARM.attributes
                0x00000000000005f2       0x32 /home/kbisland/Ac6/SystemWorkbench/plugins/fr.ac6.mcu.externaltools.arm-none.linux64_1.16.0.201807130628/tools/compiler/bin/../lib/gcc/arm-none-eabi/7.2.1/thumb/v7e-m/fpv5/hard/libgcc.a(_udivmoddi4.o)
 .ARM.attributes
                0x0000000000000624       0x20 /home/kbisland/Ac6/SystemWorkbench/plugins/fr.ac6.mcu.externaltools.arm-none.linux64_1.16.0.201807130628/tools/compiler/bin/../lib/gcc/arm-none-eabi/7.2.1/thumb/v7e-m/fpv5/hard/libgcc.a(_dvmd_tls.o)
 .ARM.attributes
                0x0000000000000644       0x32 /home/kbisland/Ac6/SystemWorkbench/plugins/fr.ac6.mcu.externaltools.arm-none.linux64_1.16.0.201807130628/tools/compiler/bin/../lib/gcc/arm-none-eabi/7.2.1/../../../../arm-none-eabi/lib/thumb/v7e-m/fpv5/hard/libc_nano.a(lib_a-impure.o)
 .ARM.attributes
                0x0000000000000676       0x32 /home/kbisland/Ac6/SystemWorkbench/plugins/fr.ac6.mcu.externaltools.arm-none.linux64_1.16.0.201807130628/tools/compiler/bin/../lib/gcc/arm-none-eabi/7.2.1/../../../../arm-none-eabi/lib/thumb/v7e-m/fpv5/hard/libc_nano.a(lib_a-init.o)
 .ARM.attributes
                0x00000000000006a8       0x32 /home/kbisland/Ac6/SystemWorkbench/plugins/fr.ac6.mcu.externaltools.arm-none.linux64_1.16.0.201807130628/tools/compiler/bin/../lib/gcc/arm-none-eabi/7.2.1/../../../../arm-none-eabi/lib/thumb/v7e-m/fpv5/hard/libc_nano.a(lib_a-malloc.o)
 .ARM.attributes
                0x00000000000006da       0x32 /home/kbisland/Ac6/SystemWorkbench/plugins/fr.ac6.mcu.externaltools.arm-none.linux64_1.16.0.201807130628/tools/compiler/bin/../lib/gcc/arm-none-eabi/7.2.1/../../../../arm-none-eabi/lib/thumb/v7e-m/fpv5/hard/libc_nano.a(lib_a-memset.o)
 .ARM.attributes
                0x000000000000070c       0x32 /home/kbisland/Ac6/SystemWorkbench/plugins/fr.ac6.mcu.externaltools.arm-none.linux64_1.16.0.201807130628/tools/compiler/bin/../lib/gcc/arm-none-eabi/7.2.1/../../../../arm-none-eabi/lib/thumb/v7e-m/fpv5/hard/libc_nano.a(lib_a-nano-freer.o)
 .ARM.attributes
                0x000000000000073e       0x32 /home/kbisland/Ac6/SystemWorkbench/plugins/fr.ac6.mcu.externaltools.arm-none.linux64_1.16.0.201807130628/tools/compiler/bin/../lib/gcc/arm-none-eabi/7.2.1/../../../../arm-none-eabi/lib/thumb/v7e-m/fpv5/hard/libc_nano.a(lib_a-nano-mallocr.o)
 .ARM.attributes
                0x0000000000000770       0x32 /home/kbisland/Ac6/SystemWorkbench/plugins/fr.ac6.mcu.externaltools.arm-none.linux64_1.16.0.201807130628/tools/compiler/bin/../lib/gcc/arm-none-eabi/7.2.1/../../../../arm-none-eabi/lib/thumb/v7e-m/fpv5/hard/libc_nano.a(lib_a-printf.o)
 .ARM.attributes
                0x00000000000007a2       0x32 /home/kbisland/Ac6/SystemWorkbench/plugins/fr.ac6.mcu.externaltools.arm-none.linux64_1.16.0.201807130628/tools/compiler/bin/../lib/gcc/arm-none-eabi/7.2.1/../../../../arm-none-eabi/lib/thumb/v7e-m/fpv5/hard/libc_nano.a(lib_a-putchar.o)
 .ARM.attributes
                0x00000000000007d4       0x32 /home/kbisland/Ac6/SystemWorkbench/plugins/fr.ac6.mcu.externaltools.arm-none.linux64_1.16.0.201807130628/tools/compiler/bin/../lib/gcc/arm-none-eabi/7.2.1/../../../../arm-none-eabi/lib/thumb/v7e-m/fpv5/hard/libc_nano.a(lib_a-sbrkr.o)
 .ARM.attributes
                0x0000000000000806       0x32 /home/kbisland/Ac6/SystemWorkbench/plugins/fr.ac6.mcu.externaltools.arm-none.linux64_1.16.0.201807130628/tools/compiler/bin/../lib/gcc/arm-none-eabi/7.2.1/../../../../arm-none-eabi/lib/thumb/v7e-m/fpv5/hard/libc_nano.a(lib_a-findfp.o)
 .ARM.attributes
                0x0000000000000838       0x32 /home/kbisland/Ac6/SystemWorkbench/plugins/fr.ac6.mcu.externaltools.arm-none.linux64_1.16.0.201807130628/tools/compiler/bin/../lib/gcc/arm-none-eabi/7.2.1/../../../../arm-none-eabi/lib/thumb/v7e-m/fpv5/hard/libc_nano.a(lib_a-fwalk.o)
 .ARM.attributes
                0x000000000000086a       0x32 /home/kbisland/Ac6/SystemWorkbench/plugins/fr.ac6.mcu.externaltools.arm-none.linux64_1.16.0.201807130628/tools/compiler/bin/../lib/gcc/arm-none-eabi/7.2.1/../../../../arm-none-eabi/lib/thumb/v7e-m/fpv5/hard/libc_nano.a(lib_a-mlock.o)
 .ARM.attributes
                0x000000000000089c       0x32 /home/kbisland/Ac6/SystemWorkbench/plugins/fr.ac6.mcu.externaltools.arm-none.linux64_1.16.0.201807130628/tools/compiler/bin/../lib/gcc/arm-none-eabi/7.2.1/../../../../arm-none-eabi/lib/thumb/v7e-m/fpv5/hard/libc_nano.a(lib_a-nano-vfprintf.o)
 .ARM.attributes
                0x00000000000008ce       0x32 /home/kbisland/Ac6/SystemWorkbench/plugins/fr.ac6.mcu.externaltools.arm-none.linux64_1.16.0.201807130628/tools/compiler/bin/../lib/gcc/arm-none-eabi/7.2.1/../../../../arm-none-eabi/lib/thumb/v7e-m/fpv5/hard/libc_nano.a(lib_a-nano-vfprintf_i.o)
 .ARM.attributes
                0x0000000000000900       0x32 /home/kbisland/Ac6/SystemWorkbench/plugins/fr.ac6.mcu.externaltools.arm-none.linux64_1.16.0.201807130628/tools/compiler/bin/../lib/gcc/arm-none-eabi/7.2.1/../../../../arm-none-eabi/lib/thumb/v7e-m/fpv5/hard/libc_nano.a(lib_a-putc.o)
 .ARM.attributes
                0x0000000000000932       0x32 /home/kbisland/Ac6/SystemWorkbench/plugins/fr.ac6.mcu.externaltools.arm-none.linux64_1.16.0.201807130628/tools/compiler/bin/../lib/gcc/arm-none-eabi/7.2.1/../../../../arm-none-eabi/lib/thumb/v7e-m/fpv5/hard/libc_nano.a(lib_a-reent.o)
 .ARM.attributes
                0x0000000000000964       0x32 /home/kbisland/Ac6/SystemWorkbench/plugins/fr.ac6.mcu.externaltools.arm-none.linux64_1.16.0.201807130628/tools/compiler/bin/../lib/gcc/arm-none-eabi/7.2.1/../../../../arm-none-eabi/lib/thumb/v7e-m/fpv5/hard/libc_nano.a(lib_a-stdio.o)
 .ARM.attributes
                0x0000000000000996       0x32 /home/kbisland/Ac6/SystemWorkbench/plugins/fr.ac6.mcu.externaltools.arm-none.linux64_1.16.0.201807130628/tools/compiler/bin/../lib/gcc/arm-none-eabi/7.2.1/../../../../arm-none-eabi/lib/thumb/v7e-m/fpv5/hard/libc_nano.a(lib_a-wbuf.o)
 .ARM.attributes
                0x00000000000009c8       0x32 /home/kbisland/Ac6/SystemWorkbench/plugins/fr.ac6.mcu.externaltools.arm-none.linux64_1.16.0.201807130628/tools/compiler/bin/../lib/gcc/arm-none-eabi/7.2.1/../../../../arm-none-eabi/lib/thumb/v7e-m/fpv5/hard/libc_nano.a(lib_a-writer.o)
 .ARM.attributes
                0x00000000000009fa       0x32 /home/kbisland/Ac6/SystemWorkbench/plugins/fr.ac6.mcu.externaltools.arm-none.linux64_1.16.0.201807130628/tools/compiler/bin/../lib/gcc/arm-none-eabi/7.2.1/../../../../arm-none-eabi/lib/thumb/v7e-m/fpv5/hard/libc_nano.a(lib_a-wsetup.o)
 .ARM.attributes
                0x0000000000000a2c       0x32 /home/kbisland/Ac6/SystemWorkbench/plugins/fr.ac6.mcu.externaltools.arm-none.linux64_1.16.0.201807130628/tools/compiler/bin/../lib/gcc/arm-none-eabi/7.2.1/../../../../arm-none-eabi/lib/thumb/v7e-m/fpv5/hard/libc_nano.a(lib_a-closer.o)
 .ARM.attributes
                0x0000000000000a5e       0x32 /home/kbisland/Ac6/SystemWorkbench/plugins/fr.ac6.mcu.externaltools.arm-none.linux64_1.16.0.201807130628/tools/compiler/bin/../lib/gcc/arm-none-eabi/7.2.1/../../../../arm-none-eabi/lib/thumb/v7e-m/fpv5/hard/libc_nano.a(lib_a-fflush.o)
 .ARM.attributes
                0x0000000000000a90       0x32 /home/kbisland/Ac6/SystemWorkbench/plugins/fr.ac6.mcu.externaltools.arm-none.linux64_1.16.0.201807130628/tools/compiler/bin/../lib/gcc/arm-none-eabi/7.2.1/../../../../arm-none-eabi/lib/thumb/v7e-m/fpv5/hard/libc_nano.a(lib_a-lseekr.o)
 .ARM.attributes
                0x0000000000000ac2       0x32 /home/kbisland/Ac6/SystemWorkbench/plugins/fr.ac6.mcu.externaltools.arm-none.linux64_1.16.0.201807130628/tools/compiler/bin/../lib/gcc/arm-none-eabi/7.2.1/../../../../arm-none-eabi/lib/thumb/v7e-m/fpv5/hard/libc_nano.a(lib_a-makebuf.o)
 .ARM.attributes
                0x0000000000000af4       0x1e /home/kbisland/Ac6/SystemWorkbench/plugins/fr.ac6.mcu.externaltools.arm-none.linux64_1.16.0.201807130628/tools/compiler/bin/../lib/gcc/arm-none-eabi/7.2.1/../../../../arm-none-eabi/lib/thumb/v7e-m/fpv5/hard/libc_nano.a(lib_a-memchr.o)
 .ARM.attributes
                0x0000000000000b12       0x32 /home/kbisland/Ac6/SystemWorkbench/plugins/fr.ac6.mcu.externaltools.arm-none.linux64_1.16.0.201807130628/tools/compiler/bin/../lib/gcc/arm-none-eabi/7.2.1/../../../../arm-none-eabi/lib/thumb/v7e-m/fpv5/hard/libc_nano.a(lib_a-readr.o)
 .ARM.attributes
                0x0000000000000b44       0x32 /home/kbisland/Ac6/SystemWorkbench/plugins/fr.ac6.mcu.externaltools.arm-none.linux64_1.16.0.201807130628/tools/compiler/bin/../lib/gcc/arm-none-eabi/7.2.1/../../../../arm-none-eabi/lib/thumb/v7e-m/fpv5/hard/libc_nano.a(lib_a-fstatr.o)
 .ARM.attributes
                0x0000000000000b76       0x32 /home/kbisland/Ac6/SystemWorkbench/plugins/fr.ac6.mcu.externaltools.arm-none.linux64_1.16.0.201807130628/tools/compiler/bin/../lib/gcc/arm-none-eabi/7.2.1/../../../../arm-none-eabi/lib/thumb/v7e-m/fpv5/hard/libc_nano.a(lib_a-isattyr.o)
 .ARM.attributes
                0x0000000000000ba8       0x32 /home/kbisland/Ac6/SystemWorkbench/plugins/fr.ac6.mcu.externaltools.arm-none.linux64_1.16.0.201807130628/tools/compiler/bin/../lib/gcc/arm-none-eabi/7.2.1/../../../../arm-none-eabi/lib/thumb/v7e-m/fpv5/hard/libnosys.a(close.o)
 .ARM.attributes
                0x0000000000000bda       0x32 /home/kbisland/Ac6/SystemWorkbench/plugins/fr.ac6.mcu.externaltools.arm-none.linux64_1.16.0.201807130628/tools/compiler/bin/../lib/gcc/arm-none-eabi/7.2.1/../../../../arm-none-eabi/lib/thumb/v7e-m/fpv5/hard/libnosys.a(fstat.o)
 .ARM.attributes
                0x0000000000000c0c       0x32 /home/kbisland/Ac6/SystemWorkbench/plugins/fr.ac6.mcu.externaltools.arm-none.linux64_1.16.0.201807130628/tools/compiler/bin/../lib/gcc/arm-none-eabi/7.2.1/../../../../arm-none-eabi/lib/thumb/v7e-m/fpv5/hard/libnosys.a(isatty.o)
 .ARM.attributes